10:43:49 **** Build of configuration Debug for project DWM1004C_GCC ****
make all 
arm-none-eabi-gcc -mcpu=cortex-m0plus -g3 -c -x assembler-with-cpp -MMD -MP -MF"startup/startup_stm32l041xx.d" -MT"startup/startup_stm32l041xx.o" --specs=nano.specs -mfloat-abi=soft -mthumb -o "startup/startup_stm32l041xx.o" "../startup/startup_stm32l041xx.s"
arm-none-eabi-gcc "../Src/utils/translate.c" -mcpu=cortex-m0plus -std=gnu11 -g3 -DUSE_FULL_LL_DRIVER -DHSE_VALUE=8000000 -DHSE_STARTUP_TIMEOUT=100 -DLSE_STARTUP_TIMEOUT=5000 -DLSE_VALUE=32768 -DMSI_VALUE=131072 -DHSI_VALUE=16000000 -DLSI_VALUE=37000 -DVDD_VALUE=3300 -DPREFETCH_ENABLE=0 -DINSTRUCTION_CACHE_ENABLE=1 -DDATA_CACHE_ENABLE=1 '-D__weak=__attribute__((weak))' '-D__packed=__attribute__((__packed__))' -DSTM32L041xx -c -I../Inc -I../Src -I../Src/instance -I../Src/mems -I../Src/Port -I../Src/utils -I../Src/cmd -I../Src/config -I../Drivers/deca_driver -I../Drivers/STM32L0xx_HAL_Driver/Inc -I../Drivers/CMSIS/Device/ST/STM32L0xx/Include -I../Drivers/CMSIS/Include -Og -ffunction-sections -Wall -fstack-usage -fcyclomatic-complexity -MMD -MP -MF"Src/utils/translate.d" -MT"Src/utils/translate.o" --specs=nano.specs -mfloat-abi=soft -mthumb -o "Src/utils/translate.o"
arm-none-eabi-gcc "../Src/mems/lis3dh.c" -mcpu=cortex-m0plus -std=gnu11 -g3 -DUSE_FULL_LL_DRIVER -DHSE_VALUE=8000000 -DHSE_STARTUP_TIMEOUT=100 -DLSE_STARTUP_TIMEOUT=5000 -DLSE_VALUE=32768 -DMSI_VALUE=131072 -DHSI_VALUE=16000000 -DLSI_VALUE=37000 -DVDD_VALUE=3300 -DPREFETCH_ENABLE=0 -DINSTRUCTION_CACHE_ENABLE=1 -DDATA_CACHE_ENABLE=1 '-D__weak=__attribute__((weak))' '-D__packed=__attribute__((__packed__))' -DSTM32L041xx -c -I../Inc -I../Src -I../Src/instance -I../Src/mems -I../Src/Port -I../Src/utils -I../Src/cmd -I../Src/config -I../Drivers/deca_driver -I../Drivers/STM32L0xx_HAL_Driver/Inc -I../Drivers/CMSIS/Device/ST/STM32L0xx/Include -I../Drivers/CMSIS/Include -Og -ffunction-sections -Wall -fstack-usage -fcyclomatic-complexity -MMD -MP -MF"Src/mems/lis3dh.d" -MT"Src/mems/lis3dh.o" --specs=nano.specs -mfloat-abi=soft -mthumb -o "Src/mems/lis3dh.o"
arm-none-eabi-gcc "../Src/instance/instance.c" -mcpu=cortex-m0plus -std=gnu11 -g3 -DUSE_FULL_LL_DRIVER -DHSE_VALUE=8000000 -DHSE_STARTUP_TIMEOUT=100 -DLSE_STARTUP_TIMEOUT=5000 -DLSE_VALUE=32768 -DMSI_VALUE=131072 -DHSI_VALUE=16000000 -DLSI_VALUE=37000 -DVDD_VALUE=3300 -DPREFETCH_ENABLE=0 -DINSTRUCTION_CACHE_ENABLE=1 -DDATA_CACHE_ENABLE=1 '-D__weak=__attribute__((weak))' '-D__packed=__attribute__((__packed__))' -DSTM32L041xx -c -I../Inc -I../Src -I../Src/instance -I../Src/mems -I../Src/Port -I../Src/utils -I../Src/cmd -I../Src/config -I../Drivers/deca_driver -I../Drivers/STM32L0xx_HAL_Driver/Inc -I../Drivers/CMSIS/Device/ST/STM32L0xx/Include -I../Drivers/CMSIS/Include -Og -ffunction-sections -Wall -fstack-usage -fcyclomatic-complexity -MMD -MP -MF"Src/instance/instance.d" -MT"Src/instance/instance.o" --specs=nano.specs -mfloat-abi=soft -mthumb -o "Src/instance/instance.o"
arm-none-eabi-gcc "../Src/config/config.c" -mcpu=cortex-m0plus -std=gnu11 -g3 -DUSE_FULL_LL_DRIVER -DHSE_VALUE=8000000 -DHSE_STARTUP_TIMEOUT=100 -DLSE_STARTUP_TIMEOUT=5000 -DLSE_VALUE=32768 -DMSI_VALUE=131072 -DHSI_VALUE=16000000 -DLSI_VALUE=37000 -DVDD_VALUE=3300 -DPREFETCH_ENABLE=0 -DINSTRUCTION_CACHE_ENABLE=1 -DDATA_CACHE_ENABLE=1 '-D__weak=__attribute__((weak))' '-D__packed=__attribute__((__packed__))' -DSTM32L041xx -c -I../Inc -I../Src -I../Src/instance -I../Src/mems -I../Src/Port -I../Src/utils -I../Src/cmd -I../Src/config -I../Drivers/deca_driver -I../Drivers/STM32L0xx_HAL_Driver/Inc -I../Drivers/CMSIS/Device/ST/STM32L0xx/Include -I../Drivers/CMSIS/Include -Og -ffunction-sections -Wall -fstack-usage -fcyclomatic-complexity -MMD -MP -MF"Src/config/config.d" -MT"Src/config/config.o" --specs=nano.specs -mfloat-abi=soft -mthumb -o "Src/config/config.o"
arm-none-eabi-gcc "../Src/cmd/cmd.c" -mcpu=cortex-m0plus -std=gnu11 -g3 -DUSE_FULL_LL_DRIVER -DHSE_VALUE=8000000 -DHSE_STARTUP_TIMEOUT=100 -DLSE_STARTUP_TIMEOUT=5000 -DLSE_VALUE=32768 -DMSI_VALUE=131072 -DHSI_VALUE=16000000 -DLSI_VALUE=37000 -DVDD_VALUE=3300 -DPREFETCH_ENABLE=0 -DINSTRUCTION_CACHE_ENABLE=1 -DDATA_CACHE_ENABLE=1 '-D__weak=__attribute__((weak))' '-D__packed=__attribute__((__packed__))' -DSTM32L041xx -c -I../Inc -I../Src -I../Src/instance -I../Src/mems -I../Src/Port -I../Src/utils -I../Src/cmd -I../Src/config -I../Drivers/deca_driver -I../Drivers/STM32L0xx_HAL_Driver/Inc -I../Drivers/CMSIS/Device/ST/STM32L0xx/Include -I../Drivers/CMSIS/Include -Og -ffunction-sections -Wall -fstack-usage -fcyclomatic-complexity -MMD -MP -MF"Src/cmd/cmd.d" -MT"Src/cmd/cmd.o" --specs=nano.specs -mfloat-abi=soft -mthumb -o "Src/cmd/cmd.o"
arm-none-eabi-gcc "../Src/cmd/cmd_fn.c" -mcpu=cortex-m0plus -std=gnu11 -g3 -DUSE_FULL_LL_DRIVER -DHSE_VALUE=8000000 -DHSE_STARTUP_TIMEOUT=100 -DLSE_STARTUP_TIMEOUT=5000 -DLSE_VALUE=32768 -DMSI_VALUE=131072 -DHSI_VALUE=16000000 -DLSI_VALUE=37000 -DVDD_VALUE=3300 -DPREFETCH_ENABLE=0 -DINSTRUCTION_CACHE_ENABLE=1 -DDATA_CACHE_ENABLE=1 '-D__weak=__attribute__((weak))' '-D__packed=__attribute__((__packed__))' -DSTM32L041xx -c -I../Inc -I../Src -I../Src/instance -I../Src/mems -I../Src/Port -I../Src/utils -I../Src/cmd -I../Src/config -I../Drivers/deca_driver -I../Drivers/STM32L0xx_HAL_Driver/Inc -I../Drivers/CMSIS/Device/ST/STM32L0xx/Include -I../Drivers/CMSIS/Include -Og -ffunction-sections -Wall -fstack-usage -fcyclomatic-complexity -MMD -MP -MF"Src/cmd/cmd_fn.d" -MT"Src/cmd/cmd_fn.o" --specs=nano.specs -mfloat-abi=soft -mthumb -o "Src/cmd/cmd_fn.o"
../Src/cmd/cmd_fn.c: In function 'f_tagID':
../Src/cmd/cmd_fn.c:144:5: warning: 'tmp' is used uninitialized [-Wuninitialized]
  144 |     sprintf("TAGID %s", tmp);
      |     ^~~~~~~~~~~~~~~~~~~~~~~~
In file included from ../Src/cmd/cmd_fn.c:13:
C:\ST\STM32CubeIDE_1.12.1\STM32CubeIDE\plugins\com.st.stm32cube.ide.mcu.externaltools.gnu-tools-for-stm32.11.3.rel1.win32_1.1.1.202309131626\tools\bin/../lib/gcc/arm-none-eabi/11.3.1/../../../../arm-none-eabi/include/stdio.h:254:9: note: by argument 2 of type 'const char * restrict' to 'sprintf' declared here
  254 | int     sprintf (char *__restrict, const char *__restrict, ...)
      |         ^~~~~~~
../Src/cmd/cmd_fn.c:143:10: note: 'tmp' declared here
  143 |     char tmp[16];
      |          ^~~
arm-none-eabi-gcc "../Src/cmd/cmd_uart_rx.c" -mcpu=cortex-m0plus -std=gnu11 -g3 -DUSE_FULL_LL_DRIVER -DHSE_VALUE=8000000 -DHSE_STARTUP_TIMEOUT=100 -DLSE_STARTUP_TIMEOUT=5000 -DLSE_VALUE=32768 -DMSI_VALUE=131072 -DHSI_VALUE=16000000 -DLSI_VALUE=37000 -DVDD_VALUE=3300 -DPREFETCH_ENABLE=0 -DINSTRUCTION_CACHE_ENABLE=1 -DDATA_CACHE_ENABLE=1 '-D__weak=__attribute__((weak))' '-D__packed=__attribute__((__packed__))' -DSTM32L041xx -c -I../Inc -I../Src -I../Src/instance -I../Src/mems -I../Src/Port -I../Src/utils -I../Src/cmd -I../Src/config -I../Drivers/deca_driver -I../Drivers/STM32L0xx_HAL_Driver/Inc -I../Drivers/CMSIS/Device/ST/STM32L0xx/Include -I../Drivers/CMSIS/Include -Og -ffunction-sections -Wall -fstack-usage -fcyclomatic-complexity -MMD -MP -MF"Src/cmd/cmd_uart_rx.d" -MT"Src/cmd/cmd_uart_rx.o" --specs=nano.specs -mfloat-abi=soft -mthumb -o "Src/cmd/cmd_uart_rx.o"
arm-none-eabi-gcc "../Src/Port/deca_sleep.c" -mcpu=cortex-m0plus -std=gnu11 -g3 -DUSE_FULL_LL_DRIVER -DHSE_VALUE=8000000 -DHSE_STARTUP_TIMEOUT=100 -DLSE_STARTUP_TIMEOUT=5000 -DLSE_VALUE=32768 -DMSI_VALUE=131072 -DHSI_VALUE=16000000 -DLSI_VALUE=37000 -DVDD_VALUE=3300 -DPREFETCH_ENABLE=0 -DINSTRUCTION_CACHE_ENABLE=1 -DDATA_CACHE_ENABLE=1 '-D__weak=__attribute__((weak))' '-D__packed=__attribute__((__packed__))' -DSTM32L041xx -c -I../Inc -I../Src -I../Src/instance -I../Src/mems -I../Src/Port -I../Src/utils -I../Src/cmd -I../Src/config -I../Drivers/deca_driver -I../Drivers/STM32L0xx_HAL_Driver/Inc -I../Drivers/CMSIS/Device/ST/STM32L0xx/Include -I../Drivers/CMSIS/Include -Og -ffunction-sections -Wall -fstack-usage -fcyclomatic-complexity -MMD -MP -MF"Src/Port/deca_sleep.d" -MT"Src/Port/deca_sleep.o" --specs=nano.specs -mfloat-abi=soft -mthumb -o "Src/Port/deca_sleep.o"
arm-none-eabi-gcc "../Src/Port/deca_spi.c" -mcpu=cortex-m0plus -std=gnu11 -g3 -DUSE_FULL_LL_DRIVER -DHSE_VALUE=8000000 -DHSE_STARTUP_TIMEOUT=100 -DLSE_STARTUP_TIMEOUT=5000 -DLSE_VALUE=32768 -DMSI_VALUE=131072 -DHSI_VALUE=16000000 -DLSI_VALUE=37000 -DVDD_VALUE=3300 -DPREFETCH_ENABLE=0 -DINSTRUCTION_CACHE_ENABLE=1 -DDATA_CACHE_ENABLE=1 '-D__weak=__attribute__((weak))' '-D__packed=__attribute__((__packed__))' -DSTM32L041xx -c -I../Inc -I../Src -I../Src/instance -I../Src/mems -I../Src/Port -I../Src/utils -I../Src/cmd -I../Src/config -I../Drivers/deca_driver -I../Drivers/STM32L0xx_HAL_Driver/Inc -I../Drivers/CMSIS/Device/ST/STM32L0xx/Include -I../Drivers/CMSIS/Include -Og -ffunction-sections -Wall -fstack-usage -fcyclomatic-complexity -MMD -MP -MF"Src/Port/deca_spi.d" -MT"Src/Port/deca_spi.o" --specs=nano.specs -mfloat-abi=soft -mthumb -o "Src/Port/deca_spi.o"
arm-none-eabi-gcc "../Src/Port/deca_uart.c" -mcpu=cortex-m0plus -std=gnu11 -g3 -DUSE_FULL_LL_DRIVER -DHSE_VALUE=8000000 -DHSE_STARTUP_TIMEOUT=100 -DLSE_STARTUP_TIMEOUT=5000 -DLSE_VALUE=32768 -DMSI_VALUE=131072 -DHSI_VALUE=16000000 -DLSI_VALUE=37000 -DVDD_VALUE=3300 -DPREFETCH_ENABLE=0 -DINSTRUCTION_CACHE_ENABLE=1 -DDATA_CACHE_ENABLE=1 '-D__weak=__attribute__((weak))' '-D__packed=__attribute__((__packed__))' -DSTM32L041xx -c -I../Inc -I../Src -I../Src/instance -I../Src/mems -I../Src/Port -I../Src/utils -I../Src/cmd -I../Src/config -I../Drivers/deca_driver -I../Drivers/STM32L0xx_HAL_Driver/Inc -I../Drivers/CMSIS/Device/ST/STM32L0xx/Include -I../Drivers/CMSIS/Include -Og -ffunction-sections -Wall -fstack-usage -fcyclomatic-complexity -MMD -MP -MF"Src/Port/deca_uart.d" -MT"Src/Port/deca_uart.o" --specs=nano.specs -mfloat-abi=soft -mthumb -o "Src/Port/deca_uart.o"
arm-none-eabi-gcc "../Src/Port/port_platform.c" -mcpu=cortex-m0plus -std=gnu11 -g3 -DUSE_FULL_LL_DRIVER -DHSE_VALUE=8000000 -DHSE_STARTUP_TIMEOUT=100 -DLSE_STARTUP_TIMEOUT=5000 -DLSE_VALUE=32768 -DMSI_VALUE=131072 -DHSI_VALUE=16000000 -DLSI_VALUE=37000 -DVDD_VALUE=3300 -DPREFETCH_ENABLE=0 -DINSTRUCTION_CACHE_ENABLE=1 -DDATA_CACHE_ENABLE=1 '-D__weak=__attribute__((weak))' '-D__packed=__attribute__((__packed__))' -DSTM32L041xx -c -I../Inc -I../Src -I../Src/instance -I../Src/mems -I../Src/Port -I../Src/utils -I../Src/cmd -I../Src/config -I../Drivers/deca_driver -I../Drivers/STM32L0xx_HAL_Driver/Inc -I../Drivers/CMSIS/Device/ST/STM32L0xx/Include -I../Drivers/CMSIS/Include -Og -ffunction-sections -Wall -fstack-usage -fcyclomatic-complexity -MMD -MP -MF"Src/Port/port_platform.d" -MT"Src/Port/port_platform.o" --specs=nano.specs -mfloat-abi=soft -mthumb -o "Src/Port/port_platform.o"
arm-none-eabi-gcc "../Src/main.c" -mcpu=cortex-m0plus -std=gnu11 -g3 -DUSE_FULL_LL_DRIVER -DHSE_VALUE=8000000 -DHSE_STARTUP_TIMEOUT=100 -DLSE_STARTUP_TIMEOUT=5000 -DLSE_VALUE=32768 -DMSI_VALUE=131072 -DHSI_VALUE=16000000 -DLSI_VALUE=37000 -DVDD_VALUE=3300 -DPREFETCH_ENABLE=0 -DINSTRUCTION_CACHE_ENABLE=1 -DDATA_CACHE_ENABLE=1 '-D__weak=__attribute__((weak))' '-D__packed=__attribute__((__packed__))' -DSTM32L041xx -c -I../Inc -I../Src -I../Src/instance -I../Src/mems -I../Src/Port -I../Src/utils -I../Src/cmd -I../Src/config -I../Drivers/deca_driver -I../Drivers/STM32L0xx_HAL_Driver/Inc -I../Drivers/CMSIS/Device/ST/STM32L0xx/Include -I../Drivers/CMSIS/Include -Og -ffunction-sections -Wall -fstack-usage -fcyclomatic-complexity -MMD -MP -MF"Src/main.d" -MT"Src/main.o" --specs=nano.specs -mfloat-abi=soft -mthumb -o "Src/main.o"
arm-none-eabi-gcc "../Src/stm32l0xx_it.c" -mcpu=cortex-m0plus -std=gnu11 -g3 -DUSE_FULL_LL_DRIVER -DHSE_VALUE=8000000 -DHSE_STARTUP_TIMEOUT=100 -DLSE_STARTUP_TIMEOUT=5000 -DLSE_VALUE=32768 -DMSI_VALUE=131072 -DHSI_VALUE=16000000 -DLSI_VALUE=37000 -DVDD_VALUE=3300 -DPREFETCH_ENABLE=0 -DINSTRUCTION_CACHE_ENABLE=1 -DDATA_CACHE_ENABLE=1 '-D__weak=__attribute__((weak))' '-D__packed=__attribute__((__packed__))' -DSTM32L041xx -c -I../Inc -I../Src -I../Src/instance -I../Src/mems -I../Src/Port -I../Src/utils -I../Src/cmd -I../Src/config -I../Drivers/deca_driver -I../Drivers/STM32L0xx_HAL_Driver/Inc -I../Drivers/CMSIS/Device/ST/STM32L0xx/Include -I../Drivers/CMSIS/Include -Og -ffunction-sections -Wall -fstack-usage -fcyclomatic-complexity -MMD -MP -MF"Src/stm32l0xx_it.d" -MT"Src/stm32l0xx_it.o" --specs=nano.specs -mfloat-abi=soft -mthumb -o "Src/stm32l0xx_it.o"
arm-none-eabi-gcc "../Src/system_stm32l0xx.c" -mcpu=cortex-m0plus -std=gnu11 -g3 -DUSE_FULL_LL_DRIVER -DHSE_VALUE=8000000 -DHSE_STARTUP_TIMEOUT=100 -DLSE_STARTUP_TIMEOUT=5000 -DLSE_VALUE=32768 -DMSI_VALUE=131072 -DHSI_VALUE=16000000 -DLSI_VALUE=37000 -DVDD_VALUE=3300 -DPREFETCH_ENABLE=0 -DINSTRUCTION_CACHE_ENABLE=1 -DDATA_CACHE_ENABLE=1 '-D__weak=__attribute__((weak))' '-D__packed=__attribute__((__packed__))' -DSTM32L041xx -c -I../Inc -I../Src -I../Src/instance -I../Src/mems -I../Src/Port -I../Src/utils -I../Src/cmd -I../Src/config -I../Drivers/deca_driver -I../Drivers/STM32L0xx_HAL_Driver/Inc -I../Drivers/CMSIS/Device/ST/STM32L0xx/Include -I../Drivers/CMSIS/Include -Og -ffunction-sections -Wall -fstack-usage -fcyclomatic-complexity -MMD -MP -MF"Src/system_stm32l0xx.d" -MT"Src/system_stm32l0xx.o" --specs=nano.specs -mfloat-abi=soft -mthumb -o "Src/system_stm32l0xx.o"
arm-none-eabi-gcc "../Drivers/deca_driver/deca_device.c" -mcpu=cortex-m0plus -std=gnu11 -g3 -DUSE_FULL_LL_DRIVER -DHSE_VALUE=8000000 -DHSE_STARTUP_TIMEOUT=100 -DLSE_STARTUP_TIMEOUT=5000 -DLSE_VALUE=32768 -DMSI_VALUE=131072 -DHSI_VALUE=16000000 -DLSI_VALUE=37000 -DVDD_VALUE=3300 -DPREFETCH_ENABLE=0 -DINSTRUCTION_CACHE_ENABLE=1 -DDATA_CACHE_ENABLE=1 '-D__weak=__attribute__((weak))' '-D__packed=__attribute__((__packed__))' -DSTM32L041xx -c -I../Inc -I../Src -I../Src/instance -I../Src/mems -I../Src/Port -I../Src/utils -I../Src/cmd -I../Src/config -I../Drivers/deca_driver -I../Drivers/STM32L0xx_HAL_Driver/Inc -I../Drivers/CMSIS/Device/ST/STM32L0xx/Include -I../Drivers/CMSIS/Include -Og -ffunction-sections -Wall -fstack-usage -fcyclomatic-complexity -MMD -MP -MF"Drivers/deca_driver/deca_device.d" -MT"Drivers/deca_driver/deca_device.o" --specs=nano.specs -mfloat-abi=soft -mthumb -o "Drivers/deca_driver/deca_device.o"
arm-none-eabi-gcc "../Drivers/deca_driver/deca_params_init.c" -mcpu=cortex-m0plus -std=gnu11 -g3 -DUSE_FULL_LL_DRIVER -DHSE_VALUE=8000000 -DHSE_STARTUP_TIMEOUT=100 -DLSE_STARTUP_TIMEOUT=5000 -DLSE_VALUE=32768 -DMSI_VALUE=131072 -DHSI_VALUE=16000000 -DLSI_VALUE=37000 -DVDD_VALUE=3300 -DPREFETCH_ENABLE=0 -DINSTRUCTION_CACHE_ENABLE=1 -DDATA_CACHE_ENABLE=1 '-D__weak=__attribute__((weak))' '-D__packed=__attribute__((__packed__))' -DSTM32L041xx -c -I../Inc -I../Src -I../Src/instance -I../Src/mems -I../Src/Port -I../Src/utils -I../Src/cmd -I../Src/config -I../Drivers/deca_driver -I../Drivers/STM32L0xx_HAL_Driver/Inc -I../Drivers/CMSIS/Device/ST/STM32L0xx/Include -I../Drivers/CMSIS/Include -Og -ffunction-sections -Wall -fstack-usage -fcyclomatic-complexity -MMD -MP -MF"Drivers/deca_driver/deca_params_init.d" -MT"Drivers/deca_driver/deca_params_init.o" --specs=nano.specs -mfloat-abi=soft -mthumb -o "Drivers/deca_driver/deca_params_init.o"
arm-none-eabi-gcc "../Drivers/STM32L0xx_HAL_Driver/Src/stm32l0xx_ll_crc.c" -mcpu=cortex-m0plus -std=gnu11 -g3 -DUSE_FULL_LL_DRIVER -DHSE_VALUE=8000000 -DHSE_STARTUP_TIMEOUT=100 -DLSE_STARTUP_TIMEOUT=5000 -DLSE_VALUE=32768 -DMSI_VALUE=131072 -DHSI_VALUE=16000000 -DLSI_VALUE=37000 -DVDD_VALUE=3300 -DPREFETCH_ENABLE=0 -DINSTRUCTION_CACHE_ENABLE=1 -DDATA_CACHE_ENABLE=1 '-D__weak=__attribute__((weak))' '-D__packed=__attribute__((__packed__))' -DSTM32L041xx -c -I../Inc -I../Src -I../Src/instance -I../Src/mems -I../Src/Port -I../Src/utils -I../Src/cmd -I../Src/config -I../Drivers/deca_driver -I../Drivers/STM32L0xx_HAL_Driver/Inc -I../Drivers/CMSIS/Device/ST/STM32L0xx/Include -I../Drivers/CMSIS/Include -Og -ffunction-sections -Wall -fstack-usage -fcyclomatic-complexity -MMD -MP -MF"Drivers/STM32L0xx_HAL_Driver/Src/stm32l0xx_ll_crc.d" -MT"Drivers/STM32L0xx_HAL_Driver/Src/stm32l0xx_ll_crc.o" --specs=nano.specs -mfloat-abi=soft -mthumb -o "Drivers/STM32L0xx_HAL_Driver/Src/stm32l0xx_ll_crc.o"
arm-none-eabi-gcc "../Drivers/STM32L0xx_HAL_Driver/Src/stm32l0xx_ll_dma.c" -mcpu=cortex-m0plus -std=gnu11 -g3 -DUSE_FULL_LL_DRIVER -DHSE_VALUE=8000000 -DHSE_STARTUP_TIMEOUT=100 -DLSE_STARTUP_TIMEOUT=5000 -DLSE_VALUE=32768 -DMSI_VALUE=131072 -DHSI_VALUE=16000000 -DLSI_VALUE=37000 -DVDD_VALUE=3300 -DPREFETCH_ENABLE=0 -DINSTRUCTION_CACHE_ENABLE=1 -DDATA_CACHE_ENABLE=1 '-D__weak=__attribute__((weak))' '-D__packed=__attribute__((__packed__))' -DSTM32L041xx -c -I../Inc -I../Src -I../Src/instance -I../Src/mems -I../Src/Port -I../Src/utils -I../Src/cmd -I../Src/config -I../Drivers/deca_driver -I../Drivers/STM32L0xx_HAL_Driver/Inc -I../Drivers/CMSIS/Device/ST/STM32L0xx/Include -I../Drivers/CMSIS/Include -Og -ffunction-sections -Wall -fstack-usage -fcyclomatic-complexity -MMD -MP -MF"Drivers/STM32L0xx_HAL_Driver/Src/stm32l0xx_ll_dma.d" -MT"Drivers/STM32L0xx_HAL_Driver/Src/stm32l0xx_ll_dma.o" --specs=nano.specs -mfloat-abi=soft -mthumb -o "Drivers/STM32L0xx_HAL_Driver/Src/stm32l0xx_ll_dma.o"
arm-none-eabi-gcc "../Drivers/STM32L0xx_HAL_Driver/Src/stm32l0xx_ll_exti.c" -mcpu=cortex-m0plus -std=gnu11 -g3 -DUSE_FULL_LL_DRIVER -DHSE_VALUE=8000000 -DHSE_STARTUP_TIMEOUT=100 -DLSE_STARTUP_TIMEOUT=5000 -DLSE_VALUE=32768 -DMSI_VALUE=131072 -DHSI_VALUE=16000000 -DLSI_VALUE=37000 -DVDD_VALUE=3300 -DPREFETCH_ENABLE=0 -DINSTRUCTION_CACHE_ENABLE=1 -DDATA_CACHE_ENABLE=1 '-D__weak=__attribute__((weak))' '-D__packed=__attribute__((__packed__))' -DSTM32L041xx -c -I../Inc -I../Src -I../Src/instance -I../Src/mems -I../Src/Port -I../Src/utils -I../Src/cmd -I../Src/config -I../Drivers/deca_driver -I../Drivers/STM32L0xx_HAL_Driver/Inc -I../Drivers/CMSIS/Device/ST/STM32L0xx/Include -I../Drivers/CMSIS/Include -Og -ffunction-sections -Wall -fstack-usage -fcyclomatic-complexity -MMD -MP -MF"Drivers/STM32L0xx_HAL_Driver/Src/stm32l0xx_ll_exti.d" -MT"Drivers/STM32L0xx_HAL_Driver/Src/stm32l0xx_ll_exti.o" --specs=nano.specs -mfloat-abi=soft -mthumb -o "Drivers/STM32L0xx_HAL_Driver/Src/stm32l0xx_ll_exti.o"
arm-none-eabi-gcc "../Drivers/STM32L0xx_HAL_Driver/Src/stm32l0xx_ll_gpio.c" -mcpu=cortex-m0plus -std=gnu11 -g3 -DUSE_FULL_LL_DRIVER -DHSE_VALUE=8000000 -DHSE_STARTUP_TIMEOUT=100 -DLSE_STARTUP_TIMEOUT=5000 -DLSE_VALUE=32768 -DMSI_VALUE=131072 -DHSI_VALUE=16000000 -DLSI_VALUE=37000 -DVDD_VALUE=3300 -DPREFETCH_ENABLE=0 -DINSTRUCTION_CACHE_ENABLE=1 -DDATA_CACHE_ENABLE=1 '-D__weak=__attribute__((weak))' '-D__packed=__attribute__((__packed__))' -DSTM32L041xx -c -I../Inc -I../Src -I../Src/instance -I../Src/mems -I../Src/Port -I../Src/utils -I../Src/cmd -I../Src/config -I../Drivers/deca_driver -I../Drivers/STM32L0xx_HAL_Driver/Inc -I../Drivers/CMSIS/Device/ST/STM32L0xx/Include -I../Drivers/CMSIS/Include -Og -ffunction-sections -Wall -fstack-usage -fcyclomatic-complexity -MMD -MP -MF"Drivers/STM32L0xx_HAL_Driver/Src/stm32l0xx_ll_gpio.d" -MT"Drivers/STM32L0xx_HAL_Driver/Src/stm32l0xx_ll_gpio.o" --specs=nano.specs -mfloat-abi=soft -mthumb -o "Drivers/STM32L0xx_HAL_Driver/Src/stm32l0xx_ll_gpio.o"
arm-none-eabi-gcc "../Drivers/STM32L0xx_HAL_Driver/Src/stm32l0xx_ll_i2c.c" -mcpu=cortex-m0plus -std=gnu11 -g3 -DUSE_FULL_LL_DRIVER -DHSE_VALUE=8000000 -DHSE_STARTUP_TIMEOUT=100 -DLSE_STARTUP_TIMEOUT=5000 -DLSE_VALUE=32768 -DMSI_VALUE=131072 -DHSI_VALUE=16000000 -DLSI_VALUE=37000 -DVDD_VALUE=3300 -DPREFETCH_ENABLE=0 -DINSTRUCTION_CACHE_ENABLE=1 -DDATA_CACHE_ENABLE=1 '-D__weak=__attribute__((weak))' '-D__packed=__attribute__((__packed__))' -DSTM32L041xx -c -I../Inc -I../Src -I../Src/instance -I../Src/mems -I../Src/Port -I../Src/utils -I../Src/cmd -I../Src/config -I../Drivers/deca_driver -I../Drivers/STM32L0xx_HAL_Driver/Inc -I../Drivers/CMSIS/Device/ST/STM32L0xx/Include -I../Drivers/CMSIS/Include -Og -ffunction-sections -Wall -fstack-usage -fcyclomatic-complexity -MMD -MP -MF"Drivers/STM32L0xx_HAL_Driver/Src/stm32l0xx_ll_i2c.d" -MT"Drivers/STM32L0xx_HAL_Driver/Src/stm32l0xx_ll_i2c.o" --specs=nano.specs -mfloat-abi=soft -mthumb -o "Drivers/STM32L0xx_HAL_Driver/Src/stm32l0xx_ll_i2c.o"
arm-none-eabi-gcc "../Drivers/STM32L0xx_HAL_Driver/Src/stm32l0xx_ll_pwr.c" -mcpu=cortex-m0plus -std=gnu11 -g3 -DUSE_FULL_LL_DRIVER -DHSE_VALUE=8000000 -DHSE_STARTUP_TIMEOUT=100 -DLSE_STARTUP_TIMEOUT=5000 -DLSE_VALUE=32768 -DMSI_VALUE=131072 -DHSI_VALUE=16000000 -DLSI_VALUE=37000 -DVDD_VALUE=3300 -DPREFETCH_ENABLE=0 -DINSTRUCTION_CACHE_ENABLE=1 -DDATA_CACHE_ENABLE=1 '-D__weak=__attribute__((weak))' '-D__packed=__attribute__((__packed__))' -DSTM32L041xx -c -I../Inc -I../Src -I../Src/instance -I../Src/mems -I../Src/Port -I../Src/utils -I../Src/cmd -I../Src/config -I../Drivers/deca_driver -I../Drivers/STM32L0xx_HAL_Driver/Inc -I../Drivers/CMSIS/Device/ST/STM32L0xx/Include -I../Drivers/CMSIS/Include -Og -ffunction-sections -Wall -fstack-usage -fcyclomatic-complexity -MMD -MP -MF"Drivers/STM32L0xx_HAL_Driver/Src/stm32l0xx_ll_pwr.d" -MT"Drivers/STM32L0xx_HAL_Driver/Src/stm32l0xx_ll_pwr.o" --specs=nano.specs -mfloat-abi=soft -mthumb -o "Drivers/STM32L0xx_HAL_Driver/Src/stm32l0xx_ll_pwr.o"
arm-none-eabi-gcc "../Drivers/STM32L0xx_HAL_Driver/Src/stm32l0xx_ll_rcc.c" -mcpu=cortex-m0plus -std=gnu11 -g3 -DUSE_FULL_LL_DRIVER -DHSE_VALUE=8000000 -DHSE_STARTUP_TIMEOUT=100 -DLSE_STARTUP_TIMEOUT=5000 -DLSE_VALUE=32768 -DMSI_VALUE=131072 -DHSI_VALUE=16000000 -DLSI_VALUE=37000 -DVDD_VALUE=3300 -DPREFETCH_ENABLE=0 -DINSTRUCTION_CACHE_ENABLE=1 -DDATA_CACHE_ENABLE=1 '-D__weak=__attribute__((weak))' '-D__packed=__attribute__((__packed__))' -DSTM32L041xx -c -I../Inc -I../Src -I../Src/instance -I../Src/mems -I../Src/Port -I../Src/utils -I../Src/cmd -I../Src/config -I../Drivers/deca_driver -I../Drivers/STM32L0xx_HAL_Driver/Inc -I../Drivers/CMSIS/Device/ST/STM32L0xx/Include -I../Drivers/CMSIS/Include -Og -ffunction-sections -Wall -fstack-usage -fcyclomatic-complexity -MMD -MP -MF"Drivers/STM32L0xx_HAL_Driver/Src/stm32l0xx_ll_rcc.d" -MT"Drivers/STM32L0xx_HAL_Driver/Src/stm32l0xx_ll_rcc.o" --specs=nano.specs -mfloat-abi=soft -mthumb -o "Drivers/STM32L0xx_HAL_Driver/Src/stm32l0xx_ll_rcc.o"
arm-none-eabi-gcc "../Drivers/STM32L0xx_HAL_Driver/Src/stm32l0xx_ll_rtc.c" -mcpu=cortex-m0plus -std=gnu11 -g3 -DUSE_FULL_LL_DRIVER -DHSE_VALUE=8000000 -DHSE_STARTUP_TIMEOUT=100 -DLSE_STARTUP_TIMEOUT=5000 -DLSE_VALUE=32768 -DMSI_VALUE=131072 -DHSI_VALUE=16000000 -DLSI_VALUE=37000 -DVDD_VALUE=3300 -DPREFETCH_ENABLE=0 -DINSTRUCTION_CACHE_ENABLE=1 -DDATA_CACHE_ENABLE=1 '-D__weak=__attribute__((weak))' '-D__packed=__attribute__((__packed__))' -DSTM32L041xx -c -I../Inc -I../Src -I../Src/instance -I../Src/mems -I../Src/Port -I../Src/utils -I../Src/cmd -I../Src/config -I../Drivers/deca_driver -I../Drivers/STM32L0xx_HAL_Driver/Inc -I../Drivers/CMSIS/Device/ST/STM32L0xx/Include -I../Drivers/CMSIS/Include -Og -ffunction-sections -Wall -fstack-usage -fcyclomatic-complexity -MMD -MP -MF"Drivers/STM32L0xx_HAL_Driver/Src/stm32l0xx_ll_rtc.d" -MT"Drivers/STM32L0xx_HAL_Driver/Src/stm32l0xx_ll_rtc.o" --specs=nano.specs -mfloat-abi=soft -mthumb -o "Drivers/STM32L0xx_HAL_Driver/Src/stm32l0xx_ll_rtc.o"
arm-none-eabi-gcc "../Drivers/STM32L0xx_HAL_Driver/Src/stm32l0xx_ll_spi.c" -mcpu=cortex-m0plus -std=gnu11 -g3 -DUSE_FULL_LL_DRIVER -DHSE_VALUE=8000000 -DHSE_STARTUP_TIMEOUT=100 -DLSE_STARTUP_TIMEOUT=5000 -DLSE_VALUE=32768 -DMSI_VALUE=131072 -DHSI_VALUE=16000000 -DLSI_VALUE=37000 -DVDD_VALUE=3300 -DPREFETCH_ENABLE=0 -DINSTRUCTION_CACHE_ENABLE=1 -DDATA_CACHE_ENABLE=1 '-D__weak=__attribute__((weak))' '-D__packed=__attribute__((__packed__))' -DSTM32L041xx -c -I../Inc -I../Src -I../Src/instance -I../Src/mems -I../Src/Port -I../Src/utils -I../Src/cmd -I../Src/config -I../Drivers/deca_driver -I../Drivers/STM32L0xx_HAL_Driver/Inc -I../Drivers/CMSIS/Device/ST/STM32L0xx/Include -I../Drivers/CMSIS/Include -Og -ffunction-sections -Wall -fstack-usage -fcyclomatic-complexity -MMD -MP -MF"Drivers/STM32L0xx_HAL_Driver/Src/stm32l0xx_ll_spi.d" -MT"Drivers/STM32L0xx_HAL_Driver/Src/stm32l0xx_ll_spi.o" --specs=nano.specs -mfloat-abi=soft -mthumb -o "Drivers/STM32L0xx_HAL_Driver/Src/stm32l0xx_ll_spi.o"
arm-none-eabi-gcc "../Drivers/STM32L0xx_HAL_Driver/Src/stm32l0xx_ll_usart.c" -mcpu=cortex-m0plus -std=gnu11 -g3 -DUSE_FULL_LL_DRIVER -DHSE_VALUE=8000000 -DHSE_STARTUP_TIMEOUT=100 -DLSE_STARTUP_TIMEOUT=5000 -DLSE_VALUE=32768 -DMSI_VALUE=131072 -DHSI_VALUE=16000000 -DLSI_VALUE=37000 -DVDD_VALUE=3300 -DPREFETCH_ENABLE=0 -DINSTRUCTION_CACHE_ENABLE=1 -DDATA_CACHE_ENABLE=1 '-D__weak=__attribute__((weak))' '-D__packed=__attribute__((__packed__))' -DSTM32L041xx -c -I../Inc -I../Src -I../Src/instance -I../Src/mems -I../Src/Port -I../Src/utils -I../Src/cmd -I../Src/config -I../Drivers/deca_driver -I../Drivers/STM32L0xx_HAL_Driver/Inc -I../Drivers/CMSIS/Device/ST/STM32L0xx/Include -I../Drivers/CMSIS/Include -Og -ffunction-sections -Wall -fstack-usage -fcyclomatic-complexity -MMD -MP -MF"Drivers/STM32L0xx_HAL_Driver/Src/stm32l0xx_ll_usart.d" -MT"Drivers/STM32L0xx_HAL_Driver/Src/stm32l0xx_ll_usart.o" --specs=nano.specs -mfloat-abi=soft -mthumb -o "Drivers/STM32L0xx_HAL_Driver/Src/stm32l0xx_ll_usart.o"
arm-none-eabi-gcc "../Drivers/STM32L0xx_HAL_Driver/Src/stm32l0xx_ll_utils.c" -mcpu=cortex-m0plus -std=gnu11 -g3 -DUSE_FULL_LL_DRIVER -DHSE_VALUE=8000000 -DHSE_STARTUP_TIMEOUT=100 -DLSE_STARTUP_TIMEOUT=5000 -DLSE_VALUE=32768 -DMSI_VALUE=131072 -DHSI_VALUE=16000000 -DLSI_VALUE=37000 -DVDD_VALUE=3300 -DPREFETCH_ENABLE=0 -DINSTRUCTION_CACHE_ENABLE=1 -DDATA_CACHE_ENABLE=1 '-D__weak=__attribute__((weak))' '-D__packed=__attribute__((__packed__))' -DSTM32L041xx -c -I../Inc -I../Src -I../Src/instance -I../Src/mems -I../Src/Port -I../Src/utils -I../Src/cmd -I../Src/config -I../Drivers/deca_driver -I../Drivers/STM32L0xx_HAL_Driver/Inc -I../Drivers/CMSIS/Device/ST/STM32L0xx/Include -I../Drivers/CMSIS/Include -Og -ffunction-sections -Wall -fstack-usage -fcyclomatic-complexity -MMD -MP -MF"Drivers/STM32L0xx_HAL_Driver/Src/stm32l0xx_ll_utils.d" -MT"Drivers/STM32L0xx_HAL_Driver/Src/stm32l0xx_ll_utils.o" --specs=nano.specs -mfloat-abi=soft -mthumb -o "Drivers/STM32L0xx_HAL_Driver/Src/stm32l0xx_ll_utils.o"
arm-none-eabi-gcc -o "DWM1004C_GCC.elf" @"objects.list"   -mcpu=cortex-m0plus -T"../STM32L041G6UxS_FLASH.ld" --specs=nosys.specs -Wl,-Map="DWM1004C_GCC.map" -Wl,--gc-sections -static --specs=nano.specs -mfloat-abi=soft -mthumb -Wl,--start-group -lc -lm -Wl,--end-group
C:/ST/STM32CubeIDE_1.12.1/STM32CubeIDE/plugins/com.st.stm32cube.ide.mcu.externaltools.gnu-tools-for-stm32.11.3.rel1.win32_1.1.1.202309131626/tools/bin/../lib/gcc/arm-none-eabi/11.3.1/../../../../arm-none-eabi/bin/ld.exe: C:/ST/STM32CubeIDE_1.12.1/STM32CubeIDE/plugins/com.st.stm32cube.ide.mcu.externaltools.gnu-tools-for-stm32.11.3.rel1.win32_1.1.1.202309131626/tools/bin/../lib/gcc/arm-none-eabi/11.3.1/../../../../arm-none-eabi/lib/thumb/v6-m/nofp\libc_nano.a(libc_a-closer.o): in function `_close_r':
(.text._close_r+0xc): warning: _close is not implemented and will always fail
C:/ST/STM32CubeIDE_1.12.1/STM32CubeIDE/plugins/com.st.stm32cube.ide.mcu.externaltools.gnu-tools-for-stm32.11.3.rel1.win32_1.1.1.202309131626/tools/bin/../lib/gcc/arm-none-eabi/11.3.1/../../../../arm-none-eabi/bin/ld.exe: C:/ST/STM32CubeIDE_1.12.1/STM32CubeIDE/plugins/com.st.stm32cube.ide.mcu.externaltools.gnu-tools-for-stm32.11.3.rel1.win32_1.1.1.202309131626/tools/bin/../lib/gcc/arm-none-eabi/11.3.1/../../../../arm-none-eabi/lib/thumb/v6-m/nofp\libc_nano.a(libc_a-fstatr.o): in function `_fstat_r':
(.text._fstat_r+0xe): warning: _fstat is not implemented and will always fail
C:/ST/STM32CubeIDE_1.12.1/STM32CubeIDE/plugins/com.st.stm32cube.ide.mcu.externaltools.gnu-tools-for-stm32.11.3.rel1.win32_1.1.1.202309131626/tools/bin/../lib/gcc/arm-none-eabi/11.3.1/../../../../arm-none-eabi/bin/ld.exe: C:/ST/STM32CubeIDE_1.12.1/STM32CubeIDE/plugins/com.st.stm32cube.ide.mcu.externaltools.gnu-tools-for-stm32.11.3.rel1.win32_1.1.1.202309131626/tools/bin/../lib/gcc/arm-none-eabi/11.3.1/../../../../arm-none-eabi/lib/thumb/v6-m/nofp\libc_nano.a(libc_a-signalr.o): in function `_getpid_r':
(.text._getpid_r+0x2): warning: _getpid is not implemented and will always fail
C:/ST/STM32CubeIDE_1.12.1/STM32CubeIDE/plugins/com.st.stm32cube.ide.mcu.externaltools.gnu-tools-for-stm32.11.3.rel1.win32_1.1.1.202309131626/tools/bin/../lib/gcc/arm-none-eabi/11.3.1/../../../../arm-none-eabi/bin/ld.exe: C:/ST/STM32CubeIDE_1.12.1/STM32CubeIDE/plugins/com.st.stm32cube.ide.mcu.externaltools.gnu-tools-for-stm32.11.3.rel1.win32_1.1.1.202309131626/tools/bin/../lib/gcc/arm-none-eabi/11.3.1/../../../../arm-none-eabi/lib/thumb/v6-m/nofp\libc_nano.a(libc_a-isattyr.o): in function `_isatty_r':
(.text._isatty_r+0xc): warning: _isatty is not implemented and will always fail
C:/ST/STM32CubeIDE_1.12.1/STM32CubeIDE/plugins/com.st.stm32cube.ide.mcu.externaltools.gnu-tools-for-stm32.11.3.rel1.win32_1.1.1.202309131626/tools/bin/../lib/gcc/arm-none-eabi/11.3.1/../../../../arm-none-eabi/bin/ld.exe: C:/ST/STM32CubeIDE_1.12.1/STM32CubeIDE/plugins/com.st.stm32cube.ide.mcu.externaltools.gnu-tools-for-stm32.11.3.rel1.win32_1.1.1.202309131626/tools/bin/../lib/gcc/arm-none-eabi/11.3.1/../../../../arm-none-eabi/lib/thumb/v6-m/nofp\libc_nano.a(libc_a-signalr.o): in function `_kill_r':
(.text._kill_r+0xe): warning: _kill is not implemented and will always fail
C:/ST/STM32CubeIDE_1.12.1/STM32CubeIDE/plugins/com.st.stm32cube.ide.mcu.externaltools.gnu-tools-for-stm32.11.3.rel1.win32_1.1.1.202309131626/tools/bin/../lib/gcc/arm-none-eabi/11.3.1/../../../../arm-none-eabi/bin/ld.exe: C:/ST/STM32CubeIDE_1.12.1/STM32CubeIDE/plugins/com.st.stm32cube.ide.mcu.externaltools.gnu-tools-for-stm32.11.3.rel1.win32_1.1.1.202309131626/tools/bin/../lib/gcc/arm-none-eabi/11.3.1/../../../../arm-none-eabi/lib/thumb/v6-m/nofp\libc_nano.a(libc_a-lseekr.o): in function `_lseek_r':
(.text._lseek_r+0x10): warning: _lseek is not implemented and will always fail
C:/ST/STM32CubeIDE_1.12.1/STM32CubeIDE/plugins/com.st.stm32cube.ide.mcu.externaltools.gnu-tools-for-stm32.11.3.rel1.win32_1.1.1.202309131626/tools/bin/../lib/gcc/arm-none-eabi/11.3.1/../../../../arm-none-eabi/bin/ld.exe: C:/ST/STM32CubeIDE_1.12.1/STM32CubeIDE/plugins/com.st.stm32cube.ide.mcu.externaltools.gnu-tools-for-stm32.11.3.rel1.win32_1.1.1.202309131626/tools/bin/../lib/gcc/arm-none-eabi/11.3.1/../../../../arm-none-eabi/lib/thumb/v6-m/nofp\libc_nano.a(libc_a-readr.o): in function `_read_r':
(.text._read_r+0x10): warning: _read is not implemented and will always fail
Finished building target: DWM1004C_GCC.elf
 
arm-none-eabi-size   DWM1004C_GCC.elf 
   text	   data	    bss	    dec	    hex	filename
  22457	    404	   2832	  25693	   645d	DWM1004C_GCC.elf
Finished building: default.size.stdout
 
arm-none-eabi-objdump -h -S  DWM1004C_GCC.elf  > "DWM1004C_GCC.list"
Finished building: DWM1004C_GCC.list
 
arm-none-eabi-objcopy  -O ihex  DWM1004C_GCC.elf  "DWM1004C_GCC.hex"
Finished building: DWM1004C_GCC.hex
 

10:44:00 Build Failed. 7 errors, 8 warnings. (took 10s.668ms)

