10:06:43 **** Build of configuration Debug for project DWM1000-twr-responder ****
make -j16 all 
arm-none-eabi-gcc "../Drivers/STM32F4xx_HAL_Driver/Src/stm32f4xx_hal.c" -mcpu=cortex-m4 -std=gnu11 -g3 -DDEBUG -DUSE_HAL_DRIVER -DSTM32F411xE -c -I../Core/Inc -I../Drivers/STM32F4xx_HAL_Driver/Inc -I../Drivers/STM32F4xx_HAL_Driver/Inc/Legacy -I../Drivers/CMSIS/Device/ST/STM32F4xx/Include -I../Drivers/CMSIS/Include -I"C:/Users/HP/Documents/git/STM32/DWM1000-twr-responder/Core/Inc/decadriver" -I"C:/Users/HP/Documents/git/STM32/DWM1000-twr-responder/Core/Inc/platform" -I"C:/Users/HP/Documents/git/STM32/DWM1000-twr-responder/Core/Inc/compiler" -I"C:/Users/HP/Documents/git/STM32/DWM1000-twr-responder/Core/Inc/ssd1306" -O0 -ffunction-sections -fdata-sections -Wall -fstack-usage -fcyclomatic-complexity -MMD -MP -MF"Drivers/STM32F4xx_HAL_Driver/Src/stm32f4xx_hal.d" -MT"Drivers/STM32F4xx_HAL_Driver/Src/stm32f4xx_hal.o" --specs=nano.specs -mfpu=fpv4-sp-d16 -mfloat-abi=hard -mthumb -o "Drivers/STM32F4xx_HAL_Driver/Src/stm32f4xx_hal.o"
arm-none-eabi-gcc "../Drivers/STM32F4xx_HAL_Driver/Src/stm32f4xx_hal_cortex.c" -mcpu=cortex-m4 -std=gnu11 -g3 -DDEBUG -DUSE_HAL_DRIVER -DSTM32F411xE -c -I../Core/Inc -I../Drivers/STM32F4xx_HAL_Driver/Inc -I../Drivers/STM32F4xx_HAL_Driver/Inc/Legacy -I../Drivers/CMSIS/Device/ST/STM32F4xx/Include -I../Drivers/CMSIS/Include -I"C:/Users/HP/Documents/git/STM32/DWM1000-twr-responder/Core/Inc/decadriver" -I"C:/Users/HP/Documents/git/STM32/DWM1000-twr-responder/Core/Inc/platform" -I"C:/Users/HP/Documents/git/STM32/DWM1000-twr-responder/Core/Inc/compiler" -I"C:/Users/HP/Documents/git/STM32/DWM1000-twr-responder/Core/Inc/ssd1306" -O0 -ffunction-sections -fdata-sections -Wall -fstack-usage -fcyclomatic-complexity -MMD -MP -MF"Drivers/STM32F4xx_HAL_Driver/Src/stm32f4xx_hal_cortex.d" -MT"Drivers/STM32F4xx_HAL_Driver/Src/stm32f4xx_hal_cortex.o" --specs=nano.specs -mfpu=fpv4-sp-d16 -mfloat-abi=hard -mthumb -o "Drivers/STM32F4xx_HAL_Driver/Src/stm32f4xx_hal_cortex.o"
arm-none-eabi-gcc "../Drivers/STM32F4xx_HAL_Driver/Src/stm32f4xx_hal_dma.c" -mcpu=cortex-m4 -std=gnu11 -g3 -DDEBUG -DUSE_HAL_DRIVER -DSTM32F411xE -c -I../Core/Inc -I../Drivers/STM32F4xx_HAL_Driver/Inc -I../Drivers/STM32F4xx_HAL_Driver/Inc/Legacy -I../Drivers/CMSIS/Device/ST/STM32F4xx/Include -I../Drivers/CMSIS/Include -I"C:/Users/HP/Documents/git/STM32/DWM1000-twr-responder/Core/Inc/decadriver" -I"C:/Users/HP/Documents/git/STM32/DWM1000-twr-responder/Core/Inc/platform" -I"C:/Users/HP/Documents/git/STM32/DWM1000-twr-responder/Core/Inc/compiler" -I"C:/Users/HP/Documents/git/STM32/DWM1000-twr-responder/Core/Inc/ssd1306" -O0 -ffunction-sections -fdata-sections -Wall -fstack-usage -fcyclomatic-complexity -MMD -MP -MF"Drivers/STM32F4xx_HAL_Driver/Src/stm32f4xx_hal_dma.d" -MT"Drivers/STM32F4xx_HAL_Driver/Src/stm32f4xx_hal_dma.o" --specs=nano.specs -mfpu=fpv4-sp-d16 -mfloat-abi=hard -mthumb -o "Drivers/STM32F4xx_HAL_Driver/Src/stm32f4xx_hal_dma.o"
arm-none-eabi-gcc "../Drivers/STM32F4xx_HAL_Driver/Src/stm32f4xx_hal_dma_ex.c" -mcpu=cortex-m4 -std=gnu11 -g3 -DDEBUG -DUSE_HAL_DRIVER -DSTM32F411xE -c -I../Core/Inc -I../Drivers/STM32F4xx_HAL_Driver/Inc -I../Drivers/STM32F4xx_HAL_Driver/Inc/Legacy -I../Drivers/CMSIS/Device/ST/STM32F4xx/Include -I../Drivers/CMSIS/Include -I"C:/Users/HP/Documents/git/STM32/DWM1000-twr-responder/Core/Inc/decadriver" -I"C:/Users/HP/Documents/git/STM32/DWM1000-twr-responder/Core/Inc/platform" -I"C:/Users/HP/Documents/git/STM32/DWM1000-twr-responder/Core/Inc/compiler" -I"C:/Users/HP/Documents/git/STM32/DWM1000-twr-responder/Core/Inc/ssd1306" -O0 -ffunction-sections -fdata-sections -Wall -fstack-usage -fcyclomatic-complexity -MMD -MP -MF"Drivers/STM32F4xx_HAL_Driver/Src/stm32f4xx_hal_dma_ex.d" -MT"Drivers/STM32F4xx_HAL_Driver/Src/stm32f4xx_hal_dma_ex.o" --specs=nano.specs -mfpu=fpv4-sp-d16 -mfloat-abi=hard -mthumb -o "Drivers/STM32F4xx_HAL_Driver/Src/stm32f4xx_hal_dma_ex.o"
arm-none-eabi-gcc "../Drivers/STM32F4xx_HAL_Driver/Src/stm32f4xx_hal_exti.c" -mcpu=cortex-m4 -std=gnu11 -g3 -DDEBUG -DUSE_HAL_DRIVER -DSTM32F411xE -c -I../Core/Inc -I../Drivers/STM32F4xx_HAL_Driver/Inc -I../Drivers/STM32F4xx_HAL_Driver/Inc/Legacy -I../Drivers/CMSIS/Device/ST/STM32F4xx/Include -I../Drivers/CMSIS/Include -I"C:/Users/HP/Documents/git/STM32/DWM1000-twr-responder/Core/Inc/decadriver" -I"C:/Users/HP/Documents/git/STM32/DWM1000-twr-responder/Core/Inc/platform" -I"C:/Users/HP/Documents/git/STM32/DWM1000-twr-responder/Core/Inc/compiler" -I"C:/Users/HP/Documents/git/STM32/DWM1000-twr-responder/Core/Inc/ssd1306" -O0 -ffunction-sections -fdata-sections -Wall -fstack-usage -fcyclomatic-complexity -MMD -MP -MF"Drivers/STM32F4xx_HAL_Driver/Src/stm32f4xx_hal_exti.d" -MT"Drivers/STM32F4xx_HAL_Driver/Src/stm32f4xx_hal_exti.o" --specs=nano.specs -mfpu=fpv4-sp-d16 -mfloat-abi=hard -mthumb -o "Drivers/STM32F4xx_HAL_Driver/Src/stm32f4xx_hal_exti.o"
arm-none-eabi-gcc "../Drivers/STM32F4xx_HAL_Driver/Src/stm32f4xx_hal_flash.c" -mcpu=cortex-m4 -std=gnu11 -g3 -DDEBUG -DUSE_HAL_DRIVER -DSTM32F411xE -c -I../Core/Inc -I../Drivers/STM32F4xx_HAL_Driver/Inc -I../Drivers/STM32F4xx_HAL_Driver/Inc/Legacy -I../Drivers/CMSIS/Device/ST/STM32F4xx/Include -I../Drivers/CMSIS/Include -I"C:/Users/HP/Documents/git/STM32/DWM1000-twr-responder/Core/Inc/decadriver" -I"C:/Users/HP/Documents/git/STM32/DWM1000-twr-responder/Core/Inc/platform" -I"C:/Users/HP/Documents/git/STM32/DWM1000-twr-responder/Core/Inc/compiler" -I"C:/Users/HP/Documents/git/STM32/DWM1000-twr-responder/Core/Inc/ssd1306" -O0 -ffunction-sections -fdata-sections -Wall -fstack-usage -fcyclomatic-complexity -MMD -MP -MF"Drivers/STM32F4xx_HAL_Driver/Src/stm32f4xx_hal_flash.d" -MT"Drivers/STM32F4xx_HAL_Driver/Src/stm32f4xx_hal_flash.o" --specs=nano.specs -mfpu=fpv4-sp-d16 -mfloat-abi=hard -mthumb -o "Drivers/STM32F4xx_HAL_Driver/Src/stm32f4xx_hal_flash.o"
arm-none-eabi-gcc "../Drivers/STM32F4xx_HAL_Driver/Src/stm32f4xx_hal_flash_ex.c" -mcpu=cortex-m4 -std=gnu11 -g3 -DDEBUG -DUSE_HAL_DRIVER -DSTM32F411xE -c -I../Core/Inc -I../Drivers/STM32F4xx_HAL_Driver/Inc -I../Drivers/STM32F4xx_HAL_Driver/Inc/Legacy -I../Drivers/CMSIS/Device/ST/STM32F4xx/Include -I../Drivers/CMSIS/Include -I"C:/Users/HP/Documents/git/STM32/DWM1000-twr-responder/Core/Inc/decadriver" -I"C:/Users/HP/Documents/git/STM32/DWM1000-twr-responder/Core/Inc/platform" -I"C:/Users/HP/Documents/git/STM32/DWM1000-twr-responder/Core/Inc/compiler" -I"C:/Users/HP/Documents/git/STM32/DWM1000-twr-responder/Core/Inc/ssd1306" -O0 -ffunction-sections -fdata-sections -Wall -fstack-usage -fcyclomatic-complexity -MMD -MP -MF"Drivers/STM32F4xx_HAL_Driver/Src/stm32f4xx_hal_flash_ex.d" -MT"Drivers/STM32F4xx_HAL_Driver/Src/stm32f4xx_hal_flash_ex.o" --specs=nano.specs -mfpu=fpv4-sp-d16 -mfloat-abi=hard -mthumb -o "Drivers/STM32F4xx_HAL_Driver/Src/stm32f4xx_hal_flash_ex.o"
arm-none-eabi-gcc "../Drivers/STM32F4xx_HAL_Driver/Src/stm32f4xx_hal_flash_ramfunc.c" -mcpu=cortex-m4 -std=gnu11 -g3 -DDEBUG -DUSE_HAL_DRIVER -DSTM32F411xE -c -I../Core/Inc -I../Drivers/STM32F4xx_HAL_Driver/Inc -I../Drivers/STM32F4xx_HAL_Driver/Inc/Legacy -I../Drivers/CMSIS/Device/ST/STM32F4xx/Include -I../Drivers/CMSIS/Include -I"C:/Users/HP/Documents/git/STM32/DWM1000-twr-responder/Core/Inc/decadriver" -I"C:/Users/HP/Documents/git/STM32/DWM1000-twr-responder/Core/Inc/platform" -I"C:/Users/HP/Documents/git/STM32/DWM1000-twr-responder/Core/Inc/compiler" -I"C:/Users/HP/Documents/git/STM32/DWM1000-twr-responder/Core/Inc/ssd1306" -O0 -ffunction-sections -fdata-sections -Wall -fstack-usage -fcyclomatic-complexity -MMD -MP -MF"Drivers/STM32F4xx_HAL_Driver/Src/stm32f4xx_hal_flash_ramfunc.d" -MT"Drivers/STM32F4xx_HAL_Driver/Src/stm32f4xx_hal_flash_ramfunc.o" --specs=nano.specs -mfpu=fpv4-sp-d16 -mfloat-abi=hard -mthumb -o "Drivers/STM32F4xx_HAL_Driver/Src/stm32f4xx_hal_flash_ramfunc.o"
arm-none-eabi-gcc "../Drivers/STM32F4xx_HAL_Driver/Src/stm32f4xx_hal_gpio.c" -mcpu=cortex-m4 -std=gnu11 -g3 -DDEBUG -DUSE_HAL_DRIVER -DSTM32F411xE -c -I../Core/Inc -I../Drivers/STM32F4xx_HAL_Driver/Inc -I../Drivers/STM32F4xx_HAL_Driver/Inc/Legacy -I../Drivers/CMSIS/Device/ST/STM32F4xx/Include -I../Drivers/CMSIS/Include -I"C:/Users/HP/Documents/git/STM32/DWM1000-twr-responder/Core/Inc/decadriver" -I"C:/Users/HP/Documents/git/STM32/DWM1000-twr-responder/Core/Inc/platform" -I"C:/Users/HP/Documents/git/STM32/DWM1000-twr-responder/Core/Inc/compiler" -I"C:/Users/HP/Documents/git/STM32/DWM1000-twr-responder/Core/Inc/ssd1306" -O0 -ffunction-sections -fdata-sections -Wall -fstack-usage -fcyclomatic-complexity -MMD -MP -MF"Drivers/STM32F4xx_HAL_Driver/Src/stm32f4xx_hal_gpio.d" -MT"Drivers/STM32F4xx_HAL_Driver/Src/stm32f4xx_hal_gpio.o" --specs=nano.specs -mfpu=fpv4-sp-d16 -mfloat-abi=hard -mthumb -o "Drivers/STM32F4xx_HAL_Driver/Src/stm32f4xx_hal_gpio.o"
arm-none-eabi-gcc "../Drivers/STM32F4xx_HAL_Driver/Src/stm32f4xx_hal_i2c.c" -mcpu=cortex-m4 -std=gnu11 -g3 -DDEBUG -DUSE_HAL_DRIVER -DSTM32F411xE -c -I../Core/Inc -I../Drivers/STM32F4xx_HAL_Driver/Inc -I../Drivers/STM32F4xx_HAL_Driver/Inc/Legacy -I../Drivers/CMSIS/Device/ST/STM32F4xx/Include -I../Drivers/CMSIS/Include -I"C:/Users/HP/Documents/git/STM32/DWM1000-twr-responder/Core/Inc/decadriver" -I"C:/Users/HP/Documents/git/STM32/DWM1000-twr-responder/Core/Inc/platform" -I"C:/Users/HP/Documents/git/STM32/DWM1000-twr-responder/Core/Inc/compiler" -I"C:/Users/HP/Documents/git/STM32/DWM1000-twr-responder/Core/Inc/ssd1306" -O0 -ffunction-sections -fdata-sections -Wall -fstack-usage -fcyclomatic-complexity -MMD -MP -MF"Drivers/STM32F4xx_HAL_Driver/Src/stm32f4xx_hal_i2c.d" -MT"Drivers/STM32F4xx_HAL_Driver/Src/stm32f4xx_hal_i2c.o" --specs=nano.specs -mfpu=fpv4-sp-d16 -mfloat-abi=hard -mthumb -o "Drivers/STM32F4xx_HAL_Driver/Src/stm32f4xx_hal_i2c.o"
arm-none-eabi-gcc "../Drivers/STM32F4xx_HAL_Driver/Src/stm32f4xx_hal_i2c_ex.c" -mcpu=cortex-m4 -std=gnu11 -g3 -DDEBUG -DUSE_HAL_DRIVER -DSTM32F411xE -c -I../Core/Inc -I../Drivers/STM32F4xx_HAL_Driver/Inc -I../Drivers/STM32F4xx_HAL_Driver/Inc/Legacy -I../Drivers/CMSIS/Device/ST/STM32F4xx/Include -I../Drivers/CMSIS/Include -I"C:/Users/HP/Documents/git/STM32/DWM1000-twr-responder/Core/Inc/decadriver" -I"C:/Users/HP/Documents/git/STM32/DWM1000-twr-responder/Core/Inc/platform" -I"C:/Users/HP/Documents/git/STM32/DWM1000-twr-responder/Core/Inc/compiler" -I"C:/Users/HP/Documents/git/STM32/DWM1000-twr-responder/Core/Inc/ssd1306" -O0 -ffunction-sections -fdata-sections -Wall -fstack-usage -fcyclomatic-complexity -MMD -MP -MF"Drivers/STM32F4xx_HAL_Driver/Src/stm32f4xx_hal_i2c_ex.d" -MT"Drivers/STM32F4xx_HAL_Driver/Src/stm32f4xx_hal_i2c_ex.o" --specs=nano.specs -mfpu=fpv4-sp-d16 -mfloat-abi=hard -mthumb -o "Drivers/STM32F4xx_HAL_Driver/Src/stm32f4xx_hal_i2c_ex.o"
arm-none-eabi-gcc "../Drivers/STM32F4xx_HAL_Driver/Src/stm32f4xx_hal_pwr.c" -mcpu=cortex-m4 -std=gnu11 -g3 -DDEBUG -DUSE_HAL_DRIVER -DSTM32F411xE -c -I../Core/Inc -I../Drivers/STM32F4xx_HAL_Driver/Inc -I../Drivers/STM32F4xx_HAL_Driver/Inc/Legacy -I../Drivers/CMSIS/Device/ST/STM32F4xx/Include -I../Drivers/CMSIS/Include -I"C:/Users/HP/Documents/git/STM32/DWM1000-twr-responder/Core/Inc/decadriver" -I"C:/Users/HP/Documents/git/STM32/DWM1000-twr-responder/Core/Inc/platform" -I"C:/Users/HP/Documents/git/STM32/DWM1000-twr-responder/Core/Inc/compiler" -I"C:/Users/HP/Documents/git/STM32/DWM1000-twr-responder/Core/Inc/ssd1306" -O0 -ffunction-sections -fdata-sections -Wall -fstack-usage -fcyclomatic-complexity -MMD -MP -MF"Drivers/STM32F4xx_HAL_Driver/Src/stm32f4xx_hal_pwr.d" -MT"Drivers/STM32F4xx_HAL_Driver/Src/stm32f4xx_hal_pwr.o" --specs=nano.specs -mfpu=fpv4-sp-d16 -mfloat-abi=hard -mthumb -o "Drivers/STM32F4xx_HAL_Driver/Src/stm32f4xx_hal_pwr.o"
arm-none-eabi-gcc "../Drivers/STM32F4xx_HAL_Driver/Src/stm32f4xx_hal_pwr_ex.c" -mcpu=cortex-m4 -std=gnu11 -g3 -DDEBUG -DUSE_HAL_DRIVER -DSTM32F411xE -c -I../Core/Inc -I../Drivers/STM32F4xx_HAL_Driver/Inc -I../Drivers/STM32F4xx_HAL_Driver/Inc/Legacy -I../Drivers/CMSIS/Device/ST/STM32F4xx/Include -I../Drivers/CMSIS/Include -I"C:/Users/HP/Documents/git/STM32/DWM1000-twr-responder/Core/Inc/decadriver" -I"C:/Users/HP/Documents/git/STM32/DWM1000-twr-responder/Core/Inc/platform" -I"C:/Users/HP/Documents/git/STM32/DWM1000-twr-responder/Core/Inc/compiler" -I"C:/Users/HP/Documents/git/STM32/DWM1000-twr-responder/Core/Inc/ssd1306" -O0 -ffunction-sections -fdata-sections -Wall -fstack-usage -fcyclomatic-complexity -MMD -MP -MF"Drivers/STM32F4xx_HAL_Driver/Src/stm32f4xx_hal_pwr_ex.d" -MT"Drivers/STM32F4xx_HAL_Driver/Src/stm32f4xx_hal_pwr_ex.o" --specs=nano.specs -mfpu=fpv4-sp-d16 -mfloat-abi=hard -mthumb -o "Drivers/STM32F4xx_HAL_Driver/Src/stm32f4xx_hal_pwr_ex.o"
arm-none-eabi-gcc "../Drivers/STM32F4xx_HAL_Driver/Src/stm32f4xx_hal_rcc.c" -mcpu=cortex-m4 -std=gnu11 -g3 -DDEBUG -DUSE_HAL_DRIVER -DSTM32F411xE -c -I../Core/Inc -I../Drivers/STM32F4xx_HAL_Driver/Inc -I../Drivers/STM32F4xx_HAL_Driver/Inc/Legacy -I../Drivers/CMSIS/Device/ST/STM32F4xx/Include -I../Drivers/CMSIS/Include -I"C:/Users/HP/Documents/git/STM32/DWM1000-twr-responder/Core/Inc/decadriver" -I"C:/Users/HP/Documents/git/STM32/DWM1000-twr-responder/Core/Inc/platform" -I"C:/Users/HP/Documents/git/STM32/DWM1000-twr-responder/Core/Inc/compiler" -I"C:/Users/HP/Documents/git/STM32/DWM1000-twr-responder/Core/Inc/ssd1306" -O0 -ffunction-sections -fdata-sections -Wall -fstack-usage -fcyclomatic-complexity -MMD -MP -MF"Drivers/STM32F4xx_HAL_Driver/Src/stm32f4xx_hal_rcc.d" -MT"Drivers/STM32F4xx_HAL_Driver/Src/stm32f4xx_hal_rcc.o" --specs=nano.specs -mfpu=fpv4-sp-d16 -mfloat-abi=hard -mthumb -o "Drivers/STM32F4xx_HAL_Driver/Src/stm32f4xx_hal_rcc.o"
arm-none-eabi-gcc "../Drivers/STM32F4xx_HAL_Driver/Src/stm32f4xx_hal_rcc_ex.c" -mcpu=cortex-m4 -std=gnu11 -g3 -DDEBUG -DUSE_HAL_DRIVER -DSTM32F411xE -c -I../Core/Inc -I../Drivers/STM32F4xx_HAL_Driver/Inc -I../Drivers/STM32F4xx_HAL_Driver/Inc/Legacy -I../Drivers/CMSIS/Device/ST/STM32F4xx/Include -I../Drivers/CMSIS/Include -I"C:/Users/HP/Documents/git/STM32/DWM1000-twr-responder/Core/Inc/decadriver" -I"C:/Users/HP/Documents/git/STM32/DWM1000-twr-responder/Core/Inc/platform" -I"C:/Users/HP/Documents/git/STM32/DWM1000-twr-responder/Core/Inc/compiler" -I"C:/Users/HP/Documents/git/STM32/DWM1000-twr-responder/Core/Inc/ssd1306" -O0 -ffunction-sections -fdata-sections -Wall -fstack-usage -fcyclomatic-complexity -MMD -MP -MF"Drivers/STM32F4xx_HAL_Driver/Src/stm32f4xx_hal_rcc_ex.d" -MT"Drivers/STM32F4xx_HAL_Driver/Src/stm32f4xx_hal_rcc_ex.o" --specs=nano.specs -mfpu=fpv4-sp-d16 -mfloat-abi=hard -mthumb -o "Drivers/STM32F4xx_HAL_Driver/Src/stm32f4xx_hal_rcc_ex.o"
arm-none-eabi-gcc "../Drivers/STM32F4xx_HAL_Driver/Src/stm32f4xx_hal_spi.c" -mcpu=cortex-m4 -std=gnu11 -g3 -DDEBUG -DUSE_HAL_DRIVER -DSTM32F411xE -c -I../Core/Inc -I../Drivers/STM32F4xx_HAL_Driver/Inc -I../Drivers/STM32F4xx_HAL_Driver/Inc/Legacy -I../Drivers/CMSIS/Device/ST/STM32F4xx/Include -I../Drivers/CMSIS/Include -I"C:/Users/HP/Documents/git/STM32/DWM1000-twr-responder/Core/Inc/decadriver" -I"C:/Users/HP/Documents/git/STM32/DWM1000-twr-responder/Core/Inc/platform" -I"C:/Users/HP/Documents/git/STM32/DWM1000-twr-responder/Core/Inc/compiler" -I"C:/Users/HP/Documents/git/STM32/DWM1000-twr-responder/Core/Inc/ssd1306" -O0 -ffunction-sections -fdata-sections -Wall -fstack-usage -fcyclomatic-complexity -MMD -MP -MF"Drivers/STM32F4xx_HAL_Driver/Src/stm32f4xx_hal_spi.d" -MT"Drivers/STM32F4xx_HAL_Driver/Src/stm32f4xx_hal_spi.o" --specs=nano.specs -mfpu=fpv4-sp-d16 -mfloat-abi=hard -mthumb -o "Drivers/STM32F4xx_HAL_Driver/Src/stm32f4xx_hal_spi.o"
arm-none-eabi-gcc "../Drivers/STM32F4xx_HAL_Driver/Src/stm32f4xx_hal_tim.c" -mcpu=cortex-m4 -std=gnu11 -g3 -DDEBUG -DUSE_HAL_DRIVER -DSTM32F411xE -c -I../Core/Inc -I../Drivers/STM32F4xx_HAL_Driver/Inc -I../Drivers/STM32F4xx_HAL_Driver/Inc/Legacy -I../Drivers/CMSIS/Device/ST/STM32F4xx/Include -I../Drivers/CMSIS/Include -I"C:/Users/HP/Documents/git/STM32/DWM1000-twr-responder/Core/Inc/decadriver" -I"C:/Users/HP/Documents/git/STM32/DWM1000-twr-responder/Core/Inc/platform" -I"C:/Users/HP/Documents/git/STM32/DWM1000-twr-responder/Core/Inc/compiler" -I"C:/Users/HP/Documents/git/STM32/DWM1000-twr-responder/Core/Inc/ssd1306" -O0 -ffunction-sections -fdata-sections -Wall -fstack-usage -fcyclomatic-complexity -MMD -MP -MF"Drivers/STM32F4xx_HAL_Driver/Src/stm32f4xx_hal_tim.d" -MT"Drivers/STM32F4xx_HAL_Driver/Src/stm32f4xx_hal_tim.o" --specs=nano.specs -mfpu=fpv4-sp-d16 -mfloat-abi=hard -mthumb -o "Drivers/STM32F4xx_HAL_Driver/Src/stm32f4xx_hal_tim.o"
arm-none-eabi-gcc "../Drivers/STM32F4xx_HAL_Driver/Src/stm32f4xx_hal_tim_ex.c" -mcpu=cortex-m4 -std=gnu11 -g3 -DDEBUG -DUSE_HAL_DRIVER -DSTM32F411xE -c -I../Core/Inc -I../Drivers/STM32F4xx_HAL_Driver/Inc -I../Drivers/STM32F4xx_HAL_Driver/Inc/Legacy -I../Drivers/CMSIS/Device/ST/STM32F4xx/Include -I../Drivers/CMSIS/Include -I"C:/Users/HP/Documents/git/STM32/DWM1000-twr-responder/Core/Inc/decadriver" -I"C:/Users/HP/Documents/git/STM32/DWM1000-twr-responder/Core/Inc/platform" -I"C:/Users/HP/Documents/git/STM32/DWM1000-twr-responder/Core/Inc/compiler" -I"C:/Users/HP/Documents/git/STM32/DWM1000-twr-responder/Core/Inc/ssd1306" -O0 -ffunction-sections -fdata-sections -Wall -fstack-usage -fcyclomatic-complexity -MMD -MP -MF"Drivers/STM32F4xx_HAL_Driver/Src/stm32f4xx_hal_tim_ex.d" -MT"Drivers/STM32F4xx_HAL_Driver/Src/stm32f4xx_hal_tim_ex.o" --specs=nano.specs -mfpu=fpv4-sp-d16 -mfloat-abi=hard -mthumb -o "Drivers/STM32F4xx_HAL_Driver/Src/stm32f4xx_hal_tim_ex.o"
arm-none-eabi-gcc "../Drivers/STM32F4xx_HAL_Driver/Src/stm32f4xx_hal_uart.c" -mcpu=cortex-m4 -std=gnu11 -g3 -DDEBUG -DUSE_HAL_DRIVER -DSTM32F411xE -c -I../Core/Inc -I../Drivers/STM32F4xx_HAL_Driver/Inc -I../Drivers/STM32F4xx_HAL_Driver/Inc/Legacy -I../Drivers/CMSIS/Device/ST/STM32F4xx/Include -I../Drivers/CMSIS/Include -I"C:/Users/HP/Documents/git/STM32/DWM1000-twr-responder/Core/Inc/decadriver" -I"C:/Users/HP/Documents/git/STM32/DWM1000-twr-responder/Core/Inc/platform" -I"C:/Users/HP/Documents/git/STM32/DWM1000-twr-responder/Core/Inc/compiler" -I"C:/Users/HP/Documents/git/STM32/DWM1000-twr-responder/Core/Inc/ssd1306" -O0 -ffunction-sections -fdata-sections -Wall -fstack-usage -fcyclomatic-complexity -MMD -MP -MF"Drivers/STM32F4xx_HAL_Driver/Src/stm32f4xx_hal_uart.d" -MT"Drivers/STM32F4xx_HAL_Driver/Src/stm32f4xx_hal_uart.o" --specs=nano.specs -mfpu=fpv4-sp-d16 -mfloat-abi=hard -mthumb -o "Drivers/STM32F4xx_HAL_Driver/Src/stm32f4xx_hal_uart.o"
arm-none-eabi-gcc -mcpu=cortex-m4 -g3 -DDEBUG -c -I"C:/Users/HP/Documents/git/STM32/DWM1000-twr-responder/Core/Inc/decadriver" -I"C:/Users/HP/Documents/git/STM32/DWM1000-twr-responder/Core/Inc/platform" -I"C:/Users/HP/Documents/git/STM32/DWM1000-twr-responder/Core/Inc/compiler" -I"C:/Users/HP/Documents/git/STM32/DWM1000-twr-responder/Core/Inc/ssd1306" -x assembler-with-cpp -MMD -MP -MF"Core/Startup/startup_stm32f411retx.d" -MT"Core/Startup/startup_stm32f411retx.o" --specs=nano.specs -mfpu=fpv4-sp-d16 -mfloat-abi=hard -mthumb -o "Core/Startup/startup_stm32f411retx.o" "../Core/Startup/startup_stm32f411retx.s"
arm-none-eabi-gcc "../Core/Src/gpio.c" -mcpu=cortex-m4 -std=gnu11 -g3 -DDEBUG -DUSE_HAL_DRIVER -DSTM32F411xE -c -I../Core/Inc -I../Drivers/STM32F4xx_HAL_Driver/Inc -I../Drivers/STM32F4xx_HAL_Driver/Inc/Legacy -I../Drivers/CMSIS/Device/ST/STM32F4xx/Include -I../Drivers/CMSIS/Include -I"C:/Users/HP/Documents/git/STM32/DWM1000-twr-responder/Core/Inc/decadriver" -I"C:/Users/HP/Documents/git/STM32/DWM1000-twr-responder/Core/Inc/platform" -I"C:/Users/HP/Documents/git/STM32/DWM1000-twr-responder/Core/Inc/compiler" -I"C:/Users/HP/Documents/git/STM32/DWM1000-twr-responder/Core/Inc/ssd1306" -O0 -ffunction-sections -fdata-sections -Wall -fstack-usage -fcyclomatic-complexity -MMD -MP -MF"Core/Src/gpio.d" -MT"Core/Src/gpio.o" --specs=nano.specs -mfpu=fpv4-sp-d16 -mfloat-abi=hard -mthumb -o "Core/Src/gpio.o"
arm-none-eabi-gcc "../Core/Src/i2c.c" -mcpu=cortex-m4 -std=gnu11 -g3 -DDEBUG -DUSE_HAL_DRIVER -DSTM32F411xE -c -I../Core/Inc -I../Drivers/STM32F4xx_HAL_Driver/Inc -I../Drivers/STM32F4xx_HAL_Driver/Inc/Legacy -I../Drivers/CMSIS/Device/ST/STM32F4xx/Include -I../Drivers/CMSIS/Include -I"C:/Users/HP/Documents/git/STM32/DWM1000-twr-responder/Core/Inc/decadriver" -I"C:/Users/HP/Documents/git/STM32/DWM1000-twr-responder/Core/Inc/platform" -I"C:/Users/HP/Documents/git/STM32/DWM1000-twr-responder/Core/Inc/compiler" -I"C:/Users/HP/Documents/git/STM32/DWM1000-twr-responder/Core/Inc/ssd1306" -O0 -ffunction-sections -fdata-sections -Wall -fstack-usage -fcyclomatic-complexity -MMD -MP -MF"Core/Src/i2c.d" -MT"Core/Src/i2c.o" --specs=nano.specs -mfpu=fpv4-sp-d16 -mfloat-abi=hard -mthumb -o "Core/Src/i2c.o"
arm-none-eabi-gcc "../Core/Src/main.c" -mcpu=cortex-m4 -std=gnu11 -g3 -DDEBUG -DUSE_HAL_DRIVER -DSTM32F411xE -c -I../Core/Inc -I../Drivers/STM32F4xx_HAL_Driver/Inc -I../Drivers/STM32F4xx_HAL_Driver/Inc/Legacy -I../Drivers/CMSIS/Device/ST/STM32F4xx/Include -I../Drivers/CMSIS/Include -I"C:/Users/HP/Documents/git/STM32/DWM1000-twr-responder/Core/Inc/decadriver" -I"C:/Users/HP/Documents/git/STM32/DWM1000-twr-responder/Core/Inc/platform" -I"C:/Users/HP/Documents/git/STM32/DWM1000-twr-responder/Core/Inc/compiler" -I"C:/Users/HP/Documents/git/STM32/DWM1000-twr-responder/Core/Inc/ssd1306" -O0 -ffunction-sections -fdata-sections -Wall -fstack-usage -fcyclomatic-complexity -MMD -MP -MF"Core/Src/main.d" -MT"Core/Src/main.o" --specs=nano.specs -mfpu=fpv4-sp-d16 -mfloat-abi=hard -mthumb -o "Core/Src/main.o"
arm-none-eabi-gcc "../Core/Src/responder.c" -mcpu=cortex-m4 -std=gnu11 -g3 -DDEBUG -DUSE_HAL_DRIVER -DSTM32F411xE -c -I../Core/Inc -I../Drivers/STM32F4xx_HAL_Driver/Inc -I../Drivers/STM32F4xx_HAL_Driver/Inc/Legacy -I../Drivers/CMSIS/Device/ST/STM32F4xx/Include -I../Drivers/CMSIS/Include -I"C:/Users/HP/Documents/git/STM32/DWM1000-twr-responder/Core/Inc/decadriver" -I"C:/Users/HP/Documents/git/STM32/DWM1000-twr-responder/Core/Inc/platform" -I"C:/Users/HP/Documents/git/STM32/DWM1000-twr-responder/Core/Inc/compiler" -I"C:/Users/HP/Documents/git/STM32/DWM1000-twr-responder/Core/Inc/ssd1306" -O0 -ffunction-sections -fdata-sections -Wall -fstack-usage -fcyclomatic-complexity -MMD -MP -MF"Core/Src/responder.d" -MT"Core/Src/responder.o" --specs=nano.specs -mfpu=fpv4-sp-d16 -mfloat-abi=hard -mthumb -o "Core/Src/responder.o"
arm-none-eabi-gcc "../Core/Src/spi.c" -mcpu=cortex-m4 -std=gnu11 -g3 -DDEBUG -DUSE_HAL_DRIVER -DSTM32F411xE -c -I../Core/Inc -I../Drivers/STM32F4xx_HAL_Driver/Inc -I../Drivers/STM32F4xx_HAL_Driver/Inc/Legacy -I../Drivers/CMSIS/Device/ST/STM32F4xx/Include -I../Drivers/CMSIS/Include -I"C:/Users/HP/Documents/git/STM32/DWM1000-twr-responder/Core/Inc/decadriver" -I"C:/Users/HP/Documents/git/STM32/DWM1000-twr-responder/Core/Inc/platform" -I"C:/Users/HP/Documents/git/STM32/DWM1000-twr-responder/Core/Inc/compiler" -I"C:/Users/HP/Documents/git/STM32/DWM1000-twr-responder/Core/Inc/ssd1306" -O0 -ffunction-sections -fdata-sections -Wall -fstack-usage -fcyclomatic-complexity -MMD -MP -MF"Core/Src/spi.d" -MT"Core/Src/spi.o" --specs=nano.specs -mfpu=fpv4-sp-d16 -mfloat-abi=hard -mthumb -o "Core/Src/spi.o"
arm-none-eabi-gcc "../Core/Src/stm32f4xx_hal_msp.c" -mcpu=cortex-m4 -std=gnu11 -g3 -DDEBUG -DUSE_HAL_DRIVER -DSTM32F411xE -c -I../Core/Inc -I../Drivers/STM32F4xx_HAL_Driver/Inc -I../Drivers/STM32F4xx_HAL_Driver/Inc/Legacy -I../Drivers/CMSIS/Device/ST/STM32F4xx/Include -I../Drivers/CMSIS/Include -I"C:/Users/HP/Documents/git/STM32/DWM1000-twr-responder/Core/Inc/decadriver" -I"C:/Users/HP/Documents/git/STM32/DWM1000-twr-responder/Core/Inc/platform" -I"C:/Users/HP/Documents/git/STM32/DWM1000-twr-responder/Core/Inc/compiler" -I"C:/Users/HP/Documents/git/STM32/DWM1000-twr-responder/Core/Inc/ssd1306" -O0 -ffunction-sections -fdata-sections -Wall -fstack-usage -fcyclomatic-complexity -MMD -MP -MF"Core/Src/stm32f4xx_hal_msp.d" -MT"Core/Src/stm32f4xx_hal_msp.o" --specs=nano.specs -mfpu=fpv4-sp-d16 -mfloat-abi=hard -mthumb -o "Core/Src/stm32f4xx_hal_msp.o"
arm-none-eabi-gcc "../Core/Src/stm32f4xx_it.c" -mcpu=cortex-m4 -std=gnu11 -g3 -DDEBUG -DUSE_HAL_DRIVER -DSTM32F411xE -c -I../Core/Inc -I../Drivers/STM32F4xx_HAL_Driver/Inc -I../Drivers/STM32F4xx_HAL_Driver/Inc/Legacy -I../Drivers/CMSIS/Device/ST/STM32F4xx/Include -I../Drivers/CMSIS/Include -I"C:/Users/HP/Documents/git/STM32/DWM1000-twr-responder/Core/Inc/decadriver" -I"C:/Users/HP/Documents/git/STM32/DWM1000-twr-responder/Core/Inc/platform" -I"C:/Users/HP/Documents/git/STM32/DWM1000-twr-responder/Core/Inc/compiler" -I"C:/Users/HP/Documents/git/STM32/DWM1000-twr-responder/Core/Inc/ssd1306" -O0 -ffunction-sections -fdata-sections -Wall -fstack-usage -fcyclomatic-complexity -MMD -MP -MF"Core/Src/stm32f4xx_it.d" -MT"Core/Src/stm32f4xx_it.o" --specs=nano.specs -mfpu=fpv4-sp-d16 -mfloat-abi=hard -mthumb -o "Core/Src/stm32f4xx_it.o"
arm-none-eabi-gcc "../Core/Src/syscalls.c" -mcpu=cortex-m4 -std=gnu11 -g3 -DDEBUG -DUSE_HAL_DRIVER -DSTM32F411xE -c -I../Core/Inc -I../Drivers/STM32F4xx_HAL_Driver/Inc -I../Drivers/STM32F4xx_HAL_Driver/Inc/Legacy -I../Drivers/CMSIS/Device/ST/STM32F4xx/Include -I../Drivers/CMSIS/Include -I"C:/Users/HP/Documents/git/STM32/DWM1000-twr-responder/Core/Inc/decadriver" -I"C:/Users/HP/Documents/git/STM32/DWM1000-twr-responder/Core/Inc/platform" -I"C:/Users/HP/Documents/git/STM32/DWM1000-twr-responder/Core/Inc/compiler" -I"C:/Users/HP/Documents/git/STM32/DWM1000-twr-responder/Core/Inc/ssd1306" -O0 -ffunction-sections -fdata-sections -Wall -fstack-usage -fcyclomatic-complexity -MMD -MP -MF"Core/Src/syscalls.d" -MT"Core/Src/syscalls.o" --specs=nano.specs -mfpu=fpv4-sp-d16 -mfloat-abi=hard -mthumb -o "Core/Src/syscalls.o"
arm-none-eabi-gcc "../Core/Src/sysmem.c" -mcpu=cortex-m4 -std=gnu11 -g3 -DDEBUG -DUSE_HAL_DRIVER -DSTM32F411xE -c -I../Core/Inc -I../Drivers/STM32F4xx_HAL_Driver/Inc -I../Drivers/STM32F4xx_HAL_Driver/Inc/Legacy -I../Drivers/CMSIS/Device/ST/STM32F4xx/Include -I../Drivers/CMSIS/Include -I"C:/Users/HP/Documents/git/STM32/DWM1000-twr-responder/Core/Inc/decadriver" -I"C:/Users/HP/Documents/git/STM32/DWM1000-twr-responder/Core/Inc/platform" -I"C:/Users/HP/Documents/git/STM32/DWM1000-twr-responder/Core/Inc/compiler" -I"C:/Users/HP/Documents/git/STM32/DWM1000-twr-responder/Core/Inc/ssd1306" -O0 -ffunction-sections -fdata-sections -Wall -fstack-usage -fcyclomatic-complexity -MMD -MP -MF"Core/Src/sysmem.d" -MT"Core/Src/sysmem.o" --specs=nano.specs -mfpu=fpv4-sp-d16 -mfloat-abi=hard -mthumb -o "Core/Src/sysmem.o"
arm-none-eabi-gcc "../Core/Src/system_stm32f4xx.c" -mcpu=cortex-m4 -std=gnu11 -g3 -DDEBUG -DUSE_HAL_DRIVER -DSTM32F411xE -c -I../Core/Inc -I../Drivers/STM32F4xx_HAL_Driver/Inc -I../Drivers/STM32F4xx_HAL_Driver/Inc/Legacy -I../Drivers/CMSIS/Device/ST/STM32F4xx/Include -I../Drivers/CMSIS/Include -I"C:/Users/HP/Documents/git/STM32/DWM1000-twr-responder/Core/Inc/decadriver" -I"C:/Users/HP/Documents/git/STM32/DWM1000-twr-responder/Core/Inc/platform" -I"C:/Users/HP/Documents/git/STM32/DWM1000-twr-responder/Core/Inc/compiler" -I"C:/Users/HP/Documents/git/STM32/DWM1000-twr-responder/Core/Inc/ssd1306" -O0 -ffunction-sections -fdata-sections -Wall -fstack-usage -fcyclomatic-complexity -MMD -MP -MF"Core/Src/system_stm32f4xx.d" -MT"Core/Src/system_stm32f4xx.o" --specs=nano.specs -mfpu=fpv4-sp-d16 -mfloat-abi=hard -mthumb -o "Core/Src/system_stm32f4xx.o"
arm-none-eabi-gcc "../Core/Src/usart.c" -mcpu=cortex-m4 -std=gnu11 -g3 -DDEBUG -DUSE_HAL_DRIVER -DSTM32F411xE -c -I../Core/Inc -I../Drivers/STM32F4xx_HAL_Driver/Inc -I../Drivers/STM32F4xx_HAL_Driver/Inc/Legacy -I../Drivers/CMSIS/Device/ST/STM32F4xx/Include -I../Drivers/CMSIS/Include -I"C:/Users/HP/Documents/git/STM32/DWM1000-twr-responder/Core/Inc/decadriver" -I"C:/Users/HP/Documents/git/STM32/DWM1000-twr-responder/Core/Inc/platform" -I"C:/Users/HP/Documents/git/STM32/DWM1000-twr-responder/Core/Inc/compiler" -I"C:/Users/HP/Documents/git/STM32/DWM1000-twr-responder/Core/Inc/ssd1306" -O0 -ffunction-sections -fdata-sections -Wall -fstack-usage -fcyclomatic-complexity -MMD -MP -MF"Core/Src/usart.d" -MT"Core/Src/usart.o" --specs=nano.specs -mfpu=fpv4-sp-d16 -mfloat-abi=hard -mthumb -o "Core/Src/usart.o"
../Core/Src/main.c: In function 'main':
../Core/Src/main.c:97:3: warning: implicit declaration of function 'SSD1306_Init' [-Wimplicit-function-declaration]
   97 |   SSD1306_Init();
      |   ^~~~~~~~~~~~
../Core/Src/responder.c: In function 'dw_main':
../Core/Src/responder.c:136:16: warning: passing argument 1 of 'ssd1306_write' makes integer from pointer without a cast [-Wint-conversion]
  136 |  ssd1306_write(app_name, Font_7x10);
      |                ^~~~~~~~
      |                |
      |                uint8_t * {aka unsigned char *}
In file included from ../Core/Src/responder.c:38:
C:/Users/HP/Documents/git/STM32/DWM1000-twr-responder/Core/Inc/ssd1306/ssd1306.h:311:29: note: expected 'uint32_t' {aka 'long unsigned int'} but argument is of type 'uint8_t *' {aka 'unsigned char *'}
  311 | void ssd1306_write(uint32_t buff, FontDef_t Font);
      |                    ~~~~~~~~~^~~~
../Core/Src/responder.c:145:33: warning: pointer targets in passing argument 2 of 'HAL_UART_Transmit' differ in signedness [-Wpointer-sign]
  145 |      HAL_UART_Transmit(&huart2, "Init Failed!!!", 15, HAL_MAX_DELAY);
      |                                 ^~~~~~~~~~~~~~~~
      |                                 |
      |                                 char *
In file included from ../Core/Inc/stm32f4xx_hal_conf.h:411,
                 from ../Drivers/STM32F4xx_HAL_Driver/Inc/stm32f4xx_hal.h:29,
                 from ../Drivers/CMSIS/Device/ST/STM32F4xx/Include/stm32f4xx.h:287,
                 from C:/Users/HP/Documents/git/STM32/DWM1000-twr-responder/Core/Inc/platform/port.h:26,
                 from ../Core/Src/responder.c:37:
../Drivers/STM32F4xx_HAL_Driver/Inc/stm32f4xx_hal_uart.h:722:79: note: expected 'const uint8_t *' {aka 'const unsigned char *'} but argument is of type 'char *'
  722 | HAL_StatusTypeDef HAL_UART_Transmit(UART_HandleTypeDef *huart, const uint8_t *pData, uint16_t Size, uint32_t Timeout);
      |                                                                ~~~~~~~~~~~~~~~^~~~~
../Core/Src/responder.c:147:25: warning: passing argument 1 of 'ssd1306_write' makes integer from pointer without a cast [-Wint-conversion]
  147 |           ssd1306_write("INIT FAILED!!!", Font_7x10);
      |                         ^~~~~~~~~~~~~~~~
      |                         |
      |                         char *
In file included from ../Core/Src/responder.c:38:
C:/Users/HP/Documents/git/STM32/DWM1000-twr-responder/Core/Inc/ssd1306/ssd1306.h:311:29: note: expected 'uint32_t' {aka 'long unsigned int'} but argument is of type 'char *'
  311 | void ssd1306_write(uint32_t buff, FontDef_t Font);
      |                    ~~~~~~~~~^~~~
../Core/Src/responder.c:192:50: warning: passing argument 1 of 'ssd1306_write' makes integer from pointer without a cast [-Wint-conversion]
  192 |             SSD1306_GotoXY(0, 0);  ssd1306_write("Received :", Font_7x10);
      |                                                  ^~~~~~~~~~~~
      |                                                  |
      |                                                  char *
In file included from ../Core/Src/responder.c:38:
C:/Users/HP/Documents/git/STM32/DWM1000-twr-responder/Core/Inc/ssd1306/ssd1306.h:311:29: note: expected 'uint32_t' {aka 'long unsigned int'} but argument is of type 'char *'
  311 | void ssd1306_write(uint32_t buff, FontDef_t Font);
      |                    ~~~~~~~~~^~~~
../Core/Src/responder.c:194:50: warning: passing argument 1 of 'ssd1306_write' makes integer from pointer without a cast [-Wint-conversion]
  194 |             SSD1306_GotoXY(0, 20); ssd1306_write(rx_buffer, Font_7x10);
      |                                                  ^~~~~~~~~
      |                                                  |
      |                                                  uint8 * {aka unsigned char *}
In file included from ../Core/Src/responder.c:38:
C:/Users/HP/Documents/git/STM32/DWM1000-twr-responder/Core/Inc/ssd1306/ssd1306.h:311:29: note: expected 'uint32_t' {aka 'long unsigned int'} but argument is of type 'uint8 *' {aka 'unsigned char *'}
  311 | void ssd1306_write(uint32_t buff, FontDef_t Font);
      |                    ~~~~~~~~~^~~~
../Core/Src/responder.c:219:54: warning: passing argument 1 of 'ssd1306_write' makes integer from pointer without a cast [-Wint-conversion]
  219 |                 SSD1306_GotoXY(0, 0);  ssd1306_write("Transmitted :", Font_7x10);
      |                                                      ^~~~~~~~~~~~~~~
      |                                                      |
      |                                                      char *
In file included from ../Core/Src/responder.c:38:
C:/Users/HP/Documents/git/STM32/DWM1000-twr-responder/Core/Inc/ssd1306/ssd1306.h:311:29: note: expected 'uint32_t' {aka 'long unsigned int'} but argument is of type 'char *'
  311 | void ssd1306_write(uint32_t buff, FontDef_t Font);
      |                    ~~~~~~~~~^~~~
../Core/Src/responder.c:220:54: warning: passing argument 1 of 'ssd1306_write' makes integer from pointer without a cast [-Wint-conversion]
  220 |                 SSD1306_GotoXY(0, 20); ssd1306_write(tx_resp_msg, Font_7x10);
      |                                                      ^~~~~~~~~~~
      |                                                      |
      |                                                      uint8 * {aka unsigned char *}
In file included from ../Core/Src/responder.c:38:
C:/Users/HP/Documents/git/STM32/DWM1000-twr-responder/Core/Inc/ssd1306/ssd1306.h:311:29: note: expected 'uint32_t' {aka 'long unsigned int'} but argument is of type 'uint8 *' {aka 'unsigned char *'}
  311 | void ssd1306_write(uint32_t buff, FontDef_t Font);
      |                    ~~~~~~~~~^~~~
../Core/Src/responder.c:247:58: warning: passing argument 1 of 'ssd1306_write' makes integer from pointer without a cast [-Wint-conversion]
  247 |                     SSD1306_GotoXY(0, 0);  ssd1306_write("Received :", Font_7x10);
      |                                                          ^~~~~~~~~~~~
      |                                                          |
      |                                                          char *
In file included from ../Core/Src/responder.c:38:
C:/Users/HP/Documents/git/STM32/DWM1000-twr-responder/Core/Inc/ssd1306/ssd1306.h:311:29: note: expected 'uint32_t' {aka 'long unsigned int'} but argument is of type 'char *'
  311 | void ssd1306_write(uint32_t buff, FontDef_t Font);
      |                    ~~~~~~~~~^~~~
../Core/Src/responder.c:249:58: warning: passing argument 1 of 'ssd1306_write' makes integer from pointer without a cast [-Wint-conversion]
  249 |                     SSD1306_GotoXY(0, 20); ssd1306_write(rx_buffer, Font_7x10);
      |                                                          ^~~~~~~~~
      |                                                          |
      |                                                          uint8 * {aka unsigned char *}
In file included from ../Core/Src/responder.c:38:
C:/Users/HP/Documents/git/STM32/DWM1000-twr-responder/Core/Inc/ssd1306/ssd1306.h:311:29: note: expected 'uint32_t' {aka 'long unsigned int'} but argument is of type 'uint8 *' {aka 'unsigned char *'}
  311 | void ssd1306_write(uint32_t buff, FontDef_t Font);
      |                    ~~~~~~~~~^~~~
../Core/Src/responder.c:287:39: warning: passing argument 1 of 'ssd1306_write' makes integer from pointer without a cast [-Wint-conversion]
  287 |                         ssd1306_write(dist_str, Font_11x18);
      |                                       ^~~~~~~~
      |                                       |
      |                                       char *
In file included from ../Core/Src/responder.c:38:
C:/Users/HP/Documents/git/STM32/DWM1000-twr-responder/Core/Inc/ssd1306/ssd1306.h:311:29: note: expected 'uint32_t' {aka 'long unsigned int'} but argument is of type 'char *'
  311 | void ssd1306_write(uint32_t buff, FontDef_t Font);
      |                    ~~~~~~~~~^~~~
arm-none-eabi-gcc "../Core/Inc/ssd1306/fonts.c" -mcpu=cortex-m4 -std=gnu11 -g3 -DDEBUG -DUSE_HAL_DRIVER -DSTM32F411xE -c -I../Core/Inc -I../Drivers/STM32F4xx_HAL_Driver/Inc -I../Drivers/STM32F4xx_HAL_Driver/Inc/Legacy -I../Drivers/CMSIS/Device/ST/STM32F4xx/Include -I../Drivers/CMSIS/Include -I"C:/Users/HP/Documents/git/STM32/DWM1000-twr-responder/Core/Inc/decadriver" -I"C:/Users/HP/Documents/git/STM32/DWM1000-twr-responder/Core/Inc/platform" -I"C:/Users/HP/Documents/git/STM32/DWM1000-twr-responder/Core/Inc/compiler" -I"C:/Users/HP/Documents/git/STM32/DWM1000-twr-responder/Core/Inc/ssd1306" -O0 -ffunction-sections -fdata-sections -Wall -fstack-usage -fcyclomatic-complexity -MMD -MP -MF"Core/Inc/ssd1306/fonts.d" -MT"Core/Inc/ssd1306/fonts.o" --specs=nano.specs -mfpu=fpv4-sp-d16 -mfloat-abi=hard -mthumb -o "Core/Inc/ssd1306/fonts.o"
arm-none-eabi-gcc "../Core/Inc/ssd1306/ssd1306.c" -mcpu=cortex-m4 -std=gnu11 -g3 -DDEBUG -DUSE_HAL_DRIVER -DSTM32F411xE -c -I../Core/Inc -I../Drivers/STM32F4xx_HAL_Driver/Inc -I../Drivers/STM32F4xx_HAL_Driver/Inc/Legacy -I../Drivers/CMSIS/Device/ST/STM32F4xx/Include -I../Drivers/CMSIS/Include -I"C:/Users/HP/Documents/git/STM32/DWM1000-twr-responder/Core/Inc/decadriver" -I"C:/Users/HP/Documents/git/STM32/DWM1000-twr-responder/Core/Inc/platform" -I"C:/Users/HP/Documents/git/STM32/DWM1000-twr-responder/Core/Inc/compiler" -I"C:/Users/HP/Documents/git/STM32/DWM1000-twr-responder/Core/Inc/ssd1306" -O0 -ffunction-sections -fdata-sections -Wall -fstack-usage -fcyclomatic-complexity -MMD -MP -MF"Core/Inc/ssd1306/ssd1306.d" -MT"Core/Inc/ssd1306/ssd1306.o" --specs=nano.specs -mfpu=fpv4-sp-d16 -mfloat-abi=hard -mthumb -o "Core/Inc/ssd1306/ssd1306.o"
arm-none-eabi-gcc "../Core/Inc/ssd1306/test.c" -mcpu=cortex-m4 -std=gnu11 -g3 -DDEBUG -DUSE_HAL_DRIVER -DSTM32F411xE -c -I../Core/Inc -I../Drivers/STM32F4xx_HAL_Driver/Inc -I../Drivers/STM32F4xx_HAL_Driver/Inc/Legacy -I../Drivers/CMSIS/Device/ST/STM32F4xx/Include -I../Drivers/CMSIS/Include -I"C:/Users/HP/Documents/git/STM32/DWM1000-twr-responder/Core/Inc/decadriver" -I"C:/Users/HP/Documents/git/STM32/DWM1000-twr-responder/Core/Inc/platform" -I"C:/Users/HP/Documents/git/STM32/DWM1000-twr-responder/Core/Inc/compiler" -I"C:/Users/HP/Documents/git/STM32/DWM1000-twr-responder/Core/Inc/ssd1306" -O0 -ffunction-sections -fdata-sections -Wall -fstack-usage -fcyclomatic-complexity -MMD -MP -MF"Core/Inc/ssd1306/test.d" -MT"Core/Inc/ssd1306/test.o" --specs=nano.specs -mfpu=fpv4-sp-d16 -mfloat-abi=hard -mthumb -o "Core/Inc/ssd1306/test.o"
arm-none-eabi-gcc "../Core/Inc/platform/deca_mutex.c" -mcpu=cortex-m4 -std=gnu11 -g3 -DDEBUG -DUSE_HAL_DRIVER -DSTM32F411xE -c -I../Core/Inc -I../Drivers/STM32F4xx_HAL_Driver/Inc -I../Drivers/STM32F4xx_HAL_Driver/Inc/Legacy -I../Drivers/CMSIS/Device/ST/STM32F4xx/Include -I../Drivers/CMSIS/Include -I"C:/Users/HP/Documents/git/STM32/DWM1000-twr-responder/Core/Inc/decadriver" -I"C:/Users/HP/Documents/git/STM32/DWM1000-twr-responder/Core/Inc/platform" -I"C:/Users/HP/Documents/git/STM32/DWM1000-twr-responder/Core/Inc/compiler" -I"C:/Users/HP/Documents/git/STM32/DWM1000-twr-responder/Core/Inc/ssd1306" -O0 -ffunction-sections -fdata-sections -Wall -fstack-usage -fcyclomatic-complexity -MMD -MP -MF"Core/Inc/platform/deca_mutex.d" -MT"Core/Inc/platform/deca_mutex.o" --specs=nano.specs -mfpu=fpv4-sp-d16 -mfloat-abi=hard -mthumb -o "Core/Inc/platform/deca_mutex.o"
arm-none-eabi-gcc "../Core/Inc/platform/deca_range_tables.c" -mcpu=cortex-m4 -std=gnu11 -g3 -DDEBUG -DUSE_HAL_DRIVER -DSTM32F411xE -c -I../Core/Inc -I../Drivers/STM32F4xx_HAL_Driver/Inc -I../Drivers/STM32F4xx_HAL_Driver/Inc/Legacy -I../Drivers/CMSIS/Device/ST/STM32F4xx/Include -I../Drivers/CMSIS/Include -I"C:/Users/HP/Documents/git/STM32/DWM1000-twr-responder/Core/Inc/decadriver" -I"C:/Users/HP/Documents/git/STM32/DWM1000-twr-responder/Core/Inc/platform" -I"C:/Users/HP/Documents/git/STM32/DWM1000-twr-responder/Core/Inc/compiler" -I"C:/Users/HP/Documents/git/STM32/DWM1000-twr-responder/Core/Inc/ssd1306" -O0 -ffunction-sections -fdata-sections -Wall -fstack-usage -fcyclomatic-complexity -MMD -MP -MF"Core/Inc/platform/deca_range_tables.d" -MT"Core/Inc/platform/deca_range_tables.o" --specs=nano.specs -mfpu=fpv4-sp-d16 -mfloat-abi=hard -mthumb -o "Core/Inc/platform/deca_range_tables.o"
arm-none-eabi-gcc "../Core/Inc/platform/deca_sleep.c" -mcpu=cortex-m4 -std=gnu11 -g3 -DDEBUG -DUSE_HAL_DRIVER -DSTM32F411xE -c -I../Core/Inc -I../Drivers/STM32F4xx_HAL_Driver/Inc -I../Drivers/STM32F4xx_HAL_Driver/Inc/Legacy -I../Drivers/CMSIS/Device/ST/STM32F4xx/Include -I../Drivers/CMSIS/Include -I"C:/Users/HP/Documents/git/STM32/DWM1000-twr-responder/Core/Inc/decadriver" -I"C:/Users/HP/Documents/git/STM32/DWM1000-twr-responder/Core/Inc/platform" -I"C:/Users/HP/Documents/git/STM32/DWM1000-twr-responder/Core/Inc/compiler" -I"C:/Users/HP/Documents/git/STM32/DWM1000-twr-responder/Core/Inc/ssd1306" -O0 -ffunction-sections -fdata-sections -Wall -fstack-usage -fcyclomatic-complexity -MMD -MP -MF"Core/Inc/platform/deca_sleep.d" -MT"Core/Inc/platform/deca_sleep.o" --specs=nano.specs -mfpu=fpv4-sp-d16 -mfloat-abi=hard -mthumb -o "Core/Inc/platform/deca_sleep.o"
arm-none-eabi-gcc "../Core/Inc/platform/deca_spi.c" -mcpu=cortex-m4 -std=gnu11 -g3 -DDEBUG -DUSE_HAL_DRIVER -DSTM32F411xE -c -I../Core/Inc -I../Drivers/STM32F4xx_HAL_Driver/Inc -I../Drivers/STM32F4xx_HAL_Driver/Inc/Legacy -I../Drivers/CMSIS/Device/ST/STM32F4xx/Include -I../Drivers/CMSIS/Include -I"C:/Users/HP/Documents/git/STM32/DWM1000-twr-responder/Core/Inc/decadriver" -I"C:/Users/HP/Documents/git/STM32/DWM1000-twr-responder/Core/Inc/platform" -I"C:/Users/HP/Documents/git/STM32/DWM1000-twr-responder/Core/Inc/compiler" -I"C:/Users/HP/Documents/git/STM32/DWM1000-twr-responder/Core/Inc/ssd1306" -O0 -ffunction-sections -fdata-sections -Wall -fstack-usage -fcyclomatic-complexity -MMD -MP -MF"Core/Inc/platform/deca_spi.d" -MT"Core/Inc/platform/deca_spi.o" --specs=nano.specs -mfpu=fpv4-sp-d16 -mfloat-abi=hard -mthumb -o "Core/Inc/platform/deca_spi.o"
arm-none-eabi-gcc "../Core/Inc/platform/port.c" -mcpu=cortex-m4 -std=gnu11 -g3 -DDEBUG -DUSE_HAL_DRIVER -DSTM32F411xE -c -I../Core/Inc -I../Drivers/STM32F4xx_HAL_Driver/Inc -I../Drivers/STM32F4xx_HAL_Driver/Inc/Legacy -I../Drivers/CMSIS/Device/ST/STM32F4xx/Include -I../Drivers/CMSIS/Include -I"C:/Users/HP/Documents/git/STM32/DWM1000-twr-responder/Core/Inc/decadriver" -I"C:/Users/HP/Documents/git/STM32/DWM1000-twr-responder/Core/Inc/platform" -I"C:/Users/HP/Documents/git/STM32/DWM1000-twr-responder/Core/Inc/compiler" -I"C:/Users/HP/Documents/git/STM32/DWM1000-twr-responder/Core/Inc/ssd1306" -O0 -ffunction-sections -fdata-sections -Wall -fstack-usage -fcyclomatic-complexity -MMD -MP -MF"Core/Inc/platform/port.d" -MT"Core/Inc/platform/port.o" --specs=nano.specs -mfpu=fpv4-sp-d16 -mfloat-abi=hard -mthumb -o "Core/Inc/platform/port.o"
arm-none-eabi-gcc "../Core/Inc/decadriver/deca_device.c" -mcpu=cortex-m4 -std=gnu11 -g3 -DDEBUG -DUSE_HAL_DRIVER -DSTM32F411xE -c -I../Core/Inc -I../Drivers/STM32F4xx_HAL_Driver/Inc -I../Drivers/STM32F4xx_HAL_Driver/Inc/Legacy -I../Drivers/CMSIS/Device/ST/STM32F4xx/Include -I../Drivers/CMSIS/Include -I"C:/Users/HP/Documents/git/STM32/DWM1000-twr-responder/Core/Inc/decadriver" -I"C:/Users/HP/Documents/git/STM32/DWM1000-twr-responder/Core/Inc/platform" -I"C:/Users/HP/Documents/git/STM32/DWM1000-twr-responder/Core/Inc/compiler" -I"C:/Users/HP/Documents/git/STM32/DWM1000-twr-responder/Core/Inc/ssd1306" -O0 -ffunction-sections -fdata-sections -Wall -fstack-usage -fcyclomatic-complexity -MMD -MP -MF"Core/Inc/decadriver/deca_device.d" -MT"Core/Inc/decadriver/deca_device.o" --specs=nano.specs -mfpu=fpv4-sp-d16 -mfloat-abi=hard -mthumb -o "Core/Inc/decadriver/deca_device.o"
arm-none-eabi-gcc "../Core/Inc/decadriver/deca_params_init.c" -mcpu=cortex-m4 -std=gnu11 -g3 -DDEBUG -DUSE_HAL_DRIVER -DSTM32F411xE -c -I../Core/Inc -I../Drivers/STM32F4xx_HAL_Driver/Inc -I../Drivers/STM32F4xx_HAL_Driver/Inc/Legacy -I../Drivers/CMSIS/Device/ST/STM32F4xx/Include -I../Drivers/CMSIS/Include -I"C:/Users/HP/Documents/git/STM32/DWM1000-twr-responder/Core/Inc/decadriver" -I"C:/Users/HP/Documents/git/STM32/DWM1000-twr-responder/Core/Inc/platform" -I"C:/Users/HP/Documents/git/STM32/DWM1000-twr-responder/Core/Inc/compiler" -I"C:/Users/HP/Documents/git/STM32/DWM1000-twr-responder/Core/Inc/ssd1306" -O0 -ffunction-sections -fdata-sections -Wall -fstack-usage -fcyclomatic-complexity -MMD -MP -MF"Core/Inc/decadriver/deca_params_init.d" -MT"Core/Inc/decadriver/deca_params_init.o" --specs=nano.specs -mfpu=fpv4-sp-d16 -mfloat-abi=hard -mthumb -o "Core/Inc/decadriver/deca_params_init.o"
../Core/Inc/ssd1306/ssd1306.c: In function 'ssd1306_write':
../Core/Inc/ssd1306/ssd1306.c:663:15: warning: passing argument 1 of 'SSD1306_Puts' makes pointer from integer without a cast [-Wint-conversion]
  663 |  SSD1306_Puts(buff, &Font, 1);
      |               ^~~~
      |               |
      |               uint32_t {aka long unsigned int}
../Core/Inc/ssd1306/ssd1306.c:319:25: note: expected 'char *' but argument is of type 'uint32_t' {aka 'long unsigned int'}
  319 | char SSD1306_Puts(char* str, FontDef_t* Font, SSD1306_COLOR_t color) {
      |                   ~~~~~~^~~
../Core/Inc/platform/deca_spi.c: In function 'readfromspi':
../Core/Inc/platform/deca_spi.c:106:34: warning: passing argument 2 of 'HAL_SPI_Transmit' discards 'const' qualifier from pointer target type [-Wdiscarded-qualifiers]
  106 |         HAL_SPI_Transmit(&hspi1, &headerBuffer[i], 1, HAL_MAX_DELAY); //No timeout
      |                                  ^~~~~~~~~~~~~~~~
In file included from ../Core/Inc/stm32f4xx_hal_conf.h:403,
                 from ../Drivers/STM32F4xx_HAL_Driver/Inc/stm32f4xx_hal.h:29,
                 from ../Core/Inc/main.h:30,
                 from ../Core/Inc/spi.h:29,
                 from ../Core/Inc/platform/deca_spi.c:13:
../Drivers/STM32F4xx_HAL_Driver/Inc/stm32f4xx_hal_spi.h:670:70: note: expected 'uint8_t *' {aka 'unsigned char *'} but argument is of type 'const uint8_t *' {aka 'const unsigned char *'}
  670 | HAL_StatusTypeDef HAL_SPI_Transmit(SPI_HandleTypeDef *hspi, uint8_t *pData, uint16_t Size, uint32_t Timeout);
      |                                                             ~~~~~~~~~^~~~~
arm-none-eabi-gcc -o "DWM1000-twr-responder.elf" @"objects.list"   -mcpu=cortex-m4 -T"C:\Users\HP\Documents\git\STM32\DWM1000-twr-responder\STM32F411RETX_FLASH.ld" --specs=nosys.specs -Wl,-Map="DWM1000-twr-responder.map" -Wl,--gc-sections -static --specs=nano.specs -mfpu=fpv4-sp-d16 -mfloat-abi=hard -mthumb -u _printf_float -u _scanf_float -Wl,--start-group -lc -lm -Wl,--end-group
Finished building target: DWM1000-twr-responder.elf
 
arm-none-eabi-size   DWM1000-twr-responder.elf 
arm-none-eabi-objdump -h -S  DWM1000-twr-responder.elf  > "DWM1000-twr-responder.list"
   text	   data	    bss	    dec	    hex	filename
  52204	    592	   3016	  55812	   da04	DWM1000-twr-responder.elf
Finished building: default.size.stdout
 
Finished building: DWM1000-twr-responder.list
 

10:06:45 Build Finished. 0 errors, 13 warnings. (took 1s.813ms)

