15:21:22 **** Build of configuration Debug for project dwm1000- f411re-twr-resp ****
make -j16 all 
arm-none-eabi-gcc "../Drivers/STM32F4xx_HAL_Driver/Src/stm32f4xx_hal.c" -mcpu=cortex-m4 -std=gnu11 -g3 -DDEBUG -DUSE_HAL_DRIVER -DSTM32F411xE -c -I../Core/Inc -I../Drivers/STM32F4xx_HAL_Driver/Inc -I../Drivers/STM32F4xx_HAL_Driver/Inc/Legacy -I../Drivers/CMSIS/Device/ST/STM32F4xx/Include -I../Drivers/CMSIS/Include -I"C:/Users/HP/Documents/git/STM32/DWM1000/dwm1000- f411re-twr-resp/Core/Inc/decadriver" -I"C:/Users/HP/Documents/git/STM32/DWM1000/dwm1000- f411re-twr-resp/Core/Inc/platform" -I"C:/Users/HP/Documents/git/STM32/DWM1000/dwm1000- f411re-twr-resp/Core/Inc/ssd1306" -O0 -ffunction-sections -fdata-sections -Wall -fstack-usage -MMD -MP -MF"Drivers/STM32F4xx_HAL_Driver/Src/stm32f4xx_hal.d" -MT"Drivers/STM32F4xx_HAL_Driver/Src/stm32f4xx_hal.o" --specs=nano.specs -mfpu=fpv4-sp-d16 -mfloat-abi=hard -mthumb -o "Drivers/STM32F4xx_HAL_Driver/Src/stm32f4xx_hal.o"
arm-none-eabi-gcc "../Drivers/STM32F4xx_HAL_Driver/Src/stm32f4xx_hal_cortex.c" -mcpu=cortex-m4 -std=gnu11 -g3 -DDEBUG -DUSE_HAL_DRIVER -DSTM32F411xE -c -I../Core/Inc -I../Drivers/STM32F4xx_HAL_Driver/Inc -I../Drivers/STM32F4xx_HAL_Driver/Inc/Legacy -I../Drivers/CMSIS/Device/ST/STM32F4xx/Include -I../Drivers/CMSIS/Include -I"C:/Users/HP/Documents/git/STM32/DWM1000/dwm1000- f411re-twr-resp/Core/Inc/decadriver" -I"C:/Users/HP/Documents/git/STM32/DWM1000/dwm1000- f411re-twr-resp/Core/Inc/platform" -I"C:/Users/HP/Documents/git/STM32/DWM1000/dwm1000- f411re-twr-resp/Core/Inc/ssd1306" -O0 -ffunction-sections -fdata-sections -Wall -fstack-usage -MMD -MP -MF"Drivers/STM32F4xx_HAL_Driver/Src/stm32f4xx_hal_cortex.d" -MT"Drivers/STM32F4xx_HAL_Driver/Src/stm32f4xx_hal_cortex.o" --specs=nano.specs -mfpu=fpv4-sp-d16 -mfloat-abi=hard -mthumb -o "Drivers/STM32F4xx_HAL_Driver/Src/stm32f4xx_hal_cortex.o"
arm-none-eabi-gcc "../Drivers/STM32F4xx_HAL_Driver/Src/stm32f4xx_hal_dma.c" -mcpu=cortex-m4 -std=gnu11 -g3 -DDEBUG -DUSE_HAL_DRIVER -DSTM32F411xE -c -I../Core/Inc -I../Drivers/STM32F4xx_HAL_Driver/Inc -I../Drivers/STM32F4xx_HAL_Driver/Inc/Legacy -I../Drivers/CMSIS/Device/ST/STM32F4xx/Include -I../Drivers/CMSIS/Include -I"C:/Users/HP/Documents/git/STM32/DWM1000/dwm1000- f411re-twr-resp/Core/Inc/decadriver" -I"C:/Users/HP/Documents/git/STM32/DWM1000/dwm1000- f411re-twr-resp/Core/Inc/platform" -I"C:/Users/HP/Documents/git/STM32/DWM1000/dwm1000- f411re-twr-resp/Core/Inc/ssd1306" -O0 -ffunction-sections -fdata-sections -Wall -fstack-usage -MMD -MP -MF"Drivers/STM32F4xx_HAL_Driver/Src/stm32f4xx_hal_dma.d" -MT"Drivers/STM32F4xx_HAL_Driver/Src/stm32f4xx_hal_dma.o" --specs=nano.specs -mfpu=fpv4-sp-d16 -mfloat-abi=hard -mthumb -o "Drivers/STM32F4xx_HAL_Driver/Src/stm32f4xx_hal_dma.o"
arm-none-eabi-gcc "../Drivers/STM32F4xx_HAL_Driver/Src/stm32f4xx_hal_dma_ex.c" -mcpu=cortex-m4 -std=gnu11 -g3 -DDEBUG -DUSE_HAL_DRIVER -DSTM32F411xE -c -I../Core/Inc -I../Drivers/STM32F4xx_HAL_Driver/Inc -I../Drivers/STM32F4xx_HAL_Driver/Inc/Legacy -I../Drivers/CMSIS/Device/ST/STM32F4xx/Include -I../Drivers/CMSIS/Include -I"C:/Users/HP/Documents/git/STM32/DWM1000/dwm1000- f411re-twr-resp/Core/Inc/decadriver" -I"C:/Users/HP/Documents/git/STM32/DWM1000/dwm1000- f411re-twr-resp/Core/Inc/platform" -I"C:/Users/HP/Documents/git/STM32/DWM1000/dwm1000- f411re-twr-resp/Core/Inc/ssd1306" -O0 -ffunction-sections -fdata-sections -Wall -fstack-usage -MMD -MP -MF"Drivers/STM32F4xx_HAL_Driver/Src/stm32f4xx_hal_dma_ex.d" -MT"Drivers/STM32F4xx_HAL_Driver/Src/stm32f4xx_hal_dma_ex.o" --specs=nano.specs -mfpu=fpv4-sp-d16 -mfloat-abi=hard -mthumb -o "Drivers/STM32F4xx_HAL_Driver/Src/stm32f4xx_hal_dma_ex.o"
arm-none-eabi-gcc "../Drivers/STM32F4xx_HAL_Driver/Src/stm32f4xx_hal_exti.c" -mcpu=cortex-m4 -std=gnu11 -g3 -DDEBUG -DUSE_HAL_DRIVER -DSTM32F411xE -c -I../Core/Inc -I../Drivers/STM32F4xx_HAL_Driver/Inc -I../Drivers/STM32F4xx_HAL_Driver/Inc/Legacy -I../Drivers/CMSIS/Device/ST/STM32F4xx/Include -I../Drivers/CMSIS/Include -I"C:/Users/HP/Documents/git/STM32/DWM1000/dwm1000- f411re-twr-resp/Core/Inc/decadriver" -I"C:/Users/HP/Documents/git/STM32/DWM1000/dwm1000- f411re-twr-resp/Core/Inc/platform" -I"C:/Users/HP/Documents/git/STM32/DWM1000/dwm1000- f411re-twr-resp/Core/Inc/ssd1306" -O0 -ffunction-sections -fdata-sections -Wall -fstack-usage -MMD -MP -MF"Drivers/STM32F4xx_HAL_Driver/Src/stm32f4xx_hal_exti.d" -MT"Drivers/STM32F4xx_HAL_Driver/Src/stm32f4xx_hal_exti.o" --specs=nano.specs -mfpu=fpv4-sp-d16 -mfloat-abi=hard -mthumb -o "Drivers/STM32F4xx_HAL_Driver/Src/stm32f4xx_hal_exti.o"
arm-none-eabi-gcc "../Drivers/STM32F4xx_HAL_Driver/Src/stm32f4xx_hal_flash.c" -mcpu=cortex-m4 -std=gnu11 -g3 -DDEBUG -DUSE_HAL_DRIVER -DSTM32F411xE -c -I../Core/Inc -I../Drivers/STM32F4xx_HAL_Driver/Inc -I../Drivers/STM32F4xx_HAL_Driver/Inc/Legacy -I../Drivers/CMSIS/Device/ST/STM32F4xx/Include -I../Drivers/CMSIS/Include -I"C:/Users/HP/Documents/git/STM32/DWM1000/dwm1000- f411re-twr-resp/Core/Inc/decadriver" -I"C:/Users/HP/Documents/git/STM32/DWM1000/dwm1000- f411re-twr-resp/Core/Inc/platform" -I"C:/Users/HP/Documents/git/STM32/DWM1000/dwm1000- f411re-twr-resp/Core/Inc/ssd1306" -O0 -ffunction-sections -fdata-sections -Wall -fstack-usage -MMD -MP -MF"Drivers/STM32F4xx_HAL_Driver/Src/stm32f4xx_hal_flash.d" -MT"Drivers/STM32F4xx_HAL_Driver/Src/stm32f4xx_hal_flash.o" --specs=nano.specs -mfpu=fpv4-sp-d16 -mfloat-abi=hard -mthumb -o "Drivers/STM32F4xx_HAL_Driver/Src/stm32f4xx_hal_flash.o"
arm-none-eabi-gcc "../Drivers/STM32F4xx_HAL_Driver/Src/stm32f4xx_hal_flash_ex.c" -mcpu=cortex-m4 -std=gnu11 -g3 -DDEBUG -DUSE_HAL_DRIVER -DSTM32F411xE -c -I../Core/Inc -I../Drivers/STM32F4xx_HAL_Driver/Inc -I../Drivers/STM32F4xx_HAL_Driver/Inc/Legacy -I../Drivers/CMSIS/Device/ST/STM32F4xx/Include -I../Drivers/CMSIS/Include -I"C:/Users/HP/Documents/git/STM32/DWM1000/dwm1000- f411re-twr-resp/Core/Inc/decadriver" -I"C:/Users/HP/Documents/git/STM32/DWM1000/dwm1000- f411re-twr-resp/Core/Inc/platform" -I"C:/Users/HP/Documents/git/STM32/DWM1000/dwm1000- f411re-twr-resp/Core/Inc/ssd1306" -O0 -ffunction-sections -fdata-sections -Wall -fstack-usage -MMD -MP -MF"Drivers/STM32F4xx_HAL_Driver/Src/stm32f4xx_hal_flash_ex.d" -MT"Drivers/STM32F4xx_HAL_Driver/Src/stm32f4xx_hal_flash_ex.o" --specs=nano.specs -mfpu=fpv4-sp-d16 -mfloat-abi=hard -mthumb -o "Drivers/STM32F4xx_HAL_Driver/Src/stm32f4xx_hal_flash_ex.o"
arm-none-eabi-gcc "../Drivers/STM32F4xx_HAL_Driver/Src/stm32f4xx_hal_flash_ramfunc.c" -mcpu=cortex-m4 -std=gnu11 -g3 -DDEBUG -DUSE_HAL_DRIVER -DSTM32F411xE -c -I../Core/Inc -I../Drivers/STM32F4xx_HAL_Driver/Inc -I../Drivers/STM32F4xx_HAL_Driver/Inc/Legacy -I../Drivers/CMSIS/Device/ST/STM32F4xx/Include -I../Drivers/CMSIS/Include -I"C:/Users/HP/Documents/git/STM32/DWM1000/dwm1000- f411re-twr-resp/Core/Inc/decadriver" -I"C:/Users/HP/Documents/git/STM32/DWM1000/dwm1000- f411re-twr-resp/Core/Inc/platform" -I"C:/Users/HP/Documents/git/STM32/DWM1000/dwm1000- f411re-twr-resp/Core/Inc/ssd1306" -O0 -ffunction-sections -fdata-sections -Wall -fstack-usage -MMD -MP -MF"Drivers/STM32F4xx_HAL_Driver/Src/stm32f4xx_hal_flash_ramfunc.d" -MT"Drivers/STM32F4xx_HAL_Driver/Src/stm32f4xx_hal_flash_ramfunc.o" --specs=nano.specs -mfpu=fpv4-sp-d16 -mfloat-abi=hard -mthumb -o "Drivers/STM32F4xx_HAL_Driver/Src/stm32f4xx_hal_flash_ramfunc.o"
arm-none-eabi-gcc "../Drivers/STM32F4xx_HAL_Driver/Src/stm32f4xx_hal_gpio.c" -mcpu=cortex-m4 -std=gnu11 -g3 -DDEBUG -DUSE_HAL_DRIVER -DSTM32F411xE -c -I../Core/Inc -I../Drivers/STM32F4xx_HAL_Driver/Inc -I../Drivers/STM32F4xx_HAL_Driver/Inc/Legacy -I../Drivers/CMSIS/Device/ST/STM32F4xx/Include -I../Drivers/CMSIS/Include -I"C:/Users/HP/Documents/git/STM32/DWM1000/dwm1000- f411re-twr-resp/Core/Inc/decadriver" -I"C:/Users/HP/Documents/git/STM32/DWM1000/dwm1000- f411re-twr-resp/Core/Inc/platform" -I"C:/Users/HP/Documents/git/STM32/DWM1000/dwm1000- f411re-twr-resp/Core/Inc/ssd1306" -O0 -ffunction-sections -fdata-sections -Wall -fstack-usage -MMD -MP -MF"Drivers/STM32F4xx_HAL_Driver/Src/stm32f4xx_hal_gpio.d" -MT"Drivers/STM32F4xx_HAL_Driver/Src/stm32f4xx_hal_gpio.o" --specs=nano.specs -mfpu=fpv4-sp-d16 -mfloat-abi=hard -mthumb -o "Drivers/STM32F4xx_HAL_Driver/Src/stm32f4xx_hal_gpio.o"
arm-none-eabi-gcc "../Drivers/STM32F4xx_HAL_Driver/Src/stm32f4xx_hal_i2c.c" -mcpu=cortex-m4 -std=gnu11 -g3 -DDEBUG -DUSE_HAL_DRIVER -DSTM32F411xE -c -I../Core/Inc -I../Drivers/STM32F4xx_HAL_Driver/Inc -I../Drivers/STM32F4xx_HAL_Driver/Inc/Legacy -I../Drivers/CMSIS/Device/ST/STM32F4xx/Include -I../Drivers/CMSIS/Include -I"C:/Users/HP/Documents/git/STM32/DWM1000/dwm1000- f411re-twr-resp/Core/Inc/decadriver" -I"C:/Users/HP/Documents/git/STM32/DWM1000/dwm1000- f411re-twr-resp/Core/Inc/platform" -I"C:/Users/HP/Documents/git/STM32/DWM1000/dwm1000- f411re-twr-resp/Core/Inc/ssd1306" -O0 -ffunction-sections -fdata-sections -Wall -fstack-usage -MMD -MP -MF"Drivers/STM32F4xx_HAL_Driver/Src/stm32f4xx_hal_i2c.d" -MT"Drivers/STM32F4xx_HAL_Driver/Src/stm32f4xx_hal_i2c.o" --specs=nano.specs -mfpu=fpv4-sp-d16 -mfloat-abi=hard -mthumb -o "Drivers/STM32F4xx_HAL_Driver/Src/stm32f4xx_hal_i2c.o"
arm-none-eabi-gcc "../Drivers/STM32F4xx_HAL_Driver/Src/stm32f4xx_hal_i2c_ex.c" -mcpu=cortex-m4 -std=gnu11 -g3 -DDEBUG -DUSE_HAL_DRIVER -DSTM32F411xE -c -I../Core/Inc -I../Drivers/STM32F4xx_HAL_Driver/Inc -I../Drivers/STM32F4xx_HAL_Driver/Inc/Legacy -I../Drivers/CMSIS/Device/ST/STM32F4xx/Include -I../Drivers/CMSIS/Include -I"C:/Users/HP/Documents/git/STM32/DWM1000/dwm1000- f411re-twr-resp/Core/Inc/decadriver" -I"C:/Users/HP/Documents/git/STM32/DWM1000/dwm1000- f411re-twr-resp/Core/Inc/platform" -I"C:/Users/HP/Documents/git/STM32/DWM1000/dwm1000- f411re-twr-resp/Core/Inc/ssd1306" -O0 -ffunction-sections -fdata-sections -Wall -fstack-usage -MMD -MP -MF"Drivers/STM32F4xx_HAL_Driver/Src/stm32f4xx_hal_i2c_ex.d" -MT"Drivers/STM32F4xx_HAL_Driver/Src/stm32f4xx_hal_i2c_ex.o" --specs=nano.specs -mfpu=fpv4-sp-d16 -mfloat-abi=hard -mthumb -o "Drivers/STM32F4xx_HAL_Driver/Src/stm32f4xx_hal_i2c_ex.o"
arm-none-eabi-gcc "../Drivers/STM32F4xx_HAL_Driver/Src/stm32f4xx_hal_pwr.c" -mcpu=cortex-m4 -std=gnu11 -g3 -DDEBUG -DUSE_HAL_DRIVER -DSTM32F411xE -c -I../Core/Inc -I../Drivers/STM32F4xx_HAL_Driver/Inc -I../Drivers/STM32F4xx_HAL_Driver/Inc/Legacy -I../Drivers/CMSIS/Device/ST/STM32F4xx/Include -I../Drivers/CMSIS/Include -I"C:/Users/HP/Documents/git/STM32/DWM1000/dwm1000- f411re-twr-resp/Core/Inc/decadriver" -I"C:/Users/HP/Documents/git/STM32/DWM1000/dwm1000- f411re-twr-resp/Core/Inc/platform" -I"C:/Users/HP/Documents/git/STM32/DWM1000/dwm1000- f411re-twr-resp/Core/Inc/ssd1306" -O0 -ffunction-sections -fdata-sections -Wall -fstack-usage -MMD -MP -MF"Drivers/STM32F4xx_HAL_Driver/Src/stm32f4xx_hal_pwr.d" -MT"Drivers/STM32F4xx_HAL_Driver/Src/stm32f4xx_hal_pwr.o" --specs=nano.specs -mfpu=fpv4-sp-d16 -mfloat-abi=hard -mthumb -o "Drivers/STM32F4xx_HAL_Driver/Src/stm32f4xx_hal_pwr.o"
arm-none-eabi-gcc "../Drivers/STM32F4xx_HAL_Driver/Src/stm32f4xx_hal_pwr_ex.c" -mcpu=cortex-m4 -std=gnu11 -g3 -DDEBUG -DUSE_HAL_DRIVER -DSTM32F411xE -c -I../Core/Inc -I../Drivers/STM32F4xx_HAL_Driver/Inc -I../Drivers/STM32F4xx_HAL_Driver/Inc/Legacy -I../Drivers/CMSIS/Device/ST/STM32F4xx/Include -I../Drivers/CMSIS/Include -I"C:/Users/HP/Documents/git/STM32/DWM1000/dwm1000- f411re-twr-resp/Core/Inc/decadriver" -I"C:/Users/HP/Documents/git/STM32/DWM1000/dwm1000- f411re-twr-resp/Core/Inc/platform" -I"C:/Users/HP/Documents/git/STM32/DWM1000/dwm1000- f411re-twr-resp/Core/Inc/ssd1306" -O0 -ffunction-sections -fdata-sections -Wall -fstack-usage -MMD -MP -MF"Drivers/STM32F4xx_HAL_Driver/Src/stm32f4xx_hal_pwr_ex.d" -MT"Drivers/STM32F4xx_HAL_Driver/Src/stm32f4xx_hal_pwr_ex.o" --specs=nano.specs -mfpu=fpv4-sp-d16 -mfloat-abi=hard -mthumb -o "Drivers/STM32F4xx_HAL_Driver/Src/stm32f4xx_hal_pwr_ex.o"
arm-none-eabi-gcc "../Drivers/STM32F4xx_HAL_Driver/Src/stm32f4xx_hal_rcc.c" -mcpu=cortex-m4 -std=gnu11 -g3 -DDEBUG -DUSE_HAL_DRIVER -DSTM32F411xE -c -I../Core/Inc -I../Drivers/STM32F4xx_HAL_Driver/Inc -I../Drivers/STM32F4xx_HAL_Driver/Inc/Legacy -I../Drivers/CMSIS/Device/ST/STM32F4xx/Include -I../Drivers/CMSIS/Include -I"C:/Users/HP/Documents/git/STM32/DWM1000/dwm1000- f411re-twr-resp/Core/Inc/decadriver" -I"C:/Users/HP/Documents/git/STM32/DWM1000/dwm1000- f411re-twr-resp/Core/Inc/platform" -I"C:/Users/HP/Documents/git/STM32/DWM1000/dwm1000- f411re-twr-resp/Core/Inc/ssd1306" -O0 -ffunction-sections -fdata-sections -Wall -fstack-usage -MMD -MP -MF"Drivers/STM32F4xx_HAL_Driver/Src/stm32f4xx_hal_rcc.d" -MT"Drivers/STM32F4xx_HAL_Driver/Src/stm32f4xx_hal_rcc.o" --specs=nano.specs -mfpu=fpv4-sp-d16 -mfloat-abi=hard -mthumb -o "Drivers/STM32F4xx_HAL_Driver/Src/stm32f4xx_hal_rcc.o"
arm-none-eabi-gcc "../Drivers/STM32F4xx_HAL_Driver/Src/stm32f4xx_hal_rcc_ex.c" -mcpu=cortex-m4 -std=gnu11 -g3 -DDEBUG -DUSE_HAL_DRIVER -DSTM32F411xE -c -I../Core/Inc -I../Drivers/STM32F4xx_HAL_Driver/Inc -I../Drivers/STM32F4xx_HAL_Driver/Inc/Legacy -I../Drivers/CMSIS/Device/ST/STM32F4xx/Include -I../Drivers/CMSIS/Include -I"C:/Users/HP/Documents/git/STM32/DWM1000/dwm1000- f411re-twr-resp/Core/Inc/decadriver" -I"C:/Users/HP/Documents/git/STM32/DWM1000/dwm1000- f411re-twr-resp/Core/Inc/platform" -I"C:/Users/HP/Documents/git/STM32/DWM1000/dwm1000- f411re-twr-resp/Core/Inc/ssd1306" -O0 -ffunction-sections -fdata-sections -Wall -fstack-usage -MMD -MP -MF"Drivers/STM32F4xx_HAL_Driver/Src/stm32f4xx_hal_rcc_ex.d" -MT"Drivers/STM32F4xx_HAL_Driver/Src/stm32f4xx_hal_rcc_ex.o" --specs=nano.specs -mfpu=fpv4-sp-d16 -mfloat-abi=hard -mthumb -o "Drivers/STM32F4xx_HAL_Driver/Src/stm32f4xx_hal_rcc_ex.o"
arm-none-eabi-gcc "../Drivers/STM32F4xx_HAL_Driver/Src/stm32f4xx_hal_spi.c" -mcpu=cortex-m4 -std=gnu11 -g3 -DDEBUG -DUSE_HAL_DRIVER -DSTM32F411xE -c -I../Core/Inc -I../Drivers/STM32F4xx_HAL_Driver/Inc -I../Drivers/STM32F4xx_HAL_Driver/Inc/Legacy -I../Drivers/CMSIS/Device/ST/STM32F4xx/Include -I../Drivers/CMSIS/Include -I"C:/Users/HP/Documents/git/STM32/DWM1000/dwm1000- f411re-twr-resp/Core/Inc/decadriver" -I"C:/Users/HP/Documents/git/STM32/DWM1000/dwm1000- f411re-twr-resp/Core/Inc/platform" -I"C:/Users/HP/Documents/git/STM32/DWM1000/dwm1000- f411re-twr-resp/Core/Inc/ssd1306" -O0 -ffunction-sections -fdata-sections -Wall -fstack-usage -MMD -MP -MF"Drivers/STM32F4xx_HAL_Driver/Src/stm32f4xx_hal_spi.d" -MT"Drivers/STM32F4xx_HAL_Driver/Src/stm32f4xx_hal_spi.o" --specs=nano.specs -mfpu=fpv4-sp-d16 -mfloat-abi=hard -mthumb -o "Drivers/STM32F4xx_HAL_Driver/Src/stm32f4xx_hal_spi.o"
arm-none-eabi-gcc "../Drivers/STM32F4xx_HAL_Driver/Src/stm32f4xx_hal_tim.c" -mcpu=cortex-m4 -std=gnu11 -g3 -DDEBUG -DUSE_HAL_DRIVER -DSTM32F411xE -c -I../Core/Inc -I../Drivers/STM32F4xx_HAL_Driver/Inc -I../Drivers/STM32F4xx_HAL_Driver/Inc/Legacy -I../Drivers/CMSIS/Device/ST/STM32F4xx/Include -I../Drivers/CMSIS/Include -I"C:/Users/HP/Documents/git/STM32/DWM1000/dwm1000- f411re-twr-resp/Core/Inc/decadriver" -I"C:/Users/HP/Documents/git/STM32/DWM1000/dwm1000- f411re-twr-resp/Core/Inc/platform" -I"C:/Users/HP/Documents/git/STM32/DWM1000/dwm1000- f411re-twr-resp/Core/Inc/ssd1306" -O0 -ffunction-sections -fdata-sections -Wall -fstack-usage -MMD -MP -MF"Drivers/STM32F4xx_HAL_Driver/Src/stm32f4xx_hal_tim.d" -MT"Drivers/STM32F4xx_HAL_Driver/Src/stm32f4xx_hal_tim.o" --specs=nano.specs -mfpu=fpv4-sp-d16 -mfloat-abi=hard -mthumb -o "Drivers/STM32F4xx_HAL_Driver/Src/stm32f4xx_hal_tim.o"
arm-none-eabi-gcc "../Drivers/STM32F4xx_HAL_Driver/Src/stm32f4xx_hal_tim_ex.c" -mcpu=cortex-m4 -std=gnu11 -g3 -DDEBUG -DUSE_HAL_DRIVER -DSTM32F411xE -c -I../Core/Inc -I../Drivers/STM32F4xx_HAL_Driver/Inc -I../Drivers/STM32F4xx_HAL_Driver/Inc/Legacy -I../Drivers/CMSIS/Device/ST/STM32F4xx/Include -I../Drivers/CMSIS/Include -I"C:/Users/HP/Documents/git/STM32/DWM1000/dwm1000- f411re-twr-resp/Core/Inc/decadriver" -I"C:/Users/HP/Documents/git/STM32/DWM1000/dwm1000- f411re-twr-resp/Core/Inc/platform" -I"C:/Users/HP/Documents/git/STM32/DWM1000/dwm1000- f411re-twr-resp/Core/Inc/ssd1306" -O0 -ffunction-sections -fdata-sections -Wall -fstack-usage -MMD -MP -MF"Drivers/STM32F4xx_HAL_Driver/Src/stm32f4xx_hal_tim_ex.d" -MT"Drivers/STM32F4xx_HAL_Driver/Src/stm32f4xx_hal_tim_ex.o" --specs=nano.specs -mfpu=fpv4-sp-d16 -mfloat-abi=hard -mthumb -o "Drivers/STM32F4xx_HAL_Driver/Src/stm32f4xx_hal_tim_ex.o"
arm-none-eabi-gcc "../Drivers/STM32F4xx_HAL_Driver/Src/stm32f4xx_hal_uart.c" -mcpu=cortex-m4 -std=gnu11 -g3 -DDEBUG -DUSE_HAL_DRIVER -DSTM32F411xE -c -I../Core/Inc -I../Drivers/STM32F4xx_HAL_Driver/Inc -I../Drivers/STM32F4xx_HAL_Driver/Inc/Legacy -I../Drivers/CMSIS/Device/ST/STM32F4xx/Include -I../Drivers/CMSIS/Include -I"C:/Users/HP/Documents/git/STM32/DWM1000/dwm1000- f411re-twr-resp/Core/Inc/decadriver" -I"C:/Users/HP/Documents/git/STM32/DWM1000/dwm1000- f411re-twr-resp/Core/Inc/platform" -I"C:/Users/HP/Documents/git/STM32/DWM1000/dwm1000- f411re-twr-resp/Core/Inc/ssd1306" -O0 -ffunction-sections -fdata-sections -Wall -fstack-usage -MMD -MP -MF"Drivers/STM32F4xx_HAL_Driver/Src/stm32f4xx_hal_uart.d" -MT"Drivers/STM32F4xx_HAL_Driver/Src/stm32f4xx_hal_uart.o" --specs=nano.specs -mfpu=fpv4-sp-d16 -mfloat-abi=hard -mthumb -o "Drivers/STM32F4xx_HAL_Driver/Src/stm32f4xx_hal_uart.o"
arm-none-eabi-gcc -mcpu=cortex-m4 -g3 -DDEBUG -c -I"C:/Users/HP/Documents/git/STM32/DWM1000/dwm1000- f411re-twr-resp/Core/Inc/decadriver" -I"C:/Users/HP/Documents/git/STM32/DWM1000/dwm1000- f411re-twr-resp/Core/Inc/platform" -I"C:/Users/HP/Documents/git/STM32/DWM1000/dwm1000- f411re-twr-resp/Core/Inc/ssd1306" -x assembler-with-cpp -MMD -MP -MF"Core/Startup/startup_stm32f411retx.d" -MT"Core/Startup/startup_stm32f411retx.o" --specs=nano.specs -mfpu=fpv4-sp-d16 -mfloat-abi=hard -mthumb -o "Core/Startup/startup_stm32f411retx.o" "../Core/Startup/startup_stm32f411retx.s"
arm-none-eabi-gcc "../Core/Src/gpio.c" -mcpu=cortex-m4 -std=gnu11 -g3 -DDEBUG -DUSE_HAL_DRIVER -DSTM32F411xE -c -I../Core/Inc -I../Drivers/STM32F4xx_HAL_Driver/Inc -I../Drivers/STM32F4xx_HAL_Driver/Inc/Legacy -I../Drivers/CMSIS/Device/ST/STM32F4xx/Include -I../Drivers/CMSIS/Include -I"C:/Users/HP/Documents/git/STM32/DWM1000/dwm1000- f411re-twr-resp/Core/Inc/decadriver" -I"C:/Users/HP/Documents/git/STM32/DWM1000/dwm1000- f411re-twr-resp/Core/Inc/platform" -I"C:/Users/HP/Documents/git/STM32/DWM1000/dwm1000- f411re-twr-resp/Core/Inc/ssd1306" -O0 -ffunction-sections -fdata-sections -Wall -fstack-usage -MMD -MP -MF"Core/Src/gpio.d" -MT"Core/Src/gpio.o" --specs=nano.specs -mfpu=fpv4-sp-d16 -mfloat-abi=hard -mthumb -o "Core/Src/gpio.o"
arm-none-eabi-gcc "../Core/Src/i2c.c" -mcpu=cortex-m4 -std=gnu11 -g3 -DDEBUG -DUSE_HAL_DRIVER -DSTM32F411xE -c -I../Core/Inc -I../Drivers/STM32F4xx_HAL_Driver/Inc -I../Drivers/STM32F4xx_HAL_Driver/Inc/Legacy -I../Drivers/CMSIS/Device/ST/STM32F4xx/Include -I../Drivers/CMSIS/Include -I"C:/Users/HP/Documents/git/STM32/DWM1000/dwm1000- f411re-twr-resp/Core/Inc/decadriver" -I"C:/Users/HP/Documents/git/STM32/DWM1000/dwm1000- f411re-twr-resp/Core/Inc/platform" -I"C:/Users/HP/Documents/git/STM32/DWM1000/dwm1000- f411re-twr-resp/Core/Inc/ssd1306" -O0 -ffunction-sections -fdata-sections -Wall -fstack-usage -MMD -MP -MF"Core/Src/i2c.d" -MT"Core/Src/i2c.o" --specs=nano.specs -mfpu=fpv4-sp-d16 -mfloat-abi=hard -mthumb -o "Core/Src/i2c.o"
arm-none-eabi-gcc "../Core/Src/main.c" -mcpu=cortex-m4 -std=gnu11 -g3 -DDEBUG -DUSE_HAL_DRIVER -DSTM32F411xE -c -I../Core/Inc -I../Drivers/STM32F4xx_HAL_Driver/Inc -I../Drivers/STM32F4xx_HAL_Driver/Inc/Legacy -I../Drivers/CMSIS/Device/ST/STM32F4xx/Include -I../Drivers/CMSIS/Include -I"C:/Users/HP/Documents/git/STM32/DWM1000/dwm1000- f411re-twr-resp/Core/Inc/decadriver" -I"C:/Users/HP/Documents/git/STM32/DWM1000/dwm1000- f411re-twr-resp/Core/Inc/platform" -I"C:/Users/HP/Documents/git/STM32/DWM1000/dwm1000- f411re-twr-resp/Core/Inc/ssd1306" -O0 -ffunction-sections -fdata-sections -Wall -fstack-usage -MMD -MP -MF"Core/Src/main.d" -MT"Core/Src/main.o" --specs=nano.specs -mfpu=fpv4-sp-d16 -mfloat-abi=hard -mthumb -o "Core/Src/main.o"
arm-none-eabi-gcc "../Core/Src/spi.c" -mcpu=cortex-m4 -std=gnu11 -g3 -DDEBUG -DUSE_HAL_DRIVER -DSTM32F411xE -c -I../Core/Inc -I../Drivers/STM32F4xx_HAL_Driver/Inc -I../Drivers/STM32F4xx_HAL_Driver/Inc/Legacy -I../Drivers/CMSIS/Device/ST/STM32F4xx/Include -I../Drivers/CMSIS/Include -I"C:/Users/HP/Documents/git/STM32/DWM1000/dwm1000- f411re-twr-resp/Core/Inc/decadriver" -I"C:/Users/HP/Documents/git/STM32/DWM1000/dwm1000- f411re-twr-resp/Core/Inc/platform" -I"C:/Users/HP/Documents/git/STM32/DWM1000/dwm1000- f411re-twr-resp/Core/Inc/ssd1306" -O0 -ffunction-sections -fdata-sections -Wall -fstack-usage -MMD -MP -MF"Core/Src/spi.d" -MT"Core/Src/spi.o" --specs=nano.specs -mfpu=fpv4-sp-d16 -mfloat-abi=hard -mthumb -o "Core/Src/spi.o"
arm-none-eabi-gcc "../Core/Src/stm32f4xx_hal_msp.c" -mcpu=cortex-m4 -std=gnu11 -g3 -DDEBUG -DUSE_HAL_DRIVER -DSTM32F411xE -c -I../Core/Inc -I../Drivers/STM32F4xx_HAL_Driver/Inc -I../Drivers/STM32F4xx_HAL_Driver/Inc/Legacy -I../Drivers/CMSIS/Device/ST/STM32F4xx/Include -I../Drivers/CMSIS/Include -I"C:/Users/HP/Documents/git/STM32/DWM1000/dwm1000- f411re-twr-resp/Core/Inc/decadriver" -I"C:/Users/HP/Documents/git/STM32/DWM1000/dwm1000- f411re-twr-resp/Core/Inc/platform" -I"C:/Users/HP/Documents/git/STM32/DWM1000/dwm1000- f411re-twr-resp/Core/Inc/ssd1306" -O0 -ffunction-sections -fdata-sections -Wall -fstack-usage -MMD -MP -MF"Core/Src/stm32f4xx_hal_msp.d" -MT"Core/Src/stm32f4xx_hal_msp.o" --specs=nano.specs -mfpu=fpv4-sp-d16 -mfloat-abi=hard -mthumb -o "Core/Src/stm32f4xx_hal_msp.o"
arm-none-eabi-gcc "../Core/Src/stm32f4xx_it.c" -mcpu=cortex-m4 -std=gnu11 -g3 -DDEBUG -DUSE_HAL_DRIVER -DSTM32F411xE -c -I../Core/Inc -I../Drivers/STM32F4xx_HAL_Driver/Inc -I../Drivers/STM32F4xx_HAL_Driver/Inc/Legacy -I../Drivers/CMSIS/Device/ST/STM32F4xx/Include -I../Drivers/CMSIS/Include -I"C:/Users/HP/Documents/git/STM32/DWM1000/dwm1000- f411re-twr-resp/Core/Inc/decadriver" -I"C:/Users/HP/Documents/git/STM32/DWM1000/dwm1000- f411re-twr-resp/Core/Inc/platform" -I"C:/Users/HP/Documents/git/STM32/DWM1000/dwm1000- f411re-twr-resp/Core/Inc/ssd1306" -O0 -ffunction-sections -fdata-sections -Wall -fstack-usage -MMD -MP -MF"Core/Src/stm32f4xx_it.d" -MT"Core/Src/stm32f4xx_it.o" --specs=nano.specs -mfpu=fpv4-sp-d16 -mfloat-abi=hard -mthumb -o "Core/Src/stm32f4xx_it.o"
arm-none-eabi-gcc "../Core/Src/syscalls.c" -mcpu=cortex-m4 -std=gnu11 -g3 -DDEBUG -DUSE_HAL_DRIVER -DSTM32F411xE -c -I../Core/Inc -I../Drivers/STM32F4xx_HAL_Driver/Inc -I../Drivers/STM32F4xx_HAL_Driver/Inc/Legacy -I../Drivers/CMSIS/Device/ST/STM32F4xx/Include -I../Drivers/CMSIS/Include -I"C:/Users/HP/Documents/git/STM32/DWM1000/dwm1000- f411re-twr-resp/Core/Inc/decadriver" -I"C:/Users/HP/Documents/git/STM32/DWM1000/dwm1000- f411re-twr-resp/Core/Inc/platform" -I"C:/Users/HP/Documents/git/STM32/DWM1000/dwm1000- f411re-twr-resp/Core/Inc/ssd1306" -O0 -ffunction-sections -fdata-sections -Wall -fstack-usage -MMD -MP -MF"Core/Src/syscalls.d" -MT"Core/Src/syscalls.o" --specs=nano.specs -mfpu=fpv4-sp-d16 -mfloat-abi=hard -mthumb -o "Core/Src/syscalls.o"
arm-none-eabi-gcc "../Core/Src/sysmem.c" -mcpu=cortex-m4 -std=gnu11 -g3 -DDEBUG -DUSE_HAL_DRIVER -DSTM32F411xE -c -I../Core/Inc -I../Drivers/STM32F4xx_HAL_Driver/Inc -I../Drivers/STM32F4xx_HAL_Driver/Inc/Legacy -I../Drivers/CMSIS/Device/ST/STM32F4xx/Include -I../Drivers/CMSIS/Include -I"C:/Users/HP/Documents/git/STM32/DWM1000/dwm1000- f411re-twr-resp/Core/Inc/decadriver" -I"C:/Users/HP/Documents/git/STM32/DWM1000/dwm1000- f411re-twr-resp/Core/Inc/platform" -I"C:/Users/HP/Documents/git/STM32/DWM1000/dwm1000- f411re-twr-resp/Core/Inc/ssd1306" -O0 -ffunction-sections -fdata-sections -Wall -fstack-usage -MMD -MP -MF"Core/Src/sysmem.d" -MT"Core/Src/sysmem.o" --specs=nano.specs -mfpu=fpv4-sp-d16 -mfloat-abi=hard -mthumb -o "Core/Src/sysmem.o"
arm-none-eabi-gcc "../Core/Src/system_stm32f4xx.c" -mcpu=cortex-m4 -std=gnu11 -g3 -DDEBUG -DUSE_HAL_DRIVER -DSTM32F411xE -c -I../Core/Inc -I../Drivers/STM32F4xx_HAL_Driver/Inc -I../Drivers/STM32F4xx_HAL_Driver/Inc/Legacy -I../Drivers/CMSIS/Device/ST/STM32F4xx/Include -I../Drivers/CMSIS/Include -I"C:/Users/HP/Documents/git/STM32/DWM1000/dwm1000- f411re-twr-resp/Core/Inc/decadriver" -I"C:/Users/HP/Documents/git/STM32/DWM1000/dwm1000- f411re-twr-resp/Core/Inc/platform" -I"C:/Users/HP/Documents/git/STM32/DWM1000/dwm1000- f411re-twr-resp/Core/Inc/ssd1306" -O0 -ffunction-sections -fdata-sections -Wall -fstack-usage -MMD -MP -MF"Core/Src/system_stm32f4xx.d" -MT"Core/Src/system_stm32f4xx.o" --specs=nano.specs -mfpu=fpv4-sp-d16 -mfloat-abi=hard -mthumb -o "Core/Src/system_stm32f4xx.o"
arm-none-eabi-gcc "../Core/Src/twr-responder.c" -mcpu=cortex-m4 -std=gnu11 -g3 -DDEBUG -DUSE_HAL_DRIVER -DSTM32F411xE -c -I../Core/Inc -I../Drivers/STM32F4xx_HAL_Driver/Inc -I../Drivers/STM32F4xx_HAL_Driver/Inc/Legacy -I../Drivers/CMSIS/Device/ST/STM32F4xx/Include -I../Drivers/CMSIS/Include -I"C:/Users/HP/Documents/git/STM32/DWM1000/dwm1000- f411re-twr-resp/Core/Inc/decadriver" -I"C:/Users/HP/Documents/git/STM32/DWM1000/dwm1000- f411re-twr-resp/Core/Inc/platform" -I"C:/Users/HP/Documents/git/STM32/DWM1000/dwm1000- f411re-twr-resp/Core/Inc/ssd1306" -O0 -ffunction-sections -fdata-sections -Wall -fstack-usage -MMD -MP -MF"Core/Src/twr-responder.d" -MT"Core/Src/twr-responder.o" --specs=nano.specs -mfpu=fpv4-sp-d16 -mfloat-abi=hard -mthumb -o "Core/Src/twr-responder.o"
arm-none-eabi-gcc "../Core/Src/usart.c" -mcpu=cortex-m4 -std=gnu11 -g3 -DDEBUG -DUSE_HAL_DRIVER -DSTM32F411xE -c -I../Core/Inc -I../Drivers/STM32F4xx_HAL_Driver/Inc -I../Drivers/STM32F4xx_HAL_Driver/Inc/Legacy -I../Drivers/CMSIS/Device/ST/STM32F4xx/Include -I../Drivers/CMSIS/Include -I"C:/Users/HP/Documents/git/STM32/DWM1000/dwm1000- f411re-twr-resp/Core/Inc/decadriver" -I"C:/Users/HP/Documents/git/STM32/DWM1000/dwm1000- f411re-twr-resp/Core/Inc/platform" -I"C:/Users/HP/Documents/git/STM32/DWM1000/dwm1000- f411re-twr-resp/Core/Inc/ssd1306" -O0 -ffunction-sections -fdata-sections -Wall -fstack-usage -MMD -MP -MF"Core/Src/usart.d" -MT"Core/Src/usart.o" --specs=nano.specs -mfpu=fpv4-sp-d16 -mfloat-abi=hard -mthumb -o "Core/Src/usart.o"
arm-none-eabi-gcc "../Core/Inc/ssd1306/fonts.c" -mcpu=cortex-m4 -std=gnu11 -g3 -DDEBUG -DUSE_HAL_DRIVER -DSTM32F411xE -c -I../Core/Inc -I../Drivers/STM32F4xx_HAL_Driver/Inc -I../Drivers/STM32F4xx_HAL_Driver/Inc/Legacy -I../Drivers/CMSIS/Device/ST/STM32F4xx/Include -I../Drivers/CMSIS/Include -I"C:/Users/HP/Documents/git/STM32/DWM1000/dwm1000- f411re-twr-resp/Core/Inc/decadriver" -I"C:/Users/HP/Documents/git/STM32/DWM1000/dwm1000- f411re-twr-resp/Core/Inc/platform" -I"C:/Users/HP/Documents/git/STM32/DWM1000/dwm1000- f411re-twr-resp/Core/Inc/ssd1306" -O0 -ffunction-sections -fdata-sections -Wall -fstack-usage -MMD -MP -MF"Core/Inc/ssd1306/fonts.d" -MT"Core/Inc/ssd1306/fonts.o" --specs=nano.specs -mfpu=fpv4-sp-d16 -mfloat-abi=hard -mthumb -o "Core/Inc/ssd1306/fonts.o"
arm-none-eabi-gcc "../Core/Inc/ssd1306/ssd1306.c" -mcpu=cortex-m4 -std=gnu11 -g3 -DDEBUG -DUSE_HAL_DRIVER -DSTM32F411xE -c -I../Core/Inc -I../Drivers/STM32F4xx_HAL_Driver/Inc -I../Drivers/STM32F4xx_HAL_Driver/Inc/Legacy -I../Drivers/CMSIS/Device/ST/STM32F4xx/Include -I../Drivers/CMSIS/Include -I"C:/Users/HP/Documents/git/STM32/DWM1000/dwm1000- f411re-twr-resp/Core/Inc/decadriver" -I"C:/Users/HP/Documents/git/STM32/DWM1000/dwm1000- f411re-twr-resp/Core/Inc/platform" -I"C:/Users/HP/Documents/git/STM32/DWM1000/dwm1000- f411re-twr-resp/Core/Inc/ssd1306" -O0 -ffunction-sections -fdata-sections -Wall -fstack-usage -MMD -MP -MF"Core/Inc/ssd1306/ssd1306.d" -MT"Core/Inc/ssd1306/ssd1306.o" --specs=nano.specs -mfpu=fpv4-sp-d16 -mfloat-abi=hard -mthumb -o "Core/Inc/ssd1306/ssd1306.o"
arm-none-eabi-gcc "../Core/Inc/ssd1306/test.c" -mcpu=cortex-m4 -std=gnu11 -g3 -DDEBUG -DUSE_HAL_DRIVER -DSTM32F411xE -c -I../Core/Inc -I../Drivers/STM32F4xx_HAL_Driver/Inc -I../Drivers/STM32F4xx_HAL_Driver/Inc/Legacy -I../Drivers/CMSIS/Device/ST/STM32F4xx/Include -I../Drivers/CMSIS/Include -I"C:/Users/HP/Documents/git/STM32/DWM1000/dwm1000- f411re-twr-resp/Core/Inc/decadriver" -I"C:/Users/HP/Documents/git/STM32/DWM1000/dwm1000- f411re-twr-resp/Core/Inc/platform" -I"C:/Users/HP/Documents/git/STM32/DWM1000/dwm1000- f411re-twr-resp/Core/Inc/ssd1306" -O0 -ffunction-sections -fdata-sections -Wall -fstack-usage -MMD -MP -MF"Core/Inc/ssd1306/test.d" -MT"Core/Inc/ssd1306/test.o" --specs=nano.specs -mfpu=fpv4-sp-d16 -mfloat-abi=hard -mthumb -o "Core/Inc/ssd1306/test.o"
../Core/Src/main.c: In function 'main':
../Core/Src/main.c:95:3: warning: implicit declaration of function 'setup_DW1000RSTnIRQ' [-Wimplicit-function-declaration]
   95 |   setup_DW1000RSTnIRQ(0);
      |   ^~~~~~~~~~~~~~~~~~~
arm-none-eabi-gcc "../Core/Inc/platform/deca_mutex.c" -mcpu=cortex-m4 -std=gnu11 -g3 -DDEBUG -DUSE_HAL_DRIVER -DSTM32F411xE -c -I../Core/Inc -I../Drivers/STM32F4xx_HAL_Driver/Inc -I../Drivers/STM32F4xx_HAL_Driver/Inc/Legacy -I../Drivers/CMSIS/Device/ST/STM32F4xx/Include -I../Drivers/CMSIS/Include -I"C:/Users/HP/Documents/git/STM32/DWM1000/dwm1000- f411re-twr-resp/Core/Inc/decadriver" -I"C:/Users/HP/Documents/git/STM32/DWM1000/dwm1000- f411re-twr-resp/Core/Inc/platform" -I"C:/Users/HP/Documents/git/STM32/DWM1000/dwm1000- f411re-twr-resp/Core/Inc/ssd1306" -O0 -ffunction-sections -fdata-sections -Wall -fstack-usage -MMD -MP -MF"Core/Inc/platform/deca_mutex.d" -MT"Core/Inc/platform/deca_mutex.o" --specs=nano.specs -mfpu=fpv4-sp-d16 -mfloat-abi=hard -mthumb -o "Core/Inc/platform/deca_mutex.o"
../Core/Inc/ssd1306/ssd1306.c: In function 'ssd1306_write':
../Core/Inc/ssd1306/ssd1306.c:663:15: warning: passing argument 1 of 'SSD1306_Puts' makes pointer from integer without a cast [-Wint-conversion]
  663 |  SSD1306_Puts(buff, &Font, 1);
      |               ^~~~
      |               |
      |               uint32_t {aka long unsigned int}
../Core/Inc/ssd1306/ssd1306.c:319:25: note: expected 'char *' but argument is of type 'uint32_t' {aka 'long unsigned int'}
  319 | char SSD1306_Puts(char* str, FontDef_t* Font, SSD1306_COLOR_t color) {
      |                   ~~~~~~^~~
../Core/Src/twr-responder.c: In function 'dw_main':
../Core/Src/twr-responder.c:126:15: warning: passing argument 1 of 'ssd1306_write' makes integer from pointer without a cast [-Wint-conversion]
  126 | ssd1306_write(buff, Font_7x10);
      |               ^~~~
      |               |
      |               char *
arm-none-eabi-gcc "../Core/Inc/platform/deca_range_tables.c" -mcpu=cortex-m4 -std=gnu11 -g3 -DDEBUG -DUSE_HAL_DRIVER -DSTM32F411xE -c -I../Core/Inc -I../Drivers/STM32F4xx_HAL_Driver/Inc -I../Drivers/STM32F4xx_HAL_Driver/Inc/Legacy -I../Drivers/CMSIS/Device/ST/STM32F4xx/Include -I../Drivers/CMSIS/Include -I"C:/Users/HP/Documents/git/STM32/DWM1000/dwm1000- f411re-twr-resp/Core/Inc/decadriver" -I"C:/Users/HP/Documents/git/STM32/DWM1000/dwm1000- f411re-twr-resp/Core/Inc/platform" -I"C:/Users/HP/Documents/git/STM32/DWM1000/dwm1000- f411re-twr-resp/Core/Inc/ssd1306" -O0 -ffunction-sections -fdata-sections -Wall -fstack-usage -MMD -MP -MF"Core/Inc/platform/deca_range_tables.d" -MT"Core/Inc/platform/deca_range_tables.o" --specs=nano.specs -mfpu=fpv4-sp-d16 -mfloat-abi=hard -mthumb -o "Core/Inc/platform/deca_range_tables.o"
In file included from ../Core/Src/twr-responder.c:30:
C:/Users/HP/Documents/git/STM32/DWM1000/dwm1000- f411re-twr-resp/Core/Inc/ssd1306/ssd1306.h:311:29: note: expected 'uint32_t' {aka 'long unsigned int'} but argument is of type 'char *'
  311 | void ssd1306_write(uint32_t buff, FontDef_t Font);
      |                    ~~~~~~~~~^~~~
../Core/Src/twr-responder.c:134:36: warning: pointer targets in passing argument 2 of 'HAL_UART_Transmit' differ in signedness [-Wpointer-sign]
  134 |         HAL_UART_Transmit(&huart2, "INIT FAILED\n", 12, 100);
      |                                    ^~~~~~~~~~~~~~~
      |                                    |
      |                                    char *
In file included from ../Core/Inc/stm32f4xx_hal_conf.h:406,
                 from ../Drivers/STM32F4xx_HAL_Driver/Inc/stm32f4xx_hal.h:30,
                 from ../Core/Inc/main.h:31,
                 from ../Core/Inc/gpio.h:28,
                 from C:/Users/HP/Documents/git/STM32/DWM1000/dwm1000- f411re-twr-resp/Core/Inc/platform/port.h:25,
                 from ../Core/Src/twr-responder.c:28:
../Drivers/STM32F4xx_HAL_Driver/Inc/stm32f4xx_hal_uart.h:723:73: note: expected 'uint8_t *' {aka 'unsigned char *'} but argument is of type 'char *'
  723 | HAL_StatusTypeDef HAL_UART_Transmit(UART_HandleTypeDef *huart, uint8_t *pData, uint16_t Size, uint32_t Timeout);
      |                                                                ~~~~~~~~~^~~~~
../Core/Src/twr-responder.c:136:23: warning: passing argument 1 of 'ssd1306_write' makes integer from pointer without a cast [-Wint-conversion]
arm-none-eabi-gcc "../Core/Inc/platform/deca_sleep.c" -mcpu=cortex-m4 -std=gnu11 -g3 -DDEBUG -DUSE_HAL_DRIVER -DSTM32F411xE -c -I../Core/Inc -I../Drivers/STM32F4xx_HAL_Driver/Inc -I../Drivers/STM32F4xx_HAL_Driver/Inc/Legacy -I../Drivers/CMSIS/Device/ST/STM32F4xx/Include -I../Drivers/CMSIS/Include -I"C:/Users/HP/Documents/git/STM32/DWM1000/dwm1000- f411re-twr-resp/Core/Inc/decadriver" -I"C:/Users/HP/Documents/git/STM32/DWM1000/dwm1000- f411re-twr-resp/Core/Inc/platform" -I"C:/Users/HP/Documents/git/STM32/DWM1000/dwm1000- f411re-twr-resp/Core/Inc/ssd1306" -O0 -ffunction-sections -fdata-sections -Wall -fstack-usage -MMD -MP -MF"Core/Inc/platform/deca_sleep.d" -MT"Core/Inc/platform/deca_sleep.o" --specs=nano.specs -mfpu=fpv4-sp-d16 -mfloat-abi=hard -mthumb -o "Core/Inc/platform/deca_sleep.o"
  136 |         ssd1306_write("Init Failed!!!", Font_7x10);
      |                       ^~~~~~~~~~~~~~~~
      |                       |
      |                       char *
In file included from ../Core/Src/twr-responder.c:30:
C:/Users/HP/Documents/git/STM32/DWM1000/dwm1000- f411re-twr-resp/Core/Inc/ssd1306/ssd1306.h:311:29: note: expected 'uint32_t' {aka 'long unsigned int'} but argument is of type 'char *'
  311 | void ssd1306_write(uint32_t buff, FontDef_t Font);
      |                    ~~~~~~~~~^~~~
../Core/Src/twr-responder.c:157:43: warning: passing argument 1 of 'ssd1306_write' makes integer from pointer without a cast [-Wint-conversion]
  157 |      SSD1306_GotoXY(0, 0);  ssd1306_write("Received :", Font_7x10);
      |                                           ^~~~~~~~~~~~
      |                                           |
      |                                           char *
In file included from ../Core/Src/twr-responder.c:30:
C:/Users/HP/Documents/git/STM32/DWM1000/dwm1000- f411re-twr-resp/Core/Inc/ssd1306/ssd1306.h:311:29: note: expected 'uint32_t' {aka 'long unsigned int'} but argument is of type 'char *'
arm-none-eabi-gcc "../Core/Inc/platform/deca_spi.c" -mcpu=cortex-m4 -std=gnu11 -g3 -DDEBUG -DUSE_HAL_DRIVER -DSTM32F411xE -c -I../Core/Inc -I../Drivers/STM32F4xx_HAL_Driver/Inc -I../Drivers/STM32F4xx_HAL_Driver/Inc/Legacy -I../Drivers/CMSIS/Device/ST/STM32F4xx/Include -I../Drivers/CMSIS/Include -I"C:/Users/HP/Documents/git/STM32/DWM1000/dwm1000- f411re-twr-resp/Core/Inc/decadriver" -I"C:/Users/HP/Documents/git/STM32/DWM1000/dwm1000- f411re-twr-resp/Core/Inc/platform" -I"C:/Users/HP/Documents/git/STM32/DWM1000/dwm1000- f411re-twr-resp/Core/Inc/ssd1306" -O0 -ffunction-sections -fdata-sections -Wall -fstack-usage -MMD -MP -MF"Core/Inc/platform/deca_spi.d" -MT"Core/Inc/platform/deca_spi.o" --specs=nano.specs -mfpu=fpv4-sp-d16 -mfloat-abi=hard -mthumb -o "Core/Inc/platform/deca_spi.o"
  311 | void ssd1306_write(uint32_t buff, FontDef_t Font);
      |                    ~~~~~~~~~^~~~
../Core/Src/twr-responder.c:158:44: warning: passing argument 1 of 'ssd1306_write' makes integer from pointer without a cast [-Wint-conversion]
  158 |      SSD1306_GotoXY(0, 20);  ssd1306_write("Transmitted :", Font_7x10);
      |                                            ^~~~~~~~~~~~~~~
      |                                            |
      |                                            char *
In file included from ../Core/Src/twr-responder.c:30:
C:/Users/HP/Documents/git/STM32/DWM1000/dwm1000- f411re-twr-resp/Core/Inc/ssd1306/ssd1306.h:311:29: note: expected 'uint32_t' {aka 'long unsigned int'} but argument is of type 'char *'
  311 | void ssd1306_write(uint32_t buff, FontDef_t Font);
      |                    ~~~~~~~~~^~~~
../Core/Src/twr-responder.c:182:50: warning: passing argument 1 of 'ssd1306_write' makes integer from pointer without a cast [-Wint-conversion]
  182 |             SSD1306_GotoXY(0, 10); ssd1306_write(rx_buffer, Font_7x10);
      |                                                  ^~~~~~~~~
arm-none-eabi-gcc "../Core/Inc/platform/port.c" -mcpu=cortex-m4 -std=gnu11 -g3 -DDEBUG -DUSE_HAL_DRIVER -DSTM32F411xE -c -I../Core/Inc -I../Drivers/STM32F4xx_HAL_Driver/Inc -I../Drivers/STM32F4xx_HAL_Driver/Inc/Legacy -I../Drivers/CMSIS/Device/ST/STM32F4xx/Include -I../Drivers/CMSIS/Include -I"C:/Users/HP/Documents/git/STM32/DWM1000/dwm1000- f411re-twr-resp/Core/Inc/decadriver" -I"C:/Users/HP/Documents/git/STM32/DWM1000/dwm1000- f411re-twr-resp/Core/Inc/platform" -I"C:/Users/HP/Documents/git/STM32/DWM1000/dwm1000- f411re-twr-resp/Core/Inc/ssd1306" -O0 -ffunction-sections -fdata-sections -Wall -fstack-usage -MMD -MP -MF"Core/Inc/platform/port.d" -MT"Core/Inc/platform/port.o" --specs=nano.specs -mfpu=fpv4-sp-d16 -mfloat-abi=hard -mthumb -o "Core/Inc/platform/port.o"
      |                                                  |
      |                                                  uint8 * {aka unsigned char *}
In file included from ../Core/Src/twr-responder.c:30:
C:/Users/HP/Documents/git/STM32/DWM1000/dwm1000- f411re-twr-resp/Core/Inc/ssd1306/ssd1306.h:311:29: note: expected 'uint32_t' {aka 'long unsigned int'} but argument is of type 'uint8 *' {aka 'unsigned char *'}
  311 | void ssd1306_write(uint32_t buff, FontDef_t Font);
      |                    ~~~~~~~~~^~~~
../Core/Src/twr-responder.c:209:54: warning: passing argument 1 of 'ssd1306_write' makes integer from pointer without a cast [-Wint-conversion]
  209 |                 SSD1306_GotoXY(0, 30); ssd1306_write(rx_buffer, Font_7x10);
      |                                                      ^~~~~~~~~
      |                                                      |
      |                                                      uint8 * {aka unsigned char *}
In file included from ../Core/Src/twr-responder.c:30:
C:/Users/HP/Documents/git/STM32/DWM1000/dwm1000- f411re-twr-resp/Core/Inc/ssd1306/ssd1306.h:311:29: note: expected 'uint32_t' {aka 'long unsigned int'} but argument is of type 'uint8 *' {aka 'unsigned char *'}
  311 | void ssd1306_write(uint32_t buff, FontDef_t Font);
      |                    ~~~~~~~~~^~~~
../Core/Src/twr-responder.c:235:58: warning: passing argument 1 of 'ssd1306_write' makes integer from pointer without a cast [-Wint-conversion]
  235 |                     SSD1306_GotoXY(0, 50); ssd1306_write(rx_buffer, Font_7x10);
      |                                                          ^~~~~~~~~
      |                                                          |
      |                                                          uint8 * {aka unsigned char *}
In file included from ../Core/Src/twr-responder.c:30:
C:/Users/HP/Documents/git/STM32/DWM1000/dwm1000- f411re-twr-resp/Core/Inc/ssd1306/ssd1306.h:311:29: note: expected 'uint32_t' {aka 'long unsigned int'} but argument is of type 'uint8 *' {aka 'unsigned char *'}
  311 | void ssd1306_write(uint32_t buff, FontDef_t Font);
      |                    ~~~~~~~~~^~~~
arm-none-eabi-gcc "../Core/Inc/decadriver/deca_device.c" -mcpu=cortex-m4 -std=gnu11 -g3 -DDEBUG -DUSE_HAL_DRIVER -DSTM32F411xE -c -I../Core/Inc -I../Drivers/STM32F4xx_HAL_Driver/Inc -I../Drivers/STM32F4xx_HAL_Driver/Inc/Legacy -I../Drivers/CMSIS/Device/ST/STM32F4xx/Include -I../Drivers/CMSIS/Include -I"C:/Users/HP/Documents/git/STM32/DWM1000/dwm1000- f411re-twr-resp/Core/Inc/decadriver" -I"C:/Users/HP/Documents/git/STM32/DWM1000/dwm1000- f411re-twr-resp/Core/Inc/platform" -I"C:/Users/HP/Documents/git/STM32/DWM1000/dwm1000- f411re-twr-resp/Core/Inc/ssd1306" -O0 -ffunction-sections -fdata-sections -Wall -fstack-usage -MMD -MP -MF"Core/Inc/decadriver/deca_device.d" -MT"Core/Inc/decadriver/deca_device.o" --specs=nano.specs -mfpu=fpv4-sp-d16 -mfloat-abi=hard -mthumb -o "Core/Inc/decadriver/deca_device.o"
arm-none-eabi-gcc "../Core/Inc/decadriver/deca_params_init.c" -mcpu=cortex-m4 -std=gnu11 -g3 -DDEBUG -DUSE_HAL_DRIVER -DSTM32F411xE -c -I../Core/Inc -I../Drivers/STM32F4xx_HAL_Driver/Inc -I../Drivers/STM32F4xx_HAL_Driver/Inc/Legacy -I../Drivers/CMSIS/Device/ST/STM32F4xx/Include -I../Drivers/CMSIS/Include -I"C:/Users/HP/Documents/git/STM32/DWM1000/dwm1000- f411re-twr-resp/Core/Inc/decadriver" -I"C:/Users/HP/Documents/git/STM32/DWM1000/dwm1000- f411re-twr-resp/Core/Inc/platform" -I"C:/Users/HP/Documents/git/STM32/DWM1000/dwm1000- f411re-twr-resp/Core/Inc/ssd1306" -O0 -ffunction-sections -fdata-sections -Wall -fstack-usage -MMD -MP -MF"Core/Inc/decadriver/deca_params_init.d" -MT"Core/Inc/decadriver/deca_params_init.o" --specs=nano.specs -mfpu=fpv4-sp-d16 -mfloat-abi=hard -mthumb -o "Core/Inc/decadriver/deca_params_init.o"
../Core/Src/twr-responder.c:271:52: warning: pointer targets in passing argument 2 of 'HAL_UART_Transmit' differ in signedness [-Wpointer-sign]
  271 |                         HAL_UART_Transmit(&huart2, dist_str, sizeof(dist_str), 100);
      |                                                    ^~~~~~~~
      |                                                    |
      |                                                    char *
In file included from ../Core/Inc/stm32f4xx_hal_conf.h:406,
                 from ../Drivers/STM32F4xx_HAL_Driver/Inc/stm32f4xx_hal.h:30,
                 from ../Core/Inc/main.h:31,
                 from ../Core/Inc/gpio.h:28,
                 from C:/Users/HP/Documents/git/STM32/DWM1000/dwm1000- f411re-twr-resp/Core/Inc/platform/port.h:25,
                 from ../Core/Src/twr-responder.c:28:
../Drivers/STM32F4xx_HAL_Driver/Inc/stm32f4xx_hal_uart.h:723:73: note: expected 'uint8_t *' {aka 'unsigned char *'} but argument is of type 'char *'
  723 | HAL_StatusTypeDef HAL_UART_Transmit(UART_HandleTypeDef *huart, uint8_t *pData, uint16_t Size, uint32_t Timeout);
      |                                                                ~~~~~~~~~^~~~~
../Core/Src/twr-responder.c:273:62: warning: passing argument 1 of 'ssd1306_write' makes integer from pointer without a cast [-Wint-conversion]
  273 |                         SSD1306_GotoXY(0, 20); ssd1306_write(dist_str, Font_11x18);
      |                                                              ^~~~~~~~
      |                                                              |
      |                                                              char *
In file included from ../Core/Src/twr-responder.c:30:
C:/Users/HP/Documents/git/STM32/DWM1000/dwm1000- f411re-twr-resp/Core/Inc/ssd1306/ssd1306.h:311:29: note: expected 'uint32_t' {aka 'long unsigned int'} but argument is of type 'char *'
  311 | void ssd1306_write(uint32_t buff, FontDef_t Font);
      |                    ~~~~~~~~~^~~~
../Core/Inc/platform/deca_spi.c: In function 'readfromspi':
../Core/Inc/platform/deca_spi.c:105:34: warning: passing argument 2 of 'HAL_SPI_Transmit' discards 'const' qualifier from pointer target type [-Wdiscarded-qualifiers]
  105 |         HAL_SPI_Transmit(&hspi1, &headerBuffer[i], 1, HAL_MAX_DELAY); //No timeout
      |                                  ^~~~~~~~~~~~~~~~
In file included from ../Core/Inc/stm32f4xx_hal_conf.h:398,
                 from ../Drivers/STM32F4xx_HAL_Driver/Inc/stm32f4xx_hal.h:30,
                 from ../Core/Inc/main.h:31,
                 from ../Core/Inc/gpio.h:28,
                 from ../Core/Inc/platform/port.h:25,
                 from ../Core/Inc/platform/deca_spi.c:16:
../Drivers/STM32F4xx_HAL_Driver/Inc/stm32f4xx_hal_spi.h:670:70: note: expected 'uint8_t *' {aka 'unsigned char *'} but argument is of type 'const uint8_t *' {aka 'const unsigned char *'}
  670 | HAL_StatusTypeDef HAL_SPI_Transmit(SPI_HandleTypeDef *hspi, uint8_t *pData, uint16_t Size, uint32_t Timeout);
      |                                                             ~~~~~~~~~^~~~~
../Core/Inc/platform/port.c: In function 'process_deca_irq':
../Core/Inc/platform/port.c:436:9: warning: implicit declaration of function 'port_deca_isr'; did you mean 'port_set_deca_isr'? [-Wimplicit-function-declaration]
  436 |         port_deca_isr();
      |         ^~~~~~~~~~~~~
      |         port_set_deca_isr
../Core/Inc/platform/port.c: At top level:
../Core/Inc/platform/port.c:506:55: warning: "/*" within comment [-Wcomment]
  506 | //static char     rbuf[REPORT_BUFSIZE];               /**< circular report buffer, data to be transmitted in flush_report_buff() Thread */
      |                                                        
arm-none-eabi-gcc -o "dwm1000- f411re-twr-resp.elf" @"objects.list"   -mcpu=cortex-m4 -T"C:\Users\HP\Documents\git\STM32\DWM1000\dwm1000- f411re-twr-resp\STM32F411RETX_FLASH.ld" --specs=nosys.specs -Wl,-Map="dwm1000- f411re-twr-resp.map" -Wl,--gc-sections -static --specs=nano.specs -mfpu=fpv4-sp-d16 -mfloat-abi=hard -mthumb -u _printf_float -u _scanf_float -Wl,--start-group -lc -lm -Wl,--end-group
Finished building target: dwm1000- f411re-twr-resp.elf
 
arm-none-eabi-size   dwm1000-\ f411re-twr-resp.elf 
arm-none-eabi-objdump -h -S  dwm1000-\ f411re-twr-resp.elf  > "dwm1000- f411re-twr-resp.list"
arm-none-eabi-objcopy  -O binary  dwm1000-\ f411re-twr-resp.elf  "dwm1000- f411re-twr-resp.bin"
   text	   data	    bss	    dec	    hex	filename
  49348	    592	   3016	  52956	   cedc	dwm1000- f411re-twr-resp.elf
Finished building: default.size.stdout
 
Finished building: dwm1000- f411re-twr-resp.bin
 
Finished building: dwm1000- f411re-twr-resp.list
 

15:21:37 Build Finished. 0 errors, 15 warnings. (took 15s.343ms)

