10:39:16 **** Incremental Build of configuration Debug for project dwm3000-tx ****
make -j16 all 
arm-none-eabi-gcc "../Core/Src/main.c" -mcpu=cortex-m3 -std=gnu11 -g3 -DDEBUG -DUSE_HAL_DRIVER -DSTM32L152xE -c -I../Core/Inc -I../Drivers/STM32L1xx_HAL_Driver/Inc -I../Drivers/STM32L1xx_HAL_Driver/Inc/Legacy -I../Drivers/CMSIS/Device/ST/STM32L1xx/Include -I../Drivers/CMSIS/Include -I"C:/Users/HP/Documents/git/STM32/DWM3000/dwm3000-tx/Core/Inc/platform" -I"C:/Users/HP/Documents/git/STM32/DWM3000/dwm3000-tx/Core/Inc/dwt_uwb_driver/Inc" -I"C:/Users/HP/Documents/git/STM32/DWM3000/dwm3000-tx/Core/Inc/dwt_uwb_driver/lib" -I"C:/Users/HP/Documents/git/STM32/DWM3000/dwm3000-tx/Core/Inc/shared_data" -O0 -ffunction-sections -fdata-sections -Wall -fstack-usage -fcyclomatic-complexity -MMD -MP -MF"Core/Src/main.d" -MT"Core/Src/main.o" --specs=nano.specs -mfloat-abi=soft -mthumb -o "Core/Src/main.o"
../Core/Src/main.c: In function 'main':
../Core/Src/main.c:103:3: warning: implicit declaration of function 'simple_tx' [-Wimplicit-function-declaration]
  103 |   simple_tx();
      |   ^~~~~~~~~
arm-none-eabi-gcc -o "dwm3000-tx.elf" @"objects.list"  -Wl,--start-group  -Wl,--end-group -mcpu=cortex-m3 -T"C:\Users\HP\Documents\git\STM32\DWM3000\dwm3000-tx\STM32L152RETX_FLASH.ld" --specs=nosys.specs -Wl,-Map="dwm3000-tx.map" -static -L"C:\Users\HP\Documents\git\STM32\DWM3000\dwm3000-tx\Core\Inc\dwt_uwb_driver\lib" -Wl,--whole-archive -ldwt_uwb_driver-m4-sfp-6.0.7 -Wl,--no-whole-archive --specs=nano.specs -mfloat-abi=soft -mthumb -Wl,--start-group -lc -lm -Wl,--end-group
Finished building target: dwm3000-tx.elf
 
arm-none-eabi-size   dwm3000-tx.elf 
arm-none-eabi-objdump -h -S  dwm3000-tx.elf  > "dwm3000-tx.list"
   text	   data	    bss	    dec	    hex	filename
 137880	      8	   1984	 139872	  22260	dwm3000-tx.elf
Finished building: default.size.stdout
 
Finished building: dwm3000-tx.list
 

10:39:17 Build Finished. 0 errors, 1 warnings. (took 973ms)

