11:53:45 **** Build of configuration Debug for project L152-RX-TX ****
make -j16 all 
arm-none-eabi-gcc "../Drivers/STM32L1xx_HAL_Driver/Src/stm32l1xx_hal.c" -mcpu=cortex-m3 -std=gnu11 -g3 -DDEBUG -DUSE_HAL_DRIVER -DSTM32L152xE -c -I../Core/Inc -I../Drivers/STM32L1xx_HAL_Driver/Inc -I../Drivers/STM32L1xx_HAL_Driver/Inc/Legacy -I../Drivers/CMSIS/Device/ST/STM32L1xx/Include -I../Drivers/CMSIS/Include -I"C:/Users/HP/Documents/git/STM32/L152-RX-TX/Core/Inc/decadriver" -I"C:/Users/HP/Documents/git/STM32/L152-RX-TX/Core/Inc/platform" -I"C:/Users/HP/Documents/git/STM32/L152-RX-TX/Core/Inc/ssd1306" -O0 -ffunction-sections -fdata-sections -Wall -fstack-usage -fcyclomatic-complexity -MMD -MP -MF"Drivers/STM32L1xx_HAL_Driver/Src/stm32l1xx_hal.d" -MT"Drivers/STM32L1xx_HAL_Driver/Src/stm32l1xx_hal.o" --specs=nano.specs -mfloat-abi=soft -mthumb -o "Drivers/STM32L1xx_HAL_Driver/Src/stm32l1xx_hal.o"
arm-none-eabi-gcc "../Drivers/STM32L1xx_HAL_Driver/Src/stm32l1xx_hal_cortex.c" -mcpu=cortex-m3 -std=gnu11 -g3 -DDEBUG -DUSE_HAL_DRIVER -DSTM32L152xE -c -I../Core/Inc -I../Drivers/STM32L1xx_HAL_Driver/Inc -I../Drivers/STM32L1xx_HAL_Driver/Inc/Legacy -I../Drivers/CMSIS/Device/ST/STM32L1xx/Include -I../Drivers/CMSIS/Include -I"C:/Users/HP/Documents/git/STM32/L152-RX-TX/Core/Inc/decadriver" -I"C:/Users/HP/Documents/git/STM32/L152-RX-TX/Core/Inc/platform" -I"C:/Users/HP/Documents/git/STM32/L152-RX-TX/Core/Inc/ssd1306" -O0 -ffunction-sections -fdata-sections -Wall -fstack-usage -fcyclomatic-complexity -MMD -MP -MF"Drivers/STM32L1xx_HAL_Driver/Src/stm32l1xx_hal_cortex.d" -MT"Drivers/STM32L1xx_HAL_Driver/Src/stm32l1xx_hal_cortex.o" --specs=nano.specs -mfloat-abi=soft -mthumb -o "Drivers/STM32L1xx_HAL_Driver/Src/stm32l1xx_hal_cortex.o"
arm-none-eabi-gcc "../Drivers/STM32L1xx_HAL_Driver/Src/stm32l1xx_hal_dma.c" -mcpu=cortex-m3 -std=gnu11 -g3 -DDEBUG -DUSE_HAL_DRIVER -DSTM32L152xE -c -I../Core/Inc -I../Drivers/STM32L1xx_HAL_Driver/Inc -I../Drivers/STM32L1xx_HAL_Driver/Inc/Legacy -I../Drivers/CMSIS/Device/ST/STM32L1xx/Include -I../Drivers/CMSIS/Include -I"C:/Users/HP/Documents/git/STM32/L152-RX-TX/Core/Inc/decadriver" -I"C:/Users/HP/Documents/git/STM32/L152-RX-TX/Core/Inc/platform" -I"C:/Users/HP/Documents/git/STM32/L152-RX-TX/Core/Inc/ssd1306" -O0 -ffunction-sections -fdata-sections -Wall -fstack-usage -fcyclomatic-complexity -MMD -MP -MF"Drivers/STM32L1xx_HAL_Driver/Src/stm32l1xx_hal_dma.d" -MT"Drivers/STM32L1xx_HAL_Driver/Src/stm32l1xx_hal_dma.o" --specs=nano.specs -mfloat-abi=soft -mthumb -o "Drivers/STM32L1xx_HAL_Driver/Src/stm32l1xx_hal_dma.o"
arm-none-eabi-gcc "../Drivers/STM32L1xx_HAL_Driver/Src/stm32l1xx_hal_exti.c" -mcpu=cortex-m3 -std=gnu11 -g3 -DDEBUG -DUSE_HAL_DRIVER -DSTM32L152xE -c -I../Core/Inc -I../Drivers/STM32L1xx_HAL_Driver/Inc -I../Drivers/STM32L1xx_HAL_Driver/Inc/Legacy -I../Drivers/CMSIS/Device/ST/STM32L1xx/Include -I../Drivers/CMSIS/Include -I"C:/Users/HP/Documents/git/STM32/L152-RX-TX/Core/Inc/decadriver" -I"C:/Users/HP/Documents/git/STM32/L152-RX-TX/Core/Inc/platform" -I"C:/Users/HP/Documents/git/STM32/L152-RX-TX/Core/Inc/ssd1306" -O0 -ffunction-sections -fdata-sections -Wall -fstack-usage -fcyclomatic-complexity -MMD -MP -MF"Drivers/STM32L1xx_HAL_Driver/Src/stm32l1xx_hal_exti.d" -MT"Drivers/STM32L1xx_HAL_Driver/Src/stm32l1xx_hal_exti.o" --specs=nano.specs -mfloat-abi=soft -mthumb -o "Drivers/STM32L1xx_HAL_Driver/Src/stm32l1xx_hal_exti.o"
arm-none-eabi-gcc "../Drivers/STM32L1xx_HAL_Driver/Src/stm32l1xx_hal_flash.c" -mcpu=cortex-m3 -std=gnu11 -g3 -DDEBUG -DUSE_HAL_DRIVER -DSTM32L152xE -c -I../Core/Inc -I../Drivers/STM32L1xx_HAL_Driver/Inc -I../Drivers/STM32L1xx_HAL_Driver/Inc/Legacy -I../Drivers/CMSIS/Device/ST/STM32L1xx/Include -I../Drivers/CMSIS/Include -I"C:/Users/HP/Documents/git/STM32/L152-RX-TX/Core/Inc/decadriver" -I"C:/Users/HP/Documents/git/STM32/L152-RX-TX/Core/Inc/platform" -I"C:/Users/HP/Documents/git/STM32/L152-RX-TX/Core/Inc/ssd1306" -O0 -ffunction-sections -fdata-sections -Wall -fstack-usage -fcyclomatic-complexity -MMD -MP -MF"Drivers/STM32L1xx_HAL_Driver/Src/stm32l1xx_hal_flash.d" -MT"Drivers/STM32L1xx_HAL_Driver/Src/stm32l1xx_hal_flash.o" --specs=nano.specs -mfloat-abi=soft -mthumb -o "Drivers/STM32L1xx_HAL_Driver/Src/stm32l1xx_hal_flash.o"
arm-none-eabi-gcc "../Drivers/STM32L1xx_HAL_Driver/Src/stm32l1xx_hal_flash_ex.c" -mcpu=cortex-m3 -std=gnu11 -g3 -DDEBUG -DUSE_HAL_DRIVER -DSTM32L152xE -c -I../Core/Inc -I../Drivers/STM32L1xx_HAL_Driver/Inc -I../Drivers/STM32L1xx_HAL_Driver/Inc/Legacy -I../Drivers/CMSIS/Device/ST/STM32L1xx/Include -I../Drivers/CMSIS/Include -I"C:/Users/HP/Documents/git/STM32/L152-RX-TX/Core/Inc/decadriver" -I"C:/Users/HP/Documents/git/STM32/L152-RX-TX/Core/Inc/platform" -I"C:/Users/HP/Documents/git/STM32/L152-RX-TX/Core/Inc/ssd1306" -O0 -ffunction-sections -fdata-sections -Wall -fstack-usage -fcyclomatic-complexity -MMD -MP -MF"Drivers/STM32L1xx_HAL_Driver/Src/stm32l1xx_hal_flash_ex.d" -MT"Drivers/STM32L1xx_HAL_Driver/Src/stm32l1xx_hal_flash_ex.o" --specs=nano.specs -mfloat-abi=soft -mthumb -o "Drivers/STM32L1xx_HAL_Driver/Src/stm32l1xx_hal_flash_ex.o"
arm-none-eabi-gcc "../Drivers/STM32L1xx_HAL_Driver/Src/stm32l1xx_hal_flash_ramfunc.c" -mcpu=cortex-m3 -std=gnu11 -g3 -DDEBUG -DUSE_HAL_DRIVER -DSTM32L152xE -c -I../Core/Inc -I../Drivers/STM32L1xx_HAL_Driver/Inc -I../Drivers/STM32L1xx_HAL_Driver/Inc/Legacy -I../Drivers/CMSIS/Device/ST/STM32L1xx/Include -I../Drivers/CMSIS/Include -I"C:/Users/HP/Documents/git/STM32/L152-RX-TX/Core/Inc/decadriver" -I"C:/Users/HP/Documents/git/STM32/L152-RX-TX/Core/Inc/platform" -I"C:/Users/HP/Documents/git/STM32/L152-RX-TX/Core/Inc/ssd1306" -O0 -ffunction-sections -fdata-sections -Wall -fstack-usage -fcyclomatic-complexity -MMD -MP -MF"Drivers/STM32L1xx_HAL_Driver/Src/stm32l1xx_hal_flash_ramfunc.d" -MT"Drivers/STM32L1xx_HAL_Driver/Src/stm32l1xx_hal_flash_ramfunc.o" --specs=nano.specs -mfloat-abi=soft -mthumb -o "Drivers/STM32L1xx_HAL_Driver/Src/stm32l1xx_hal_flash_ramfunc.o"
arm-none-eabi-gcc "../Drivers/STM32L1xx_HAL_Driver/Src/stm32l1xx_hal_gpio.c" -mcpu=cortex-m3 -std=gnu11 -g3 -DDEBUG -DUSE_HAL_DRIVER -DSTM32L152xE -c -I../Core/Inc -I../Drivers/STM32L1xx_HAL_Driver/Inc -I../Drivers/STM32L1xx_HAL_Driver/Inc/Legacy -I../Drivers/CMSIS/Device/ST/STM32L1xx/Include -I../Drivers/CMSIS/Include -I"C:/Users/HP/Documents/git/STM32/L152-RX-TX/Core/Inc/decadriver" -I"C:/Users/HP/Documents/git/STM32/L152-RX-TX/Core/Inc/platform" -I"C:/Users/HP/Documents/git/STM32/L152-RX-TX/Core/Inc/ssd1306" -O0 -ffunction-sections -fdata-sections -Wall -fstack-usage -fcyclomatic-complexity -MMD -MP -MF"Drivers/STM32L1xx_HAL_Driver/Src/stm32l1xx_hal_gpio.d" -MT"Drivers/STM32L1xx_HAL_Driver/Src/stm32l1xx_hal_gpio.o" --specs=nano.specs -mfloat-abi=soft -mthumb -o "Drivers/STM32L1xx_HAL_Driver/Src/stm32l1xx_hal_gpio.o"
arm-none-eabi-gcc "../Drivers/STM32L1xx_HAL_Driver/Src/stm32l1xx_hal_i2c.c" -mcpu=cortex-m3 -std=gnu11 -g3 -DDEBUG -DUSE_HAL_DRIVER -DSTM32L152xE -c -I../Core/Inc -I../Drivers/STM32L1xx_HAL_Driver/Inc -I../Drivers/STM32L1xx_HAL_Driver/Inc/Legacy -I../Drivers/CMSIS/Device/ST/STM32L1xx/Include -I../Drivers/CMSIS/Include -I"C:/Users/HP/Documents/git/STM32/L152-RX-TX/Core/Inc/decadriver" -I"C:/Users/HP/Documents/git/STM32/L152-RX-TX/Core/Inc/platform" -I"C:/Users/HP/Documents/git/STM32/L152-RX-TX/Core/Inc/ssd1306" -O0 -ffunction-sections -fdata-sections -Wall -fstack-usage -fcyclomatic-complexity -MMD -MP -MF"Drivers/STM32L1xx_HAL_Driver/Src/stm32l1xx_hal_i2c.d" -MT"Drivers/STM32L1xx_HAL_Driver/Src/stm32l1xx_hal_i2c.o" --specs=nano.specs -mfloat-abi=soft -mthumb -o "Drivers/STM32L1xx_HAL_Driver/Src/stm32l1xx_hal_i2c.o"
arm-none-eabi-gcc "../Drivers/STM32L1xx_HAL_Driver/Src/stm32l1xx_hal_pwr.c" -mcpu=cortex-m3 -std=gnu11 -g3 -DDEBUG -DUSE_HAL_DRIVER -DSTM32L152xE -c -I../Core/Inc -I../Drivers/STM32L1xx_HAL_Driver/Inc -I../Drivers/STM32L1xx_HAL_Driver/Inc/Legacy -I../Drivers/CMSIS/Device/ST/STM32L1xx/Include -I../Drivers/CMSIS/Include -I"C:/Users/HP/Documents/git/STM32/L152-RX-TX/Core/Inc/decadriver" -I"C:/Users/HP/Documents/git/STM32/L152-RX-TX/Core/Inc/platform" -I"C:/Users/HP/Documents/git/STM32/L152-RX-TX/Core/Inc/ssd1306" -O0 -ffunction-sections -fdata-sections -Wall -fstack-usage -fcyclomatic-complexity -MMD -MP -MF"Drivers/STM32L1xx_HAL_Driver/Src/stm32l1xx_hal_pwr.d" -MT"Drivers/STM32L1xx_HAL_Driver/Src/stm32l1xx_hal_pwr.o" --specs=nano.specs -mfloat-abi=soft -mthumb -o "Drivers/STM32L1xx_HAL_Driver/Src/stm32l1xx_hal_pwr.o"
arm-none-eabi-gcc "../Drivers/STM32L1xx_HAL_Driver/Src/stm32l1xx_hal_pwr_ex.c" -mcpu=cortex-m3 -std=gnu11 -g3 -DDEBUG -DUSE_HAL_DRIVER -DSTM32L152xE -c -I../Core/Inc -I../Drivers/STM32L1xx_HAL_Driver/Inc -I../Drivers/STM32L1xx_HAL_Driver/Inc/Legacy -I../Drivers/CMSIS/Device/ST/STM32L1xx/Include -I../Drivers/CMSIS/Include -I"C:/Users/HP/Documents/git/STM32/L152-RX-TX/Core/Inc/decadriver" -I"C:/Users/HP/Documents/git/STM32/L152-RX-TX/Core/Inc/platform" -I"C:/Users/HP/Documents/git/STM32/L152-RX-TX/Core/Inc/ssd1306" -O0 -ffunction-sections -fdata-sections -Wall -fstack-usage -fcyclomatic-complexity -MMD -MP -MF"Drivers/STM32L1xx_HAL_Driver/Src/stm32l1xx_hal_pwr_ex.d" -MT"Drivers/STM32L1xx_HAL_Driver/Src/stm32l1xx_hal_pwr_ex.o" --specs=nano.specs -mfloat-abi=soft -mthumb -o "Drivers/STM32L1xx_HAL_Driver/Src/stm32l1xx_hal_pwr_ex.o"
arm-none-eabi-gcc "../Drivers/STM32L1xx_HAL_Driver/Src/stm32l1xx_hal_rcc.c" -mcpu=cortex-m3 -std=gnu11 -g3 -DDEBUG -DUSE_HAL_DRIVER -DSTM32L152xE -c -I../Core/Inc -I../Drivers/STM32L1xx_HAL_Driver/Inc -I../Drivers/STM32L1xx_HAL_Driver/Inc/Legacy -I../Drivers/CMSIS/Device/ST/STM32L1xx/Include -I../Drivers/CMSIS/Include -I"C:/Users/HP/Documents/git/STM32/L152-RX-TX/Core/Inc/decadriver" -I"C:/Users/HP/Documents/git/STM32/L152-RX-TX/Core/Inc/platform" -I"C:/Users/HP/Documents/git/STM32/L152-RX-TX/Core/Inc/ssd1306" -O0 -ffunction-sections -fdata-sections -Wall -fstack-usage -fcyclomatic-complexity -MMD -MP -MF"Drivers/STM32L1xx_HAL_Driver/Src/stm32l1xx_hal_rcc.d" -MT"Drivers/STM32L1xx_HAL_Driver/Src/stm32l1xx_hal_rcc.o" --specs=nano.specs -mfloat-abi=soft -mthumb -o "Drivers/STM32L1xx_HAL_Driver/Src/stm32l1xx_hal_rcc.o"
arm-none-eabi-gcc "../Drivers/STM32L1xx_HAL_Driver/Src/stm32l1xx_hal_rcc_ex.c" -mcpu=cortex-m3 -std=gnu11 -g3 -DDEBUG -DUSE_HAL_DRIVER -DSTM32L152xE -c -I../Core/Inc -I../Drivers/STM32L1xx_HAL_Driver/Inc -I../Drivers/STM32L1xx_HAL_Driver/Inc/Legacy -I../Drivers/CMSIS/Device/ST/STM32L1xx/Include -I../Drivers/CMSIS/Include -I"C:/Users/HP/Documents/git/STM32/L152-RX-TX/Core/Inc/decadriver" -I"C:/Users/HP/Documents/git/STM32/L152-RX-TX/Core/Inc/platform" -I"C:/Users/HP/Documents/git/STM32/L152-RX-TX/Core/Inc/ssd1306" -O0 -ffunction-sections -fdata-sections -Wall -fstack-usage -fcyclomatic-complexity -MMD -MP -MF"Drivers/STM32L1xx_HAL_Driver/Src/stm32l1xx_hal_rcc_ex.d" -MT"Drivers/STM32L1xx_HAL_Driver/Src/stm32l1xx_hal_rcc_ex.o" --specs=nano.specs -mfloat-abi=soft -mthumb -o "Drivers/STM32L1xx_HAL_Driver/Src/stm32l1xx_hal_rcc_ex.o"
arm-none-eabi-gcc "../Drivers/STM32L1xx_HAL_Driver/Src/stm32l1xx_hal_spi.c" -mcpu=cortex-m3 -std=gnu11 -g3 -DDEBUG -DUSE_HAL_DRIVER -DSTM32L152xE -c -I../Core/Inc -I../Drivers/STM32L1xx_HAL_Driver/Inc -I../Drivers/STM32L1xx_HAL_Driver/Inc/Legacy -I../Drivers/CMSIS/Device/ST/STM32L1xx/Include -I../Drivers/CMSIS/Include -I"C:/Users/HP/Documents/git/STM32/L152-RX-TX/Core/Inc/decadriver" -I"C:/Users/HP/Documents/git/STM32/L152-RX-TX/Core/Inc/platform" -I"C:/Users/HP/Documents/git/STM32/L152-RX-TX/Core/Inc/ssd1306" -O0 -ffunction-sections -fdata-sections -Wall -fstack-usage -fcyclomatic-complexity -MMD -MP -MF"Drivers/STM32L1xx_HAL_Driver/Src/stm32l1xx_hal_spi.d" -MT"Drivers/STM32L1xx_HAL_Driver/Src/stm32l1xx_hal_spi.o" --specs=nano.specs -mfloat-abi=soft -mthumb -o "Drivers/STM32L1xx_HAL_Driver/Src/stm32l1xx_hal_spi.o"
arm-none-eabi-gcc "../Drivers/STM32L1xx_HAL_Driver/Src/stm32l1xx_hal_tim.c" -mcpu=cortex-m3 -std=gnu11 -g3 -DDEBUG -DUSE_HAL_DRIVER -DSTM32L152xE -c -I../Core/Inc -I../Drivers/STM32L1xx_HAL_Driver/Inc -I../Drivers/STM32L1xx_HAL_Driver/Inc/Legacy -I../Drivers/CMSIS/Device/ST/STM32L1xx/Include -I../Drivers/CMSIS/Include -I"C:/Users/HP/Documents/git/STM32/L152-RX-TX/Core/Inc/decadriver" -I"C:/Users/HP/Documents/git/STM32/L152-RX-TX/Core/Inc/platform" -I"C:/Users/HP/Documents/git/STM32/L152-RX-TX/Core/Inc/ssd1306" -O0 -ffunction-sections -fdata-sections -Wall -fstack-usage -fcyclomatic-complexity -MMD -MP -MF"Drivers/STM32L1xx_HAL_Driver/Src/stm32l1xx_hal_tim.d" -MT"Drivers/STM32L1xx_HAL_Driver/Src/stm32l1xx_hal_tim.o" --specs=nano.specs -mfloat-abi=soft -mthumb -o "Drivers/STM32L1xx_HAL_Driver/Src/stm32l1xx_hal_tim.o"
arm-none-eabi-gcc "../Drivers/STM32L1xx_HAL_Driver/Src/stm32l1xx_hal_tim_ex.c" -mcpu=cortex-m3 -std=gnu11 -g3 -DDEBUG -DUSE_HAL_DRIVER -DSTM32L152xE -c -I../Core/Inc -I../Drivers/STM32L1xx_HAL_Driver/Inc -I../Drivers/STM32L1xx_HAL_Driver/Inc/Legacy -I../Drivers/CMSIS/Device/ST/STM32L1xx/Include -I../Drivers/CMSIS/Include -I"C:/Users/HP/Documents/git/STM32/L152-RX-TX/Core/Inc/decadriver" -I"C:/Users/HP/Documents/git/STM32/L152-RX-TX/Core/Inc/platform" -I"C:/Users/HP/Documents/git/STM32/L152-RX-TX/Core/Inc/ssd1306" -O0 -ffunction-sections -fdata-sections -Wall -fstack-usage -fcyclomatic-complexity -MMD -MP -MF"Drivers/STM32L1xx_HAL_Driver/Src/stm32l1xx_hal_tim_ex.d" -MT"Drivers/STM32L1xx_HAL_Driver/Src/stm32l1xx_hal_tim_ex.o" --specs=nano.specs -mfloat-abi=soft -mthumb -o "Drivers/STM32L1xx_HAL_Driver/Src/stm32l1xx_hal_tim_ex.o"
arm-none-eabi-gcc "../Drivers/STM32L1xx_HAL_Driver/Src/stm32l1xx_hal_uart.c" -mcpu=cortex-m3 -std=gnu11 -g3 -DDEBUG -DUSE_HAL_DRIVER -DSTM32L152xE -c -I../Core/Inc -I../Drivers/STM32L1xx_HAL_Driver/Inc -I../Drivers/STM32L1xx_HAL_Driver/Inc/Legacy -I../Drivers/CMSIS/Device/ST/STM32L1xx/Include -I../Drivers/CMSIS/Include -I"C:/Users/HP/Documents/git/STM32/L152-RX-TX/Core/Inc/decadriver" -I"C:/Users/HP/Documents/git/STM32/L152-RX-TX/Core/Inc/platform" -I"C:/Users/HP/Documents/git/STM32/L152-RX-TX/Core/Inc/ssd1306" -O0 -ffunction-sections -fdata-sections -Wall -fstack-usage -fcyclomatic-complexity -MMD -MP -MF"Drivers/STM32L1xx_HAL_Driver/Src/stm32l1xx_hal_uart.d" -MT"Drivers/STM32L1xx_HAL_Driver/Src/stm32l1xx_hal_uart.o" --specs=nano.specs -mfloat-abi=soft -mthumb -o "Drivers/STM32L1xx_HAL_Driver/Src/stm32l1xx_hal_uart.o"
arm-none-eabi-gcc -mcpu=cortex-m3 -g3 -DDEBUG -c -I"C:/Users/HP/Documents/git/STM32/L152-RX-TX/Core/Inc/decadriver" -I"C:/Users/HP/Documents/git/STM32/L152-RX-TX/Core/Inc/platform" -I"C:/Users/HP/Documents/git/STM32/L152-RX-TX/Core/Inc/ssd1306" -x assembler-with-cpp -MMD -MP -MF"Core/Startup/startup_stm32l152retx.d" -MT"Core/Startup/startup_stm32l152retx.o" --specs=nano.specs -mfloat-abi=soft -mthumb -o "Core/Startup/startup_stm32l152retx.o" "../Core/Startup/startup_stm32l152retx.s"
arm-none-eabi-gcc "../Core/Src/gpio.c" -mcpu=cortex-m3 -std=gnu11 -g3 -DDEBUG -DUSE_HAL_DRIVER -DSTM32L152xE -c -I../Core/Inc -I../Drivers/STM32L1xx_HAL_Driver/Inc -I../Drivers/STM32L1xx_HAL_Driver/Inc/Legacy -I../Drivers/CMSIS/Device/ST/STM32L1xx/Include -I../Drivers/CMSIS/Include -I"C:/Users/HP/Documents/git/STM32/L152-RX-TX/Core/Inc/decadriver" -I"C:/Users/HP/Documents/git/STM32/L152-RX-TX/Core/Inc/platform" -I"C:/Users/HP/Documents/git/STM32/L152-RX-TX/Core/Inc/ssd1306" -O0 -ffunction-sections -fdata-sections -Wall -fstack-usage -fcyclomatic-complexity -MMD -MP -MF"Core/Src/gpio.d" -MT"Core/Src/gpio.o" --specs=nano.specs -mfloat-abi=soft -mthumb -o "Core/Src/gpio.o"
arm-none-eabi-gcc "../Core/Src/i2c.c" -mcpu=cortex-m3 -std=gnu11 -g3 -DDEBUG -DUSE_HAL_DRIVER -DSTM32L152xE -c -I../Core/Inc -I../Drivers/STM32L1xx_HAL_Driver/Inc -I../Drivers/STM32L1xx_HAL_Driver/Inc/Legacy -I../Drivers/CMSIS/Device/ST/STM32L1xx/Include -I../Drivers/CMSIS/Include -I"C:/Users/HP/Documents/git/STM32/L152-RX-TX/Core/Inc/decadriver" -I"C:/Users/HP/Documents/git/STM32/L152-RX-TX/Core/Inc/platform" -I"C:/Users/HP/Documents/git/STM32/L152-RX-TX/Core/Inc/ssd1306" -O0 -ffunction-sections -fdata-sections -Wall -fstack-usage -fcyclomatic-complexity -MMD -MP -MF"Core/Src/i2c.d" -MT"Core/Src/i2c.o" --specs=nano.specs -mfloat-abi=soft -mthumb -o "Core/Src/i2c.o"
arm-none-eabi-gcc "../Core/Src/main.c" -mcpu=cortex-m3 -std=gnu11 -g3 -DDEBUG -DUSE_HAL_DRIVER -DSTM32L152xE -c -I../Core/Inc -I../Drivers/STM32L1xx_HAL_Driver/Inc -I../Drivers/STM32L1xx_HAL_Driver/Inc/Legacy -I../Drivers/CMSIS/Device/ST/STM32L1xx/Include -I../Drivers/CMSIS/Include -I"C:/Users/HP/Documents/git/STM32/L152-RX-TX/Core/Inc/decadriver" -I"C:/Users/HP/Documents/git/STM32/L152-RX-TX/Core/Inc/platform" -I"C:/Users/HP/Documents/git/STM32/L152-RX-TX/Core/Inc/ssd1306" -O0 -ffunction-sections -fdata-sections -Wall -fstack-usage -fcyclomatic-complexity -MMD -MP -MF"Core/Src/main.d" -MT"Core/Src/main.o" --specs=nano.specs -mfloat-abi=soft -mthumb -o "Core/Src/main.o"
arm-none-eabi-gcc "../Core/Src/receive.c" -mcpu=cortex-m3 -std=gnu11 -g3 -DDEBUG -DUSE_HAL_DRIVER -DSTM32L152xE -c -I../Core/Inc -I../Drivers/STM32L1xx_HAL_Driver/Inc -I../Drivers/STM32L1xx_HAL_Driver/Inc/Legacy -I../Drivers/CMSIS/Device/ST/STM32L1xx/Include -I../Drivers/CMSIS/Include -I"C:/Users/HP/Documents/git/STM32/L152-RX-TX/Core/Inc/decadriver" -I"C:/Users/HP/Documents/git/STM32/L152-RX-TX/Core/Inc/platform" -I"C:/Users/HP/Documents/git/STM32/L152-RX-TX/Core/Inc/ssd1306" -O0 -ffunction-sections -fdata-sections -Wall -fstack-usage -fcyclomatic-complexity -MMD -MP -MF"Core/Src/receive.d" -MT"Core/Src/receive.o" --specs=nano.specs -mfloat-abi=soft -mthumb -o "Core/Src/receive.o"
arm-none-eabi-gcc "../Core/Src/spi.c" -mcpu=cortex-m3 -std=gnu11 -g3 -DDEBUG -DUSE_HAL_DRIVER -DSTM32L152xE -c -I../Core/Inc -I../Drivers/STM32L1xx_HAL_Driver/Inc -I../Drivers/STM32L1xx_HAL_Driver/Inc/Legacy -I../Drivers/CMSIS/Device/ST/STM32L1xx/Include -I../Drivers/CMSIS/Include -I"C:/Users/HP/Documents/git/STM32/L152-RX-TX/Core/Inc/decadriver" -I"C:/Users/HP/Documents/git/STM32/L152-RX-TX/Core/Inc/platform" -I"C:/Users/HP/Documents/git/STM32/L152-RX-TX/Core/Inc/ssd1306" -O0 -ffunction-sections -fdata-sections -Wall -fstack-usage -fcyclomatic-complexity -MMD -MP -MF"Core/Src/spi.d" -MT"Core/Src/spi.o" --specs=nano.specs -mfloat-abi=soft -mthumb -o "Core/Src/spi.o"
arm-none-eabi-gcc "../Core/Src/stm32l1xx_hal_msp.c" -mcpu=cortex-m3 -std=gnu11 -g3 -DDEBUG -DUSE_HAL_DRIVER -DSTM32L152xE -c -I../Core/Inc -I../Drivers/STM32L1xx_HAL_Driver/Inc -I../Drivers/STM32L1xx_HAL_Driver/Inc/Legacy -I../Drivers/CMSIS/Device/ST/STM32L1xx/Include -I../Drivers/CMSIS/Include -I"C:/Users/HP/Documents/git/STM32/L152-RX-TX/Core/Inc/decadriver" -I"C:/Users/HP/Documents/git/STM32/L152-RX-TX/Core/Inc/platform" -I"C:/Users/HP/Documents/git/STM32/L152-RX-TX/Core/Inc/ssd1306" -O0 -ffunction-sections -fdata-sections -Wall -fstack-usage -fcyclomatic-complexity -MMD -MP -MF"Core/Src/stm32l1xx_hal_msp.d" -MT"Core/Src/stm32l1xx_hal_msp.o" --specs=nano.specs -mfloat-abi=soft -mthumb -o "Core/Src/stm32l1xx_hal_msp.o"
arm-none-eabi-gcc "../Core/Src/stm32l1xx_it.c" -mcpu=cortex-m3 -std=gnu11 -g3 -DDEBUG -DUSE_HAL_DRIVER -DSTM32L152xE -c -I../Core/Inc -I../Drivers/STM32L1xx_HAL_Driver/Inc -I../Drivers/STM32L1xx_HAL_Driver/Inc/Legacy -I../Drivers/CMSIS/Device/ST/STM32L1xx/Include -I../Drivers/CMSIS/Include -I"C:/Users/HP/Documents/git/STM32/L152-RX-TX/Core/Inc/decadriver" -I"C:/Users/HP/Documents/git/STM32/L152-RX-TX/Core/Inc/platform" -I"C:/Users/HP/Documents/git/STM32/L152-RX-TX/Core/Inc/ssd1306" -O0 -ffunction-sections -fdata-sections -Wall -fstack-usage -fcyclomatic-complexity -MMD -MP -MF"Core/Src/stm32l1xx_it.d" -MT"Core/Src/stm32l1xx_it.o" --specs=nano.specs -mfloat-abi=soft -mthumb -o "Core/Src/stm32l1xx_it.o"
arm-none-eabi-gcc "../Core/Src/syscalls.c" -mcpu=cortex-m3 -std=gnu11 -g3 -DDEBUG -DUSE_HAL_DRIVER -DSTM32L152xE -c -I../Core/Inc -I../Drivers/STM32L1xx_HAL_Driver/Inc -I../Drivers/STM32L1xx_HAL_Driver/Inc/Legacy -I../Drivers/CMSIS/Device/ST/STM32L1xx/Include -I../Drivers/CMSIS/Include -I"C:/Users/HP/Documents/git/STM32/L152-RX-TX/Core/Inc/decadriver" -I"C:/Users/HP/Documents/git/STM32/L152-RX-TX/Core/Inc/platform" -I"C:/Users/HP/Documents/git/STM32/L152-RX-TX/Core/Inc/ssd1306" -O0 -ffunction-sections -fdata-sections -Wall -fstack-usage -fcyclomatic-complexity -MMD -MP -MF"Core/Src/syscalls.d" -MT"Core/Src/syscalls.o" --specs=nano.specs -mfloat-abi=soft -mthumb -o "Core/Src/syscalls.o"
arm-none-eabi-gcc "../Core/Src/sysmem.c" -mcpu=cortex-m3 -std=gnu11 -g3 -DDEBUG -DUSE_HAL_DRIVER -DSTM32L152xE -c -I../Core/Inc -I../Drivers/STM32L1xx_HAL_Driver/Inc -I../Drivers/STM32L1xx_HAL_Driver/Inc/Legacy -I../Drivers/CMSIS/Device/ST/STM32L1xx/Include -I../Drivers/CMSIS/Include -I"C:/Users/HP/Documents/git/STM32/L152-RX-TX/Core/Inc/decadriver" -I"C:/Users/HP/Documents/git/STM32/L152-RX-TX/Core/Inc/platform" -I"C:/Users/HP/Documents/git/STM32/L152-RX-TX/Core/Inc/ssd1306" -O0 -ffunction-sections -fdata-sections -Wall -fstack-usage -fcyclomatic-complexity -MMD -MP -MF"Core/Src/sysmem.d" -MT"Core/Src/sysmem.o" --specs=nano.specs -mfloat-abi=soft -mthumb -o "Core/Src/sysmem.o"
arm-none-eabi-gcc "../Core/Src/system_stm32l1xx.c" -mcpu=cortex-m3 -std=gnu11 -g3 -DDEBUG -DUSE_HAL_DRIVER -DSTM32L152xE -c -I../Core/Inc -I../Drivers/STM32L1xx_HAL_Driver/Inc -I../Drivers/STM32L1xx_HAL_Driver/Inc/Legacy -I../Drivers/CMSIS/Device/ST/STM32L1xx/Include -I../Drivers/CMSIS/Include -I"C:/Users/HP/Documents/git/STM32/L152-RX-TX/Core/Inc/decadriver" -I"C:/Users/HP/Documents/git/STM32/L152-RX-TX/Core/Inc/platform" -I"C:/Users/HP/Documents/git/STM32/L152-RX-TX/Core/Inc/ssd1306" -O0 -ffunction-sections -fdata-sections -Wall -fstack-usage -fcyclomatic-complexity -MMD -MP -MF"Core/Src/system_stm32l1xx.d" -MT"Core/Src/system_stm32l1xx.o" --specs=nano.specs -mfloat-abi=soft -mthumb -o "Core/Src/system_stm32l1xx.o"
arm-none-eabi-gcc "../Core/Src/usart.c" -mcpu=cortex-m3 -std=gnu11 -g3 -DDEBUG -DUSE_HAL_DRIVER -DSTM32L152xE -c -I../Core/Inc -I../Drivers/STM32L1xx_HAL_Driver/Inc -I../Drivers/STM32L1xx_HAL_Driver/Inc/Legacy -I../Drivers/CMSIS/Device/ST/STM32L1xx/Include -I../Drivers/CMSIS/Include -I"C:/Users/HP/Documents/git/STM32/L152-RX-TX/Core/Inc/decadriver" -I"C:/Users/HP/Documents/git/STM32/L152-RX-TX/Core/Inc/platform" -I"C:/Users/HP/Documents/git/STM32/L152-RX-TX/Core/Inc/ssd1306" -O0 -ffunction-sections -fdata-sections -Wall -fstack-usage -fcyclomatic-complexity -MMD -MP -MF"Core/Src/usart.d" -MT"Core/Src/usart.o" --specs=nano.specs -mfloat-abi=soft -mthumb -o "Core/Src/usart.o"
arm-none-eabi-gcc "../Core/Inc/ssd1306/fonts.c" -mcpu=cortex-m3 -std=gnu11 -g3 -DDEBUG -DUSE_HAL_DRIVER -DSTM32L152xE -c -I../Core/Inc -I../Drivers/STM32L1xx_HAL_Driver/Inc -I../Drivers/STM32L1xx_HAL_Driver/Inc/Legacy -I../Drivers/CMSIS/Device/ST/STM32L1xx/Include -I../Drivers/CMSIS/Include -I"C:/Users/HP/Documents/git/STM32/L152-RX-TX/Core/Inc/decadriver" -I"C:/Users/HP/Documents/git/STM32/L152-RX-TX/Core/Inc/platform" -I"C:/Users/HP/Documents/git/STM32/L152-RX-TX/Core/Inc/ssd1306" -O0 -ffunction-sections -fdata-sections -Wall -fstack-usage -fcyclomatic-complexity -MMD -MP -MF"Core/Inc/ssd1306/fonts.d" -MT"Core/Inc/ssd1306/fonts.o" --specs=nano.specs -mfloat-abi=soft -mthumb -o "Core/Inc/ssd1306/fonts.o"
arm-none-eabi-gcc "../Core/Inc/ssd1306/ssd1306.c" -mcpu=cortex-m3 -std=gnu11 -g3 -DDEBUG -DUSE_HAL_DRIVER -DSTM32L152xE -c -I../Core/Inc -I../Drivers/STM32L1xx_HAL_Driver/Inc -I../Drivers/STM32L1xx_HAL_Driver/Inc/Legacy -I../Drivers/CMSIS/Device/ST/STM32L1xx/Include -I../Drivers/CMSIS/Include -I"C:/Users/HP/Documents/git/STM32/L152-RX-TX/Core/Inc/decadriver" -I"C:/Users/HP/Documents/git/STM32/L152-RX-TX/Core/Inc/platform" -I"C:/Users/HP/Documents/git/STM32/L152-RX-TX/Core/Inc/ssd1306" -O0 -ffunction-sections -fdata-sections -Wall -fstack-usage -fcyclomatic-complexity -MMD -MP -MF"Core/Inc/ssd1306/ssd1306.d" -MT"Core/Inc/ssd1306/ssd1306.o" --specs=nano.specs -mfloat-abi=soft -mthumb -o "Core/Inc/ssd1306/ssd1306.o"
../Core/Src/receive.c: In function 'dw_main':
../Core/Src/receive.c:83:28: warning: pointer targets in passing argument 2 of 'HAL_UART_Transmit' differ in signedness [-Wpointer-sign]
   83 |  HAL_UART_Transmit(&huart2,buff, strlen(buff), 100);
      |                            ^~~~
      |                            |
      |                            char *
In file included from ../Core/Inc/stm32l1xx_hal_conf.h:269,
                 from ../Drivers/STM32L1xx_HAL_Driver/Inc/stm32l1xx_hal.h:29,
                 from ../Core/Inc/main.h:30,
                 from ../Core/Inc/gpio.h:29,
                 from C:/Users/HP/Documents/git/STM32/L152-RX-TX/Core/Inc/platform/port.h:25,
                 from ../Core/Src/receive.c:22:
../Drivers/STM32L1xx_HAL_Driver/Inc/stm32l1xx_hal_uart.h:745:79: note: expected 'const uint8_t *' {aka 'const unsigned char *'} but argument is of type 'char *'
  745 | HAL_StatusTypeDef HAL_UART_Transmit(UART_HandleTypeDef *huart, const uint8_t *pData, uint16_t Size, uint32_t Timeout);
      |                                                                ~~~~~~~~~~~~~~~^~~~~
../Core/Src/receive.c:84:16: warning: passing argument 1 of 'ssd1306_write' makes integer from pointer without a cast [-Wint-conversion]
   84 |  ssd1306_write(buff, Font_7x10);
      |                ^~~~
      |                |
      |                char *
In file included from ../Core/Src/receive.c:24:
C:/Users/HP/Documents/git/STM32/L152-RX-TX/Core/Inc/ssd1306/ssd1306.h:311:29: note: expected 'uint32_t' {aka 'long unsigned int'} but argument is of type 'char *'
  311 | void ssd1306_write(uint32_t buff, FontDef_t Font);
      |                    ~~~~~~~~~^~~~
../Core/Src/receive.c:92:32: warning: pointer targets in passing argument 2 of 'HAL_UART_Transmit' differ in signedness [-Wpointer-sign]
   92 |      HAL_UART_Transmit(&huart2,"Init failed!!!\n", 16, 100);
      |                                ^~~~~~~~~~~~~~~~~~
      |                                |
      |                                char *
In file included from ../Core/Inc/stm32l1xx_hal_conf.h:269,
                 from ../Drivers/STM32L1xx_HAL_Driver/Inc/stm32l1xx_hal.h:29,
                 from ../Core/Inc/main.h:30,
                 from ../Core/Inc/gpio.h:29,
                 from C:/Users/HP/Documents/git/STM32/L152-RX-TX/Core/Inc/platform/port.h:25,
                 from ../Core/Src/receive.c:22:
../Drivers/STM32L1xx_HAL_Driver/Inc/stm32l1xx_hal_uart.h:745:79: note: expected 'const uint8_t *' {aka 'const unsigned char *'} but argument is of type 'char *'
  745 | HAL_StatusTypeDef HAL_UART_Transmit(UART_HandleTypeDef *huart, const uint8_t *pData, uint16_t Size, uint32_t Timeout);
      |                                                                ~~~~~~~~~~~~~~~^~~~~
../Core/Src/receive.c:94:20: warning: passing argument 1 of 'ssd1306_write' makes integer from pointer without a cast [-Wint-conversion]
   94 |      ssd1306_write("INIT FAILED!!!", Font_7x10);
      |                    ^~~~~~~~~~~~~~~~
      |                    |
      |                    char *
In file included from ../Core/Src/receive.c:24:
C:/Users/HP/Documents/git/STM32/L152-RX-TX/Core/Inc/ssd1306/ssd1306.h:311:29: note: expected 'uint32_t' {aka 'long unsigned int'} but argument is of type 'char *'
  311 | void ssd1306_write(uint32_t buff, FontDef_t Font);
      |                    ~~~~~~~~~^~~~
../Core/Src/receive.c:108:43: warning: passing argument 1 of 'ssd1306_write' makes integer from pointer without a cast [-Wint-conversion]
  108 |      SSD1306_GotoXY(0, 0);  ssd1306_write("Received :", Font_7x10);
      |                                           ^~~~~~~~~~~~
      |                                           |
      |                                           char *
In file included from ../Core/Src/receive.c:24:
C:/Users/HP/Documents/git/STM32/L152-RX-TX/Core/Inc/ssd1306/ssd1306.h:311:29: note: expected 'uint32_t' {aka 'long unsigned int'} but argument is of type 'char *'
  311 | void ssd1306_write(uint32_t buff, FontDef_t Font);
      |                    ~~~~~~~~~^~~~
../Core/Src/receive.c:109:44: warning: passing argument 1 of 'ssd1306_write' makes integer from pointer without a cast [-Wint-conversion]
  109 |      SSD1306_GotoXY(0, 30);  ssd1306_write("Transmitted :", Font_7x10);
      |                                            ^~~~~~~~~~~~~~~
      |                                            |
      |                                            char *
In file included from ../Core/Src/receive.c:24:
C:/Users/HP/Documents/git/STM32/L152-RX-TX/Core/Inc/ssd1306/ssd1306.h:311:29: note: expected 'uint32_t' {aka 'long unsigned int'} but argument is of type 'char *'
  311 | void ssd1306_write(uint32_t buff, FontDef_t Font);
      |                    ~~~~~~~~~^~~~
../Core/Src/receive.c:127:13: warning: implicit declaration of function 'sprintf' [-Wimplicit-function-declaration]
  127 |             sprintf(buff, "Received : %s\n", rx_buffer);
      |             ^~~~~~~
../Core/Src/receive.c:127:13: warning: incompatible implicit declaration of built-in function 'sprintf'
../Core/Src/receive.c:26:1: note: include '<stdio.h>' or provide a declaration of 'sprintf'
   25 | #include "fonts.h"
  +++ |+#include <stdio.h>
   26 | 
../Core/Src/receive.c:128:39: warning: pointer targets in passing argument 2 of 'HAL_UART_Transmit' differ in signedness [-Wpointer-sign]
  128 |             HAL_UART_Transmit(&huart2,buff, sizeof(buff), 100);
      |                                       ^~~~
      |                                       |
      |                                       char *
In file included from ../Core/Inc/stm32l1xx_hal_conf.h:269,
                 from ../Drivers/STM32L1xx_HAL_Driver/Inc/stm32l1xx_hal.h:29,
                 from ../Core/Inc/main.h:30,
                 from ../Core/Inc/gpio.h:29,
                 from C:/Users/HP/Documents/git/STM32/L152-RX-TX/Core/Inc/platform/port.h:25,
                 from ../Core/Src/receive.c:22:
../Drivers/STM32L1xx_HAL_Driver/Inc/stm32l1xx_hal_uart.h:745:79: note: expected 'const uint8_t *' {aka 'const unsigned char *'} but argument is of type 'char *'
  745 | HAL_StatusTypeDef HAL_UART_Transmit(UART_HandleTypeDef *huart, const uint8_t *pData, uint16_t Size, uint32_t Timeout);
      |                                                                ~~~~~~~~~~~~~~~^~~~~
../Core/Src/receive.c:131:50: warning: passing argument 1 of 'ssd1306_write' makes integer from pointer without a cast [-Wint-conversion]
  131 |             SSD1306_GotoXY(0, 10); ssd1306_write(rx_buffer, Font_7x10);
      |                                                  ^~~~~~~~~
      |                                                  |
      |                                                  uint8 * {aka unsigned char *}
In file included from ../Core/Src/receive.c:24:
C:/Users/HP/Documents/git/STM32/L152-RX-TX/Core/Inc/ssd1306/ssd1306.h:311:29: note: expected 'uint32_t' {aka 'long unsigned int'} but argument is of type 'uint8 *' {aka 'unsigned char *'}
  311 | void ssd1306_write(uint32_t buff, FontDef_t Font);
      |                    ~~~~~~~~~^~~~
../Core/Src/receive.c:155:43: warning: pointer targets in passing argument 2 of 'HAL_UART_Transmit' differ in signedness [-Wpointer-sign]
  155 |                 HAL_UART_Transmit(&huart2,"Transmitted : ", 14, 100);
      |                                           ^~~~~~~~~~~~~~~~
      |                                           |
      |                                           char *
In file included from ../Core/Inc/stm32l1xx_hal_conf.h:269,
                 from ../Drivers/STM32L1xx_HAL_Driver/Inc/stm32l1xx_hal.h:29,
                 from ../Core/Inc/main.h:30,
                 from ../Core/Inc/gpio.h:29,
                 from C:/Users/HP/Documents/git/STM32/L152-RX-TX/Core/Inc/platform/port.h:25,
                 from ../Core/Src/receive.c:22:
../Drivers/STM32L1xx_HAL_Driver/Inc/stm32l1xx_hal_uart.h:745:79: note: expected 'const uint8_t *' {aka 'const unsigned char *'} but argument is of type 'char *'
  745 | HAL_StatusTypeDef HAL_UART_Transmit(UART_HandleTypeDef *huart, const uint8_t *pData, uint16_t Size, uint32_t Timeout);
      |                                                                ~~~~~~~~~~~~~~~^~~~~
../Core/Src/receive.c:157:43: warning: pointer targets in passing argument 2 of 'HAL_UART_Transmit' differ in signedness [-Wpointer-sign]
  157 |                 HAL_UART_Transmit(&huart2,"\n", 1, 100);
      |                                           ^~~~
      |                                           |
      |                                           char *
In file included from ../Core/Inc/stm32l1xx_hal_conf.h:269,
                 from ../Drivers/STM32L1xx_HAL_Driver/Inc/stm32l1xx_hal.h:29,
                 from ../Core/Inc/main.h:30,
                 from ../Core/Inc/gpio.h:29,
                 from C:/Users/HP/Documents/git/STM32/L152-RX-TX/Core/Inc/platform/port.h:25,
                 from ../Core/Src/receive.c:22:
../Drivers/STM32L1xx_HAL_Driver/Inc/stm32l1xx_hal_uart.h:745:79: note: expected 'const uint8_t *' {aka 'const unsigned char *'} but argument is of type 'char *'
  745 | HAL_StatusTypeDef HAL_UART_Transmit(UART_HandleTypeDef *huart, const uint8_t *pData, uint16_t Size, uint32_t Timeout);
      |                                                                ~~~~~~~~~~~~~~~^~~~~
../Core/Src/receive.c:159:54: warning: passing argument 1 of 'ssd1306_write' makes integer from pointer without a cast [-Wint-conversion]
  159 |                 SSD1306_GotoXY(0, 40); ssd1306_write(tx_msg, Font_7x10);
      |                                                      ^~~~~~
      |                                                      |
      |                                                      uint8 * {aka unsigned char *}
In file included from ../Core/Src/receive.c:24:
C:/Users/HP/Documents/git/STM32/L152-RX-TX/Core/Inc/ssd1306/ssd1306.h:311:29: note: expected 'uint32_t' {aka 'long unsigned int'} but argument is of type 'uint8 *' {aka 'unsigned char *'}
  311 | void ssd1306_write(uint32_t buff, FontDef_t Font);
      |                    ~~~~~~~~~^~~~
../Core/Src/receive.c:81:6: warning: unused variable 'le6n' [-Wunused-variable]
   81 |  int le6n = strlen(buff);
      |      ^~~~
../Core/Src/receive.c:127:39: warning: '%s' directive writing up to 126 bytes into a region of size 6 [-Wformat-overflow=]
  127 |             sprintf(buff, "Received : %s\n", rx_buffer);
      |                                       ^~     ~~~~~~~~~
../Core/Src/receive.c:127:13: note: 'sprintf' output between 13 and 139 bytes into a destination of size 17
  127 |             sprintf(buff, "Received : %s\n", rx_buffer);
      |             ^~~~~~~~~~~~~~~~~~~~~~~~~~~~~~~~~~~~~~~~~~~
arm-none-eabi-gcc "../Core/Inc/ssd1306/test.c" -mcpu=cortex-m3 -std=gnu11 -g3 -DDEBUG -DUSE_HAL_DRIVER -DSTM32L152xE -c -I../Core/Inc -I../Drivers/STM32L1xx_HAL_Driver/Inc -I../Drivers/STM32L1xx_HAL_Driver/Inc/Legacy -I../Drivers/CMSIS/Device/ST/STM32L1xx/Include -I../Drivers/CMSIS/Include -I"C:/Users/HP/Documents/git/STM32/L152-RX-TX/Core/Inc/decadriver" -I"C:/Users/HP/Documents/git/STM32/L152-RX-TX/Core/Inc/platform" -I"C:/Users/HP/Documents/git/STM32/L152-RX-TX/Core/Inc/ssd1306" -O0 -ffunction-sections -fdata-sections -Wall -fstack-usage -fcyclomatic-complexity -MMD -MP -MF"Core/Inc/ssd1306/test.d" -MT"Core/Inc/ssd1306/test.o" --specs=nano.specs -mfloat-abi=soft -mthumb -o "Core/Inc/ssd1306/test.o"
arm-none-eabi-gcc "../Core/Inc/platform/deca_mutex.c" -mcpu=cortex-m3 -std=gnu11 -g3 -DDEBUG -DUSE_HAL_DRIVER -DSTM32L152xE -c -I../Core/Inc -I../Drivers/STM32L1xx_HAL_Driver/Inc -I../Drivers/STM32L1xx_HAL_Driver/Inc/Legacy -I../Drivers/CMSIS/Device/ST/STM32L1xx/Include -I../Drivers/CMSIS/Include -I"C:/Users/HP/Documents/git/STM32/L152-RX-TX/Core/Inc/decadriver" -I"C:/Users/HP/Documents/git/STM32/L152-RX-TX/Core/Inc/platform" -I"C:/Users/HP/Documents/git/STM32/L152-RX-TX/Core/Inc/ssd1306" -O0 -ffunction-sections -fdata-sections -Wall -fstack-usage -fcyclomatic-complexity -MMD -MP -MF"Core/Inc/platform/deca_mutex.d" -MT"Core/Inc/platform/deca_mutex.o" --specs=nano.specs -mfloat-abi=soft -mthumb -o "Core/Inc/platform/deca_mutex.o"
../Core/Inc/ssd1306/ssd1306.c: In function 'ssd1306_write':
../Core/Inc/ssd1306/ssd1306.c:663:15: warning: passing argument 1 of 'SSD1306_Puts' makes pointer from integer without a cast [-Wint-conversion]
  663 |  SSD1306_Puts(buff, &Font, 1);
      |               ^~~~
      |               |
      |               uint32_t {aka long unsigned int}
../Core/Inc/ssd1306/ssd1306.c:319:25: note: expected 'char *' but argument is of type 'uint32_t' {aka 'long unsigned int'}
  319 | char SSD1306_Puts(char* str, FontDef_t* Font, SSD1306_COLOR_t color) {
      |                   ~~~~~~^~~
arm-none-eabi-gcc "../Core/Inc/platform/deca_range_tables.c" -mcpu=cortex-m3 -std=gnu11 -g3 -DDEBUG -DUSE_HAL_DRIVER -DSTM32L152xE -c -I../Core/Inc -I../Drivers/STM32L1xx_HAL_Driver/Inc -I../Drivers/STM32L1xx_HAL_Driver/Inc/Legacy -I../Drivers/CMSIS/Device/ST/STM32L1xx/Include -I../Drivers/CMSIS/Include -I"C:/Users/HP/Documents/git/STM32/L152-RX-TX/Core/Inc/decadriver" -I"C:/Users/HP/Documents/git/STM32/L152-RX-TX/Core/Inc/platform" -I"C:/Users/HP/Documents/git/STM32/L152-RX-TX/Core/Inc/ssd1306" -O0 -ffunction-sections -fdata-sections -Wall -fstack-usage -fcyclomatic-complexity -MMD -MP -MF"Core/Inc/platform/deca_range_tables.d" -MT"Core/Inc/platform/deca_range_tables.o" --specs=nano.specs -mfloat-abi=soft -mthumb -o "Core/Inc/platform/deca_range_tables.o"
arm-none-eabi-gcc "../Core/Inc/platform/deca_sleep.c" -mcpu=cortex-m3 -std=gnu11 -g3 -DDEBUG -DUSE_HAL_DRIVER -DSTM32L152xE -c -I../Core/Inc -I../Drivers/STM32L1xx_HAL_Driver/Inc -I../Drivers/STM32L1xx_HAL_Driver/Inc/Legacy -I../Drivers/CMSIS/Device/ST/STM32L1xx/Include -I../Drivers/CMSIS/Include -I"C:/Users/HP/Documents/git/STM32/L152-RX-TX/Core/Inc/decadriver" -I"C:/Users/HP/Documents/git/STM32/L152-RX-TX/Core/Inc/platform" -I"C:/Users/HP/Documents/git/STM32/L152-RX-TX/Core/Inc/ssd1306" -O0 -ffunction-sections -fdata-sections -Wall -fstack-usage -fcyclomatic-complexity -MMD -MP -MF"Core/Inc/platform/deca_sleep.d" -MT"Core/Inc/platform/deca_sleep.o" --specs=nano.specs -mfloat-abi=soft -mthumb -o "Core/Inc/platform/deca_sleep.o"
arm-none-eabi-gcc "../Core/Inc/platform/deca_spi.c" -mcpu=cortex-m3 -std=gnu11 -g3 -DDEBUG -DUSE_HAL_DRIVER -DSTM32L152xE -c -I../Core/Inc -I../Drivers/STM32L1xx_HAL_Driver/Inc -I../Drivers/STM32L1xx_HAL_Driver/Inc/Legacy -I../Drivers/CMSIS/Device/ST/STM32L1xx/Include -I../Drivers/CMSIS/Include -I"C:/Users/HP/Documents/git/STM32/L152-RX-TX/Core/Inc/decadriver" -I"C:/Users/HP/Documents/git/STM32/L152-RX-TX/Core/Inc/platform" -I"C:/Users/HP/Documents/git/STM32/L152-RX-TX/Core/Inc/ssd1306" -O0 -ffunction-sections -fdata-sections -Wall -fstack-usage -fcyclomatic-complexity -MMD -MP -MF"Core/Inc/platform/deca_spi.d" -MT"Core/Inc/platform/deca_spi.o" --specs=nano.specs -mfloat-abi=soft -mthumb -o "Core/Inc/platform/deca_spi.o"
arm-none-eabi-gcc "../Core/Inc/platform/port.c" -mcpu=cortex-m3 -std=gnu11 -g3 -DDEBUG -DUSE_HAL_DRIVER -DSTM32L152xE -c -I../Core/Inc -I../Drivers/STM32L1xx_HAL_Driver/Inc -I../Drivers/STM32L1xx_HAL_Driver/Inc/Legacy -I../Drivers/CMSIS/Device/ST/STM32L1xx/Include -I../Drivers/CMSIS/Include -I"C:/Users/HP/Documents/git/STM32/L152-RX-TX/Core/Inc/decadriver" -I"C:/Users/HP/Documents/git/STM32/L152-RX-TX/Core/Inc/platform" -I"C:/Users/HP/Documents/git/STM32/L152-RX-TX/Core/Inc/ssd1306" -O0 -ffunction-sections -fdata-sections -Wall -fstack-usage -fcyclomatic-complexity -MMD -MP -MF"Core/Inc/platform/port.d" -MT"Core/Inc/platform/port.o" --specs=nano.specs -mfloat-abi=soft -mthumb -o "Core/Inc/platform/port.o"
arm-none-eabi-gcc "../Core/Inc/decadriver/deca_device.c" -mcpu=cortex-m3 -std=gnu11 -g3 -DDEBUG -DUSE_HAL_DRIVER -DSTM32L152xE -c -I../Core/Inc -I../Drivers/STM32L1xx_HAL_Driver/Inc -I../Drivers/STM32L1xx_HAL_Driver/Inc/Legacy -I../Drivers/CMSIS/Device/ST/STM32L1xx/Include -I../Drivers/CMSIS/Include -I"C:/Users/HP/Documents/git/STM32/L152-RX-TX/Core/Inc/decadriver" -I"C:/Users/HP/Documents/git/STM32/L152-RX-TX/Core/Inc/platform" -I"C:/Users/HP/Documents/git/STM32/L152-RX-TX/Core/Inc/ssd1306" -O0 -ffunction-sections -fdata-sections -Wall -fstack-usage -fcyclomatic-complexity -MMD -MP -MF"Core/Inc/decadriver/deca_device.d" -MT"Core/Inc/decadriver/deca_device.o" --specs=nano.specs -mfloat-abi=soft -mthumb -o "Core/Inc/decadriver/deca_device.o"
arm-none-eabi-gcc "../Core/Inc/decadriver/deca_params_init.c" -mcpu=cortex-m3 -std=gnu11 -g3 -DDEBUG -DUSE_HAL_DRIVER -DSTM32L152xE -c -I../Core/Inc -I../Drivers/STM32L1xx_HAL_Driver/Inc -I../Drivers/STM32L1xx_HAL_Driver/Inc/Legacy -I../Drivers/CMSIS/Device/ST/STM32L1xx/Include -I../Drivers/CMSIS/Include -I"C:/Users/HP/Documents/git/STM32/L152-RX-TX/Core/Inc/decadriver" -I"C:/Users/HP/Documents/git/STM32/L152-RX-TX/Core/Inc/platform" -I"C:/Users/HP/Documents/git/STM32/L152-RX-TX/Core/Inc/ssd1306" -O0 -ffunction-sections -fdata-sections -Wall -fstack-usage -fcyclomatic-complexity -MMD -MP -MF"Core/Inc/decadriver/deca_params_init.d" -MT"Core/Inc/decadriver/deca_params_init.o" --specs=nano.specs -mfloat-abi=soft -mthumb -o "Core/Inc/decadriver/deca_params_init.o"
../Core/Inc/platform/deca_spi.c: In function 'readfromspi':
../Core/Inc/platform/deca_spi.c:105:34: warning: passing argument 2 of 'HAL_SPI_Transmit' discards 'const' qualifier from pointer target type [-Wdiscarded-qualifiers]
  105 |         HAL_SPI_Transmit(&hspi1, &headerBuffer[i], 1, HAL_MAX_DELAY); //No timeout
      |                                  ^~~~~~~~~~~~~~~~
In file included from ../Core/Inc/stm32l1xx_hal_conf.h:261,
                 from ../Drivers/STM32L1xx_HAL_Driver/Inc/stm32l1xx_hal.h:29,
                 from ../Core/Inc/main.h:30,
                 from ../Core/Inc/gpio.h:29,
                 from ../Core/Inc/platform/port.h:25,
                 from ../Core/Inc/platform/deca_spi.c:16:
../Drivers/STM32L1xx_HAL_Driver/Inc/stm32l1xx_hal_spi.h:686:70: note: expected 'uint8_t *' {aka 'unsigned char *'} but argument is of type 'const uint8_t *' {aka 'const unsigned char *'}
  686 | HAL_StatusTypeDef HAL_SPI_Transmit(SPI_HandleTypeDef *hspi, uint8_t *pData, uint16_t Size, uint32_t Timeout);
      |                                                             ~~~~~~~~~^~~~~
../Core/Inc/platform/port.c: In function 'port_wakeup_dw1000_fast':
../Core/Inc/platform/port.c:336:5: warning: implicit declaration of function 'usleep'; did you mean 'Sleep'? [-Wimplicit-function-declaration]
  336 |     usleep(35);
      |     ^~~~~~
      |     Sleep
../Core/Inc/platform/port.c: In function 'process_deca_irq':
../Core/Inc/platform/port.c:436:9: warning: implicit declaration of function 'port_deca_isr'; did you mean 'port_set_deca_isr'? [-Wimplicit-function-declaration]
  436 |         port_deca_isr();
      |         ^~~~~~~~~~~~~
      |         port_set_deca_isr
../Core/Inc/platform/port.c: At top level:
../Core/Inc/platform/port.c:506:55: warning: "/*" within comment [-Wcomment]
  506 | //static char     rbuf[REPORT_BUFSIZE];               /**< circular report buffer, data to be transmitted in flush_report_buff() Thread */
      |                                                        
arm-none-eabi-gcc -o "L152-RX-TX.elf" @"objects.list"   -mcpu=cortex-m3 -T"C:\Users\HP\Documents\git\STM32\L152-RX-TX\STM32L152RETX_FLASH.ld" --specs=nosys.specs -Wl,-Map="L152-RX-TX.map" -Wl,--gc-sections -static --specs=nano.specs -mfloat-abi=soft -mthumb -Wl,--start-group -lc -lm -Wl,--end-group
Finished building target: L152-RX-TX.elf
 
arm-none-eabi-size   L152-RX-TX.elf 
arm-none-eabi-objdump -h -S  L152-RX-TX.elf  > "L152-RX-TX.list"
   text	   data	    bss	    dec	    hex	filename
  33016	    188	   3060	  36264	   8da8	L152-RX-TX.elf
Finished building: default.size.stdout
 
Finished building: L152-RX-TX.list
 

11:53:46 Build Finished. 0 errors, 20 warnings. (took 1s.516ms)

